C:/Users/Gothmog/Desktop/STAGE_PROGS/FP-AI-VISION1_CC/FP-AI-VISION1_V3.0.0/Projects/STM32H747I-DISCO/Applications/Common/CM7/Src/audio_play.c:366:9:AUDIO_Process.part.0	16	static,ignoring_inline_asm
C:/Users/Gothmog/Desktop/STAGE_PROGS/FP-AI-VISION1_CC/FP-AI-VISION1_V3.0.0/Projects/STM32H747I-DISCO/Applications/Common/CM7/Src/audio_play.c:94:6:AudioPlay_demo	16	static
C:/Users/Gothmog/Desktop/STAGE_PROGS/FP-AI-VISION1_CC/FP-AI-VISION1_V3.0.0/Projects/STM32H747I-DISCO/Applications/Common/CM7/Src/audio_play.c:339:20:AUDIO_Start	16	static
C:/Users/Gothmog/Desktop/STAGE_PROGS/FP-AI-VISION1_CC/FP-AI-VISION1_V3.0.0/Projects/STM32H747I-DISCO/Applications/Common/CM7/Src/audio_play.c:366:9:AUDIO_Process	0	static
C:/Users/Gothmog/Desktop/STAGE_PROGS/FP-AI-VISION1_CC/FP-AI-VISION1_V3.0.0/Projects/STM32H747I-DISCO/Applications/Common/CM7/Src/audio_play.c:456:6:BSP_AUDIO_OUT_TransferComplete_CallBack	0	static
C:/Users/Gothmog/Desktop/STAGE_PROGS/FP-AI-VISION1_CC/FP-AI-VISION1_V3.0.0/Projects/STM32H747I-DISCO/Applications/Common/CM7/Src/audio_play.c:471:6:BSP_AUDIO_OUT_HalfTransfer_CallBack	0	static
C:/Users/Gothmog/Desktop/STAGE_PROGS/FP-AI-VISION1_CC/FP-AI-VISION1_V3.0.0/Projects/STM32H747I-DISCO/Applications/Common/CM7/Src/audio_play.c:486:6:BSP_AUDIO_OUT_Error_CallBack	0	static
