C:/Users/Gothmog/Desktop/STAGE_PROGS/FP-AI-VISION1_CC/FP-AI-VISION1_V3.0.0/Projects/STM32H747I-DISCO/Applications/Common/CM7/Src/fp_vision_utils.c:81:6:UTILS_Init	8	static
C:/Users/Gothmog/Desktop/STAGE_PROGS/FP-AI-VISION1_CC/FP-AI-VISION1_V3.0.0/Projects/STM32H747I-DISCO/Applications/Common/CM7/Src/fp_vision_utils.c:103:10:UTILS_GetTimeStamp	0	static
C:/Users/Gothmog/Desktop/STAGE_PROGS/FP-AI-VISION1_CC/FP-AI-VISION1_V3.0.0/Projects/STM32H747I-DISCO/Applications/Common/CM7/Src/fp_vision_utils.c:123:6:UTILS_Dma2d_Memcpy	56	static
C:/Users/Gothmog/Desktop/STAGE_PROGS/FP-AI-VISION1_CC/FP-AI-VISION1_V3.0.0/Projects/STM32H747I-DISCO/Applications/Common/CM7/Src/fp_vision_utils.c:171:6:UTILS_Joystick_Check	16	static
C:/Users/Gothmog/Desktop/STAGE_PROGS/FP-AI-VISION1_CC/FP-AI-VISION1_V3.0.0/Projects/STM32H747I-DISCO/Applications/Common/CM7/Src/fp_vision_utils.c:255:6:UTILS_DCache_Coherency_Maintenance	0	static,ignoring_inline_asm
C:/Users/Gothmog/Desktop/STAGE_PROGS/FP-AI-VISION1_CC/FP-AI-VISION1_V3.0.0/Projects/STM32H747I-DISCO/Applications/Common/CM7/Src/fp_vision_utils.c:277:6:UTILS_Bubblesort	16	static
C:/Users/Gothmog/Desktop/STAGE_PROGS/FP-AI-VISION1_CC/FP-AI-VISION1_V3.0.0/Projects/STM32H747I-DISCO/Applications/Common/CM7/Src/fp_vision_utils.c:303:6:UTILS_Compute_ExecutionTiming	8	static
