C:/Users/Gothmog/Desktop/STAGE_PROGS/FP-AI-VISION1_CC/FP-AI-VISION1_V3.0.0/Projects/STM32H747I-DISCO/Applications/Common/CM7/Src/fp_vision_display.c:75:6:DISPLAY_Init	40	static
C:/Users/Gothmog/Desktop/STAGE_PROGS/FP-AI-VISION1_CC/FP-AI-VISION1_V3.0.0/Projects/STM32H747I-DISCO/Applications/Common/CM7/Src/fp_vision_display.c:119:5:DISPLAY_WelcomeScreen	48	static
C:/Users/Gothmog/Desktop/STAGE_PROGS/FP-AI-VISION1_CC/FP-AI-VISION1_V3.0.0/Projects/STM32H747I-DISCO/Applications/Common/CM7/Src/fp_vision_display.c:162:6:DISPLAY_FoodLogo	40	static
C:/Users/Gothmog/Desktop/STAGE_PROGS/FP-AI-VISION1_CC/FP-AI-VISION1_V3.0.0/Projects/STM32H747I-DISCO/Applications/Common/CM7/Src/fp_vision_display.c:177:6:DISPLAY_DrawBBox	24	static
C:/Users/Gothmog/Desktop/STAGE_PROGS/FP-AI-VISION1_CC/FP-AI-VISION1_V3.0.0/Projects/STM32H747I-DISCO/Applications/Common/CM7/Src/fp_vision_display.c:201:6:DISPLAY_Refresh	40	static
C:/Users/Gothmog/Desktop/STAGE_PROGS/FP-AI-VISION1_CC/FP-AI-VISION1_V3.0.0/Projects/STM32H747I-DISCO/Applications/Common/CM7/Src/fp_vision_display.c:228:6:DISPLAY_Copy2LCDWriteBuffer	40	static
C:/Users/Gothmog/Desktop/STAGE_PROGS/FP-AI-VISION1_CC/FP-AI-VISION1_V3.0.0/Projects/STM32H747I-DISCO/Applications/Common/CM7/Src/fp_vision_display.c:240:6:DISPLAY_CameraCaptureBuffer	36	static
C:/Users/Gothmog/Desktop/STAGE_PROGS/FP-AI-VISION1_CC/FP-AI-VISION1_V3.0.0/Projects/STM32H747I-DISCO/Applications/Common/CM7/Src/fp_vision_display.c:284:6:HAL_LTDC_ReloadEventCallback	0	static
