C:/Users/Gothmog/Desktop/STAGE_PROGS/FP-AI-VISION1_CC/FP-AI-VISION1_V3.0.0/Projects/STM32H747I-DISCO/Applications/Common/CM7/Src/sd_diskio.c:84:9:SD_initialize	8	static
C:/Users/Gothmog/Desktop/STAGE_PROGS/FP-AI-VISION1_CC/FP-AI-VISION1_V3.0.0/Projects/STM32H747I-DISCO/Applications/Common/CM7/Src/sd_diskio.c:105:9:SD_status	8	static
C:/Users/Gothmog/Desktop/STAGE_PROGS/FP-AI-VISION1_CC/FP-AI-VISION1_V3.0.0/Projects/STM32H747I-DISCO/Applications/Common/CM7/Src/sd_diskio.c:118:9:SD_read	8	static
C:/Users/Gothmog/Desktop/STAGE_PROGS/FP-AI-VISION1_CC/FP-AI-VISION1_V3.0.0/Projects/STM32H747I-DISCO/Applications/Common/CM7/Src/sd_diskio.c:172:9:SD_ioctl	56	static
C:/Users/Gothmog/Desktop/STAGE_PROGS/FP-AI-VISION1_CC/FP-AI-VISION1_V3.0.0/Projects/STM32H747I-DISCO/Applications/Common/CM7/Src/sd_diskio.c:145:9:SD_write	8	static
