stm32h7xx_hal_sd.c:3344:17:SD_FindSCR	64	static
stm32h7xx_hal_sd.c:3509:10:SD_HighSpeed	120	static
stm32h7xx_hal_sd.c:604:13:HAL_SD_MspInit	0	static
stm32h7xx_hal_sd.c:619:13:HAL_SD_MspDeInit	0	static
stm32h7xx_hal_sd.c:660:19:HAL_SD_ReadBlocks	56	static
stm32h7xx_hal_sd.c:842:19:HAL_SD_WriteBlocks	64	static
stm32h7xx_hal_sd.c:1025:19:HAL_SD_ReadBlocks_IT	48	static
stm32h7xx_hal_sd.c:1118:19:HAL_SD_WriteBlocks_IT	48	static
stm32h7xx_hal_sd.c:1213:19:HAL_SD_ReadBlocks_DMA	48	static
stm32h7xx_hal_sd.c:1311:19:HAL_SD_WriteBlocks_DMA	48	static
stm32h7xx_hal_sd.c:1406:19:HAL_SD_Erase	32	static
stm32h7xx_hal_sd.c:1742:21:HAL_SD_GetState	0	static
stm32h7xx_hal_sd.c:1753:10:HAL_SD_GetError	0	static
stm32h7xx_hal_sd.c:1763:13:HAL_SD_TxCpltCallback	0	static
stm32h7xx_hal_sd.c:1778:13:HAL_SD_RxCpltCallback	0	static
stm32h7xx_hal_sd.c:1793:13:HAL_SD_ErrorCallback	0	static
stm32h7xx_hal_sd.c:1808:13:HAL_SD_AbortCallback	0	static
stm32h7xx_hal_sd.c:1824:14:HAL_SD_DriveTransceiver_1_8V_Callback	0	static
stm32h7xx_hal_sd.c:547:19:HAL_SD_DeInit	8	static
stm32h7xx_hal_sd.c:3620:17:SD_UltraHighSpeed	120	static
stm32h7xx_hal_sd.c:2137:19:HAL_SD_GetCardCID	12	static
stm32h7xx_hal_sd.c:2170:19:HAL_SD_GetCardCSD	20	static
stm32h7xx_hal_sd.c:464:19:HAL_SD_InitCard	120	static
stm32h7xx_hal_sd.c:2284:19:HAL_SD_GetCardStatus	120	static
stm32h7xx_hal_sd.c:2348:19:HAL_SD_GetCardInfo	8	static
stm32h7xx_hal_sd.c:2373:19:HAL_SD_ConfigWideBusOperation	56	static
stm32h7xx_hal_sd.c:334:19:HAL_SD_Init	48	static
stm32h7xx_hal_sd.c:2481:19:HAL_SD_ConfigSpeedBusOperation	120	static
stm32h7xx_hal_sd.c:2732:25:HAL_SD_GetCardState	8	static
stm32h7xx_hal_sd.c:2755:19:HAL_SD_Abort	24	static
stm32h7xx_hal_sd.c:2792:19:HAL_SD_Abort_IT	16	static
stm32h7xx_hal_sd.c:3875:13:HAL_SDEx_Read_DMADoubleBuf0CpltCallback	0	static
stm32h7xx_hal_sd.c:3890:13:HAL_SDEx_Read_DMADoubleBuf1CpltCallback	0	static
stm32h7xx_hal_sd.c:3905:13:HAL_SDEx_Write_DMADoubleBuf0CpltCallback	0	static
stm32h7xx_hal_sd.c:3920:13:HAL_SDEx_Write_DMADoubleBuf1CpltCallback	0	static
stm32h7xx_hal_sd.c:1508:6:HAL_SD_IRQHandler	32	static
