C:/Users/Gothmog/Desktop/STAGE_PROGS/FP-AI-VISION1_CC/FP-AI-VISION1_V3.0.0/Drivers/BSP/STM32H747I-Discovery/stm32h747i_discovery_lcd.c:1024:9:BSP_LCD_SetActiveLayer	0	static
C:/Users/Gothmog/Desktop/STAGE_PROGS/FP-AI-VISION1_CC/FP-AI-VISION1_V3.0.0/Drivers/BSP/STM32H747I-Discovery/stm32h747i_discovery_lcd.c:1045:9:BSP_LCD_GetPixelFormat	0	static
C:/Users/Gothmog/Desktop/STAGE_PROGS/FP-AI-VISION1_CC/FP-AI-VISION1_V3.0.0/Drivers/BSP/STM32H747I-Discovery/stm32h747i_discovery_lcd.c:1303:9:BSP_LCD_GetXSize	0	static
C:/Users/Gothmog/Desktop/STAGE_PROGS/FP-AI-VISION1_CC/FP-AI-VISION1_V3.0.0/Drivers/BSP/STM32H747I-Discovery/stm32h747i_discovery_lcd.c:1325:9:BSP_LCD_GetYSize	0	static
C:/Users/Gothmog/Desktop/STAGE_PROGS/FP-AI-VISION1_CC/FP-AI-VISION1_V3.0.0/Drivers/BSP/STM32H747I-Discovery/stm32h747i_discovery_lcd.c:1638:9:BSP_LCD_ReadPixel	12	static
C:/Users/Gothmog/Desktop/STAGE_PROGS/FP-AI-VISION1_CC/FP-AI-VISION1_V3.0.0/Drivers/BSP/STM32H747I-Discovery/stm32h747i_discovery_lcd.c:1662:9:BSP_LCD_WritePixel	12	static
C:/Users/Gothmog/Desktop/STAGE_PROGS/FP-AI-VISION1_CC/FP-AI-VISION1_V3.0.0/Drivers/BSP/STM32H747I-Discovery/stm32h747i_discovery_lcd.c:1937:16:DSI_IO_Read	24	static
C:/Users/Gothmog/Desktop/STAGE_PROGS/FP-AI-VISION1_CC/FP-AI-VISION1_V3.0.0/Drivers/BSP/STM32H747I-Discovery/stm32h747i_discovery_lcd.c:1455:9:BSP_LCD_DrawBitmap	56	static
C:/Users/Gothmog/Desktop/STAGE_PROGS/FP-AI-VISION1_CC/FP-AI-VISION1_V3.0.0/Drivers/BSP/STM32H747I-Discovery/stm32h747i_discovery_lcd.c:1590:9:BSP_LCD_DrawVLine	56	static
C:/Users/Gothmog/Desktop/STAGE_PROGS/FP-AI-VISION1_CC/FP-AI-VISION1_V3.0.0/Drivers/BSP/STM32H747I-Discovery/stm32h747i_discovery_lcd.c:1907:16:DSI_IO_Write	24	static
C:/Users/Gothmog/Desktop/STAGE_PROGS/FP-AI-VISION1_CC/FP-AI-VISION1_V3.0.0/Drivers/BSP/STM32H747I-Discovery/stm32h747i_discovery_lcd.c:1518:9:BSP_LCD_FillRGBRect	36	static
C:/Users/Gothmog/Desktop/STAGE_PROGS/FP-AI-VISION1_CC/FP-AI-VISION1_V3.0.0/Drivers/BSP/STM32H747I-Discovery/stm32h747i_discovery_lcd.c:1617:9:BSP_LCD_FillRect	48	static
C:/Users/Gothmog/Desktop/STAGE_PROGS/FP-AI-VISION1_CC/FP-AI-VISION1_V3.0.0/Drivers/BSP/STM32H747I-Discovery/stm32h747i_discovery_lcd.c:1564:9:BSP_LCD_DrawHLine	48	static
C:/Users/Gothmog/Desktop/STAGE_PROGS/FP-AI-VISION1_CC/FP-AI-VISION1_V3.0.0/Drivers/BSP/STM32H747I-Discovery/stm32h747i_discovery_lcd.c:380:9:BSP_LCD_DeInit	8	static
C:/Users/Gothmog/Desktop/STAGE_PROGS/FP-AI-VISION1_CC/FP-AI-VISION1_V3.0.0/Drivers/BSP/STM32H747I-Discovery/stm32h747i_discovery_lcd.c:636:6:BSP_LCD_Reset	40	static
C:/Users/Gothmog/Desktop/STAGE_PROGS/FP-AI-VISION1_CC/FP-AI-VISION1_V3.0.0/Drivers/BSP/STM32H747I-Discovery/stm32h747i_discovery_lcd.c:724:26:MX_DSIHOST_DSI_Init	152	static
C:/Users/Gothmog/Desktop/STAGE_PROGS/FP-AI-VISION1_CC/FP-AI-VISION1_V3.0.0/Drivers/BSP/STM32H747I-Discovery/stm32h747i_discovery_lcd.c:790:26:MX_LTDC_Init	4	static
C:/Users/Gothmog/Desktop/STAGE_PROGS/FP-AI-VISION1_CC/FP-AI-VISION1_V3.0.0/Drivers/BSP/STM32H747I-Discovery/stm32h747i_discovery_lcd.c:821:26:MX_LTDC_ConfigLayer	64	static
C:/Users/Gothmog/Desktop/STAGE_PROGS/FP-AI-VISION1_CC/FP-AI-VISION1_V3.0.0/Drivers/BSP/STM32H747I-Discovery/stm32h747i_discovery_lcd.c:849:26:MX_LTDC_ClockConfig	200	static
C:/Users/Gothmog/Desktop/STAGE_PROGS/FP-AI-VISION1_CC/FP-AI-VISION1_V3.0.0/Drivers/BSP/STM32H747I-Discovery/stm32h747i_discovery_lcd.c:233:9:BSP_LCD_InitEx	120	static
C:/Users/Gothmog/Desktop/STAGE_PROGS/FP-AI-VISION1_CC/FP-AI-VISION1_V3.0.0/Drivers/BSP/STM32H747I-Discovery/stm32h747i_discovery_lcd.c:219:9:BSP_LCD_Init	16	static
C:/Users/Gothmog/Desktop/STAGE_PROGS/FP-AI-VISION1_CC/FP-AI-VISION1_V3.0.0/Drivers/BSP/STM32H747I-Discovery/stm32h747i_discovery_lcd.c:871:26:MX_LTDC_ClockConfig2	200	static
C:/Users/Gothmog/Desktop/STAGE_PROGS/FP-AI-VISION1_CC/FP-AI-VISION1_V3.0.0/Drivers/BSP/STM32H747I-Discovery/stm32h747i_discovery_lcd.c:1001:9:BSP_LCD_ConfigLayer	8	static
C:/Users/Gothmog/Desktop/STAGE_PROGS/FP-AI-VISION1_CC/FP-AI-VISION1_V3.0.0/Drivers/BSP/STM32H747I-Discovery/stm32h747i_discovery_lcd.c:1070:9:BSP_LCD_Relaod	8	static
C:/Users/Gothmog/Desktop/STAGE_PROGS/FP-AI-VISION1_CC/FP-AI-VISION1_V3.0.0/Drivers/BSP/STM32H747I-Discovery/stm32h747i_discovery_lcd.c:1104:9:BSP_LCD_SetLayerVisible	0	static
C:/Users/Gothmog/Desktop/STAGE_PROGS/FP-AI-VISION1_CC/FP-AI-VISION1_V3.0.0/Drivers/BSP/STM32H747I-Discovery/stm32h747i_discovery_lcd.c:1140:9:BSP_LCD_SetTransparency	8	static
C:/Users/Gothmog/Desktop/STAGE_PROGS/FP-AI-VISION1_CC/FP-AI-VISION1_V3.0.0/Drivers/BSP/STM32H747I-Discovery/stm32h747i_discovery_lcd.c:1170:9:BSP_LCD_SetLayerAddress	8	static
C:/Users/Gothmog/Desktop/STAGE_PROGS/FP-AI-VISION1_CC/FP-AI-VISION1_V3.0.0/Drivers/BSP/STM32H747I-Discovery/stm32h747i_discovery_lcd.c:1203:9:BSP_LCD_SetLayerWindow	32	static
C:/Users/Gothmog/Desktop/STAGE_PROGS/FP-AI-VISION1_CC/FP-AI-VISION1_V3.0.0/Drivers/BSP/STM32H747I-Discovery/stm32h747i_discovery_lcd.c:1240:9:BSP_LCD_SetColorKeying	16	static
C:/Users/Gothmog/Desktop/STAGE_PROGS/FP-AI-VISION1_CC/FP-AI-VISION1_V3.0.0/Drivers/BSP/STM32H747I-Discovery/stm32h747i_discovery_lcd.c:1272:9:BSP_LCD_ResetColorKeying	8	static
C:/Users/Gothmog/Desktop/STAGE_PROGS/FP-AI-VISION1_CC/FP-AI-VISION1_V3.0.0/Drivers/BSP/STM32H747I-Discovery/stm32h747i_discovery_lcd.c:1346:9:BSP_LCD_DisplayOn	8	static
C:/Users/Gothmog/Desktop/STAGE_PROGS/FP-AI-VISION1_CC/FP-AI-VISION1_V3.0.0/Drivers/BSP/STM32H747I-Discovery/stm32h747i_discovery_lcd.c:1374:9:BSP_LCD_DisplayOff	8	static
C:/Users/Gothmog/Desktop/STAGE_PROGS/FP-AI-VISION1_CC/FP-AI-VISION1_V3.0.0/Drivers/BSP/STM32H747I-Discovery/stm32h747i_discovery_lcd.c:1403:9:BSP_LCD_SetBrightness	8	static
C:/Users/Gothmog/Desktop/STAGE_PROGS/FP-AI-VISION1_CC/FP-AI-VISION1_V3.0.0/Drivers/BSP/STM32H747I-Discovery/stm32h747i_discovery_lcd.c:1428:9:BSP_LCD_GetBrightness	8	static
