C:/Users/Gothmog/Desktop/STAGE_PROGS/FP-AI-VISION1_CC/FP-AI-VISION1_V3.0.0/Drivers/BSP/STM32H747I-Discovery/stm32h747i_discovery_sd.c:229:9:BSP_SD_DeInit	8	static
C:/Users/Gothmog/Desktop/STAGE_PROGS/FP-AI-VISION1_CC/FP-AI-VISION1_V3.0.0/Drivers/BSP/STM32H747I-Discovery/stm32h747i_discovery_sd.c:259:26:MX_SDMMC1_SD_Init	8	static
C:/Users/Gothmog/Desktop/STAGE_PROGS/FP-AI-VISION1_CC/FP-AI-VISION1_V3.0.0/Drivers/BSP/STM32H747I-Discovery/stm32h747i_discovery_sd.c:144:9:BSP_SD_Init	64	static
C:/Users/Gothmog/Desktop/STAGE_PROGS/FP-AI-VISION1_CC/FP-AI-VISION1_V3.0.0/Drivers/BSP/STM32H747I-Discovery/stm32h747i_discovery_sd.c:366:9:BSP_SD_DetectITConfig	32	static
C:/Users/Gothmog/Desktop/STAGE_PROGS/FP-AI-VISION1_CC/FP-AI-VISION1_V3.0.0/Drivers/BSP/STM32H747I-Discovery/stm32h747i_discovery_sd.c:409:13:BSP_SD_DetectCallback	0	static
C:/Users/Gothmog/Desktop/STAGE_PROGS/FP-AI-VISION1_CC/FP-AI-VISION1_V3.0.0/Drivers/BSP/STM32H747I-Discovery/stm32h747i_discovery_sd.c:833:13:SD_EXTI_Callback	8	static
C:/Users/Gothmog/Desktop/STAGE_PROGS/FP-AI-VISION1_CC/FP-AI-VISION1_V3.0.0/Drivers/BSP/STM32H747I-Discovery/stm32h747i_discovery_sd.c:424:9:BSP_SD_IsDetected	8	static
C:/Users/Gothmog/Desktop/STAGE_PROGS/FP-AI-VISION1_CC/FP-AI-VISION1_V3.0.0/Drivers/BSP/STM32H747I-Discovery/stm32h747i_discovery_sd.c:457:9:BSP_SD_ReadBlocks	16	static
C:/Users/Gothmog/Desktop/STAGE_PROGS/FP-AI-VISION1_CC/FP-AI-VISION1_V3.0.0/Drivers/BSP/STM32H747I-Discovery/stm32h747i_discovery_sd.c:486:9:BSP_SD_WriteBlocks	16	static
C:/Users/Gothmog/Desktop/STAGE_PROGS/FP-AI-VISION1_CC/FP-AI-VISION1_V3.0.0/Drivers/BSP/STM32H747I-Discovery/stm32h747i_discovery_sd.c:515:9:BSP_SD_ReadBlocks_DMA	8	static
C:/Users/Gothmog/Desktop/STAGE_PROGS/FP-AI-VISION1_CC/FP-AI-VISION1_V3.0.0/Drivers/BSP/STM32H747I-Discovery/stm32h747i_discovery_sd.c:543:9:BSP_SD_WriteBlocks_DMA	8	static
C:/Users/Gothmog/Desktop/STAGE_PROGS/FP-AI-VISION1_CC/FP-AI-VISION1_V3.0.0/Drivers/BSP/STM32H747I-Discovery/stm32h747i_discovery_sd.c:571:9:BSP_SD_ReadBlocks_IT	8	static
C:/Users/Gothmog/Desktop/STAGE_PROGS/FP-AI-VISION1_CC/FP-AI-VISION1_V3.0.0/Drivers/BSP/STM32H747I-Discovery/stm32h747i_discovery_sd.c:599:9:BSP_SD_WriteBlocks_IT	8	static
C:/Users/Gothmog/Desktop/STAGE_PROGS/FP-AI-VISION1_CC/FP-AI-VISION1_V3.0.0/Drivers/BSP/STM32H747I-Discovery/stm32h747i_discovery_sd.c:627:9:BSP_SD_Erase	8	static
C:/Users/Gothmog/Desktop/STAGE_PROGS/FP-AI-VISION1_CC/FP-AI-VISION1_V3.0.0/Drivers/BSP/STM32H747I-Discovery/stm32h747i_discovery_sd.c:655:9:BSP_SD_GetCardState	8	static
C:/Users/Gothmog/Desktop/STAGE_PROGS/FP-AI-VISION1_CC/FP-AI-VISION1_V3.0.0/Drivers/BSP/STM32H747I-Discovery/stm32h747i_discovery_sd.c:666:9:BSP_SD_GetCardInfo	8	static
C:/Users/Gothmog/Desktop/STAGE_PROGS/FP-AI-VISION1_CC/FP-AI-VISION1_V3.0.0/Drivers/BSP/STM32H747I-Discovery/stm32h747i_discovery_sd.c:720:6:HAL_SD_DriveTransceiver_1_8V_Callback	0	static
C:/Users/Gothmog/Desktop/STAGE_PROGS/FP-AI-VISION1_CC/FP-AI-VISION1_V3.0.0/Drivers/BSP/STM32H747I-Discovery/stm32h747i_discovery_sd.c:741:6:BSP_SD_DETECT_IRQHandler	0	static
C:/Users/Gothmog/Desktop/STAGE_PROGS/FP-AI-VISION1_CC/FP-AI-VISION1_V3.0.0/Drivers/BSP/STM32H747I-Discovery/stm32h747i_discovery_sd.c:751:6:BSP_SD_IRQHandler	0	static
C:/Users/Gothmog/Desktop/STAGE_PROGS/FP-AI-VISION1_CC/FP-AI-VISION1_V3.0.0/Drivers/BSP/STM32H747I-Discovery/stm32h747i_discovery_sd.c:762:13:BSP_SD_AbortCallback	0	static
C:/Users/Gothmog/Desktop/STAGE_PROGS/FP-AI-VISION1_CC/FP-AI-VISION1_V3.0.0/Drivers/BSP/STM32H747I-Discovery/stm32h747i_discovery_sd.c:691:6:HAL_SD_AbortCallback	8	static
C:/Users/Gothmog/Desktop/STAGE_PROGS/FP-AI-VISION1_CC/FP-AI-VISION1_V3.0.0/Drivers/BSP/STM32H747I-Discovery/stm32h747i_discovery_sd.c:773:13:BSP_SD_WriteCpltCallback	0	static
C:/Users/Gothmog/Desktop/STAGE_PROGS/FP-AI-VISION1_CC/FP-AI-VISION1_V3.0.0/Drivers/BSP/STM32H747I-Discovery/stm32h747i_discovery_sd.c:701:6:HAL_SD_TxCpltCallback	8	static
C:/Users/Gothmog/Desktop/STAGE_PROGS/FP-AI-VISION1_CC/FP-AI-VISION1_V3.0.0/Drivers/BSP/STM32H747I-Discovery/stm32h747i_discovery_sd.c:784:13:BSP_SD_ReadCpltCallback	0	static
C:/Users/Gothmog/Desktop/STAGE_PROGS/FP-AI-VISION1_CC/FP-AI-VISION1_V3.0.0/Drivers/BSP/STM32H747I-Discovery/stm32h747i_discovery_sd.c:711:6:HAL_SD_RxCpltCallback	8	static
