C:/Users/Gothmog/Desktop/STAGE_PROGS/FP-AI-VISION1_CC/FP-AI-VISION1_V3.0.0/Drivers/BSP/STM32H747I-Discovery/stm32h747i_discovery_camera.c:341:9:BSP_CAMERA_DeInit	56	static
C:/Users/Gothmog/Desktop/STAGE_PROGS/FP-AI-VISION1_CC/FP-AI-VISION1_V3.0.0/Drivers/BSP/STM32H747I-Discovery/stm32h747i_discovery_camera.c:403:26:MX_DCMI_Init	8	static
C:/Users/Gothmog/Desktop/STAGE_PROGS/FP-AI-VISION1_CC/FP-AI-VISION1_V3.0.0/Drivers/BSP/STM32H747I-Discovery/stm32h747i_discovery_camera.c:208:9:BSP_CAMERA_Init	120	static
C:/Users/Gothmog/Desktop/STAGE_PROGS/FP-AI-VISION1_CC/FP-AI-VISION1_V3.0.0/Drivers/BSP/STM32H747I-Discovery/stm32h747i_discovery_camera.c:502:9:BSP_CAMERA_Start	16	static
C:/Users/Gothmog/Desktop/STAGE_PROGS/FP-AI-VISION1_CC/FP-AI-VISION1_V3.0.0/Drivers/BSP/STM32H747I-Discovery/stm32h747i_discovery_camera.c:528:9:BSP_CAMERA_Stop	8	static
C:/Users/Gothmog/Desktop/STAGE_PROGS/FP-AI-VISION1_CC/FP-AI-VISION1_V3.0.0/Drivers/BSP/STM32H747I-Discovery/stm32h747i_discovery_camera.c:553:9:BSP_CAMERA_Suspend	8	static
C:/Users/Gothmog/Desktop/STAGE_PROGS/FP-AI-VISION1_CC/FP-AI-VISION1_V3.0.0/Drivers/BSP/STM32H747I-Discovery/stm32h747i_discovery_camera.c:578:9:BSP_CAMERA_Resume	8	static
C:/Users/Gothmog/Desktop/STAGE_PROGS/FP-AI-VISION1_CC/FP-AI-VISION1_V3.0.0/Drivers/BSP/STM32H747I-Discovery/stm32h747i_discovery_camera.c:607:9:BSP_CAMERA_GetCapabilities	8	static
C:/Users/Gothmog/Desktop/STAGE_PROGS/FP-AI-VISION1_CC/FP-AI-VISION1_V3.0.0/Drivers/BSP/STM32H747I-Discovery/stm32h747i_discovery_camera.c:634:9:BSP_CAMERA_SetPixelFormat	16	static
C:/Users/Gothmog/Desktop/STAGE_PROGS/FP-AI-VISION1_CC/FP-AI-VISION1_V3.0.0/Drivers/BSP/STM32H747I-Discovery/stm32h747i_discovery_camera.c:662:9:BSP_CAMERA_GetPixelFormat	0	static
C:/Users/Gothmog/Desktop/STAGE_PROGS/FP-AI-VISION1_CC/FP-AI-VISION1_V3.0.0/Drivers/BSP/STM32H747I-Discovery/stm32h747i_discovery_camera.c:687:9:BSP_CAMERA_SetResolution	16	static
C:/Users/Gothmog/Desktop/STAGE_PROGS/FP-AI-VISION1_CC/FP-AI-VISION1_V3.0.0/Drivers/BSP/STM32H747I-Discovery/stm32h747i_discovery_camera.c:719:9:BSP_CAMERA_GetResolution	0	static
C:/Users/Gothmog/Desktop/STAGE_PROGS/FP-AI-VISION1_CC/FP-AI-VISION1_V3.0.0/Drivers/BSP/STM32H747I-Discovery/stm32h747i_discovery_camera.c:747:9:BSP_CAMERA_SetLightMode	16	static
C:/Users/Gothmog/Desktop/STAGE_PROGS/FP-AI-VISION1_CC/FP-AI-VISION1_V3.0.0/Drivers/BSP/STM32H747I-Discovery/stm32h747i_discovery_camera.c:779:9:BSP_CAMERA_GetLightMode	0	static
C:/Users/Gothmog/Desktop/STAGE_PROGS/FP-AI-VISION1_CC/FP-AI-VISION1_V3.0.0/Drivers/BSP/STM32H747I-Discovery/stm32h747i_discovery_camera.c:807:9:BSP_CAMERA_SetColorEffect	16	static
C:/Users/Gothmog/Desktop/STAGE_PROGS/FP-AI-VISION1_CC/FP-AI-VISION1_V3.0.0/Drivers/BSP/STM32H747I-Discovery/stm32h747i_discovery_camera.c:839:9:BSP_CAMERA_GetColorEffect	0	static
C:/Users/Gothmog/Desktop/STAGE_PROGS/FP-AI-VISION1_CC/FP-AI-VISION1_V3.0.0/Drivers/BSP/STM32H747I-Discovery/stm32h747i_discovery_camera.c:867:9:BSP_CAMERA_SetBrightness	16	static
C:/Users/Gothmog/Desktop/STAGE_PROGS/FP-AI-VISION1_CC/FP-AI-VISION1_V3.0.0/Drivers/BSP/STM32H747I-Discovery/stm32h747i_discovery_camera.c:899:9:BSP_CAMERA_GetBrightness	0	static
C:/Users/Gothmog/Desktop/STAGE_PROGS/FP-AI-VISION1_CC/FP-AI-VISION1_V3.0.0/Drivers/BSP/STM32H747I-Discovery/stm32h747i_discovery_camera.c:927:9:BSP_CAMERA_SetSaturation	16	static
C:/Users/Gothmog/Desktop/STAGE_PROGS/FP-AI-VISION1_CC/FP-AI-VISION1_V3.0.0/Drivers/BSP/STM32H747I-Discovery/stm32h747i_discovery_camera.c:959:9:BSP_CAMERA_GetSaturation	0	static
C:/Users/Gothmog/Desktop/STAGE_PROGS/FP-AI-VISION1_CC/FP-AI-VISION1_V3.0.0/Drivers/BSP/STM32H747I-Discovery/stm32h747i_discovery_camera.c:987:9:BSP_CAMERA_SetContrast	16	static
C:/Users/Gothmog/Desktop/STAGE_PROGS/FP-AI-VISION1_CC/FP-AI-VISION1_V3.0.0/Drivers/BSP/STM32H747I-Discovery/stm32h747i_discovery_camera.c:1019:9:BSP_CAMERA_GetContrast	0	static
C:/Users/Gothmog/Desktop/STAGE_PROGS/FP-AI-VISION1_CC/FP-AI-VISION1_V3.0.0/Drivers/BSP/STM32H747I-Discovery/stm32h747i_discovery_camera.c:1047:9:BSP_CAMERA_SetHueDegree	16	static
C:/Users/Gothmog/Desktop/STAGE_PROGS/FP-AI-VISION1_CC/FP-AI-VISION1_V3.0.0/Drivers/BSP/STM32H747I-Discovery/stm32h747i_discovery_camera.c:1079:9:BSP_CAMERA_GetHueDegree	0	static
C:/Users/Gothmog/Desktop/STAGE_PROGS/FP-AI-VISION1_CC/FP-AI-VISION1_V3.0.0/Drivers/BSP/STM32H747I-Discovery/stm32h747i_discovery_camera.c:1108:9:BSP_CAMERA_SetMirrorFlip	16	static
C:/Users/Gothmog/Desktop/STAGE_PROGS/FP-AI-VISION1_CC/FP-AI-VISION1_V3.0.0/Drivers/BSP/STM32H747I-Discovery/stm32h747i_discovery_camera.c:1140:9:BSP_CAMERA_GetMirrorFlip	0	static
C:/Users/Gothmog/Desktop/STAGE_PROGS/FP-AI-VISION1_CC/FP-AI-VISION1_V3.0.0/Drivers/BSP/STM32H747I-Discovery/stm32h747i_discovery_camera.c:1168:9:BSP_CAMERA_SetZoom	16	static
C:/Users/Gothmog/Desktop/STAGE_PROGS/FP-AI-VISION1_CC/FP-AI-VISION1_V3.0.0/Drivers/BSP/STM32H747I-Discovery/stm32h747i_discovery_camera.c:1200:9:BSP_CAMERA_GetZoom	0	static
C:/Users/Gothmog/Desktop/STAGE_PROGS/FP-AI-VISION1_CC/FP-AI-VISION1_V3.0.0/Drivers/BSP/STM32H747I-Discovery/stm32h747i_discovery_camera.c:1227:9:BSP_CAMERA_EnableNightMode	8	static
C:/Users/Gothmog/Desktop/STAGE_PROGS/FP-AI-VISION1_CC/FP-AI-VISION1_V3.0.0/Drivers/BSP/STM32H747I-Discovery/stm32h747i_discovery_camera.c:1257:9:BSP_CAMERA_DisableNightMode	8	static
C:/Users/Gothmog/Desktop/STAGE_PROGS/FP-AI-VISION1_CC/FP-AI-VISION1_V3.0.0/Drivers/BSP/STM32H747I-Discovery/stm32h747i_discovery_camera.c:1287:9:BSP_CAMERA_HwReset	40	static
C:/Users/Gothmog/Desktop/STAGE_PROGS/FP-AI-VISION1_CC/FP-AI-VISION1_V3.0.0/Drivers/BSP/STM32H747I-Discovery/stm32h747i_discovery_camera.c:1326:9:BSP_CAMERA_PwrDown	40	static
C:/Users/Gothmog/Desktop/STAGE_PROGS/FP-AI-VISION1_CC/FP-AI-VISION1_V3.0.0/Drivers/BSP/STM32H747I-Discovery/stm32h747i_discovery_camera.c:1359:9:BSP_CAMERA_PwrUp	40	static
C:/Users/Gothmog/Desktop/STAGE_PROGS/FP-AI-VISION1_CC/FP-AI-VISION1_V3.0.0/Drivers/BSP/STM32H747I-Discovery/stm32h747i_discovery_camera.c:1391:6:BSP_CAMERA_IRQHandler	0	static
C:/Users/Gothmog/Desktop/STAGE_PROGS/FP-AI-VISION1_CC/FP-AI-VISION1_V3.0.0/Drivers/BSP/STM32H747I-Discovery/stm32h747i_discovery_camera.c:1404:6:BSP_CAMERA_DMA_IRQHandler	0	static
C:/Users/Gothmog/Desktop/STAGE_PROGS/FP-AI-VISION1_CC/FP-AI-VISION1_V3.0.0/Drivers/BSP/STM32H747I-Discovery/stm32h747i_discovery_camera.c:1709:13:BSP_CAMERA_LineEventCallback	0	static
C:/Users/Gothmog/Desktop/STAGE_PROGS/FP-AI-VISION1_CC/FP-AI-VISION1_V3.0.0/Drivers/BSP/STM32H747I-Discovery/stm32h747i_discovery_camera.c:1603:6:HAL_DCMI_LineEventCallback	8	static
C:/Users/Gothmog/Desktop/STAGE_PROGS/FP-AI-VISION1_CC/FP-AI-VISION1_V3.0.0/Drivers/BSP/STM32H747I-Discovery/stm32h747i_discovery_camera.c:1724:13:BSP_CAMERA_FrameEventCallback	0	static
C:/Users/Gothmog/Desktop/STAGE_PROGS/FP-AI-VISION1_CC/FP-AI-VISION1_V3.0.0/Drivers/BSP/STM32H747I-Discovery/stm32h747i_discovery_camera.c:1616:6:HAL_DCMI_FrameEventCallback	8	static
C:/Users/Gothmog/Desktop/STAGE_PROGS/FP-AI-VISION1_CC/FP-AI-VISION1_V3.0.0/Drivers/BSP/STM32H747I-Discovery/stm32h747i_discovery_camera.c:1739:13:BSP_CAMERA_VsyncEventCallback	0	static
C:/Users/Gothmog/Desktop/STAGE_PROGS/FP-AI-VISION1_CC/FP-AI-VISION1_V3.0.0/Drivers/BSP/STM32H747I-Discovery/stm32h747i_discovery_camera.c:1629:6:HAL_DCMI_VsyncEventCallback	8	static
C:/Users/Gothmog/Desktop/STAGE_PROGS/FP-AI-VISION1_CC/FP-AI-VISION1_V3.0.0/Drivers/BSP/STM32H747I-Discovery/stm32h747i_discovery_camera.c:1754:13:BSP_CAMERA_ErrorCallback	0	static
C:/Users/Gothmog/Desktop/STAGE_PROGS/FP-AI-VISION1_CC/FP-AI-VISION1_V3.0.0/Drivers/BSP/STM32H747I-Discovery/stm32h747i_discovery_camera.c:1642:6:HAL_DCMI_ErrorCallback	8	static
