stm32h747i_discovery_audio.c:2597:13:SAI_MspInit	112	static
stm32h747i_discovery_audio.c:343:9:BSP_AUDIO_OUT_DeInit	16	static
stm32h747i_discovery_audio.c:384:26:MX_SAI1_Block_A_Init	24	static
stm32h747i_discovery_audio.c:444:26:MX_SAI1_ClockConfig	208	static
stm32h747i_discovery_audio.c:217:9:BSP_AUDIO_OUT_Init	104	static
stm32h747i_discovery_audio.c:485:26:MX_SAI4_ClockConfig	208	static
stm32h747i_discovery_audio.c:602:9:BSP_AUDIO_OUT_Play	8	static
stm32h747i_discovery_audio.c:647:9:BSP_AUDIO_OUT_Pause	8	static
stm32h747i_discovery_audio.c:690:9:BSP_AUDIO_OUT_Resume	8	static
stm32h747i_discovery_audio.c:729:9:BSP_AUDIO_OUT_Stop	16	static
stm32h747i_discovery_audio.c:774:9:BSP_AUDIO_OUT_SetVolume	16	static
stm32h747i_discovery_audio.c:812:9:BSP_AUDIO_OUT_GetVolume	0	static
stm32h747i_discovery_audio.c:833:9:BSP_AUDIO_OUT_Mute	8	static
stm32h747i_discovery_audio.c:863:9:BSP_AUDIO_OUT_UnMute	8	static
stm32h747i_discovery_audio.c:894:9:BSP_AUDIO_OUT_IsMute	0	static
stm32h747i_discovery_audio.c:917:9:BSP_AUDIO_OUT_SetDevice	0	static
stm32h747i_discovery_audio.c:947:9:BSP_AUDIO_OUT_GetDevice	0	static
stm32h747i_discovery_audio.c:972:9:BSP_AUDIO_OUT_SetSampleRate	16	static
stm32h747i_discovery_audio.c:1041:9:BSP_AUDIO_OUT_GetSampleRate	0	static
stm32h747i_discovery_audio.c:1064:9:BSP_AUDIO_OUT_SetBitsPerSample	8	static
stm32h747i_discovery_audio.c:1146:9:BSP_AUDIO_OUT_GetBitsPerSample	0	static
stm32h747i_discovery_audio.c:1170:9:BSP_AUDIO_OUT_SetChannelsNbr	16	static
stm32h747i_discovery_audio.c:1226:9:BSP_AUDIO_OUT_GetChannelsNbr	0	static
stm32h747i_discovery_audio.c:1250:9:BSP_AUDIO_OUT_GetState	0	static
stm32h747i_discovery_audio.c:1268:6:BSP_AUDIO_OUT_IRQHandler	0	static
stm32h747i_discovery_audio.c:1331:13:BSP_AUDIO_OUT_TransferComplete_CallBack	0	static
stm32h747i_discovery_audio.c:1282:6:HAL_SAI_TxCpltCallback	8	static
stm32h747i_discovery_audio.c:1342:13:BSP_AUDIO_OUT_HalfTransfer_CallBack	0	static
stm32h747i_discovery_audio.c:1297:6:HAL_SAI_TxHalfCpltCallback	8	static
stm32h747i_discovery_audio.c:1353:13:BSP_AUDIO_OUT_Error_CallBack	0	static
stm32h747i_discovery_audio.c:1574:9:BSP_AUDIO_IN_DeInit	16	static
stm32h747i_discovery_audio.c:1652:26:MX_SAI1_Block_B_Init	24	static
stm32h747i_discovery_audio.c:1708:26:MX_SAI4_Block_A_Init	24	static
stm32h747i_discovery_audio.c:1374:9:BSP_AUDIO_IN_Init	120	static
stm32h747i_discovery_audio.c:1866:9:BSP_AUDIO_IN_PDMToPCM_Init	56	static
stm32h747i_discovery_audio.c:1908:9:BSP_AUDIO_IN_PDMToPCM	24	static
stm32h747i_discovery_audio.c:1934:9:BSP_AUDIO_IN_Record	8	static
stm32h747i_discovery_audio.c:1959:9:BSP_AUDIO_IN_Stop	8	static
stm32h747i_discovery_audio.c:2001:9:BSP_AUDIO_IN_Pause	8	static
stm32h747i_discovery_audio.c:2040:9:BSP_AUDIO_IN_Resume	8	static
stm32h747i_discovery_audio.c:2082:9:BSP_AUDIO_IN_RecordPDM	8	static
stm32h747i_discovery_audio.c:2110:9:BSP_AUDIO_IN_SetDevice	128	static
stm32h747i_discovery_audio.c:2148:9:BSP_AUDIO_IN_GetDevice	0	static
stm32h747i_discovery_audio.c:2170:9:BSP_AUDIO_IN_SetSampleRate	128	static
stm32h747i_discovery_audio.c:2207:9:BSP_AUDIO_IN_GetSampleRate	0	static
stm32h747i_discovery_audio.c:2231:9:BSP_AUDIO_IN_SetBitsPerSample	128	static
stm32h747i_discovery_audio.c:2269:9:BSP_AUDIO_IN_GetBitsPerSample	0	static
stm32h747i_discovery_audio.c:2291:9:BSP_AUDIO_IN_SetChannelsNbr	4	static
stm32h747i_discovery_audio.c:2314:9:BSP_AUDIO_IN_GetChannelsNbr	0	static
stm32h747i_discovery_audio.c:2336:9:BSP_AUDIO_IN_SetVolume	16	static
stm32h747i_discovery_audio.c:2363:9:BSP_AUDIO_IN_GetVolume	0	static
stm32h747i_discovery_audio.c:2385:9:BSP_AUDIO_IN_GetState	0	static
stm32h747i_discovery_audio.c:2409:6:BSP_AUDIO_IN_IRQHandler	0	static
stm32h747i_discovery_audio.c:2459:13:BSP_AUDIO_IN_TransferComplete_CallBack	0	static
stm32h747i_discovery_audio.c:2441:6:HAL_SAI_RxCpltCallback	8	static
stm32h747i_discovery_audio.c:2473:13:BSP_AUDIO_IN_HalfTransfer_CallBack	0	static
stm32h747i_discovery_audio.c:2423:6:HAL_SAI_RxHalfCpltCallback	8	static
stm32h747i_discovery_audio.c:2487:13:BSP_AUDIO_IN_Error_CallBack	0	static
stm32h747i_discovery_audio.c:1312:6:HAL_SAI_ErrorCallback	8	static
