C:/Users/Gothmog/Desktop/STAGE_PROGS/FP-AI-VISION1_CC/FP-AI-VISION1_V3.0.0/Drivers/BSP/STM32H747I-Discovery/stm32h747i_discovery_bus.c:241:9:BSP_I2C4_DeInit	8	static
C:/Users/Gothmog/Desktop/STAGE_PROGS/FP-AI-VISION1_CC/FP-AI-VISION1_V3.0.0/Drivers/BSP/STM32H747I-Discovery/stm32h747i_discovery_bus.c:268:26:MX_I2C4_Init	8	static
C:/Users/Gothmog/Desktop/STAGE_PROGS/FP-AI-VISION1_CC/FP-AI-VISION1_V3.0.0/Drivers/BSP/STM32H747I-Discovery/stm32h747i_discovery_bus.c:190:9:BSP_I2C4_Init	152	static
C:/Users/Gothmog/Desktop/STAGE_PROGS/FP-AI-VISION1_CC/FP-AI-VISION1_V3.0.0/Drivers/BSP/STM32H747I-Discovery/stm32h747i_discovery_bus.c:314:9:BSP_I2C4_WriteReg	32	static
C:/Users/Gothmog/Desktop/STAGE_PROGS/FP-AI-VISION1_CC/FP-AI-VISION1_V3.0.0/Drivers/BSP/STM32H747I-Discovery/stm32h747i_discovery_bus.c:351:9:BSP_I2C4_ReadReg	32	static
C:/Users/Gothmog/Desktop/STAGE_PROGS/FP-AI-VISION1_CC/FP-AI-VISION1_V3.0.0/Drivers/BSP/STM32H747I-Discovery/stm32h747i_discovery_bus.c:388:9:BSP_I2C4_WriteReg16	32	static
C:/Users/Gothmog/Desktop/STAGE_PROGS/FP-AI-VISION1_CC/FP-AI-VISION1_V3.0.0/Drivers/BSP/STM32H747I-Discovery/stm32h747i_discovery_bus.c:425:9:BSP_I2C4_ReadReg16	32	static
C:/Users/Gothmog/Desktop/STAGE_PROGS/FP-AI-VISION1_CC/FP-AI-VISION1_V3.0.0/Drivers/BSP/STM32H747I-Discovery/stm32h747i_discovery_bus.c:461:9:BSP_I2C4_IsReady	8	static
C:/Users/Gothmog/Desktop/STAGE_PROGS/FP-AI-VISION1_CC/FP-AI-VISION1_V3.0.0/Drivers/BSP/STM32H747I-Discovery/stm32h747i_discovery_bus.c:483:9:BSP_GetTick	0	static
