C:/Users/Gothmog/Desktop/STAGE_PROGS/FP-AI-VISION1_CC/FP-AI-VISION1_V3.0.0/Middlewares/ST/STM32_Image/Src/img_preprocess.c:43:10:Image_CheckResizeMemoryLayout	4	static
C:/Users/Gothmog/Desktop/STAGE_PROGS/FP-AI-VISION1_CC/FP-AI-VISION1_V3.0.0/Middlewares/ST/STM32_Image/Src/img_preprocess.c:73:10:Image_CheckPfcMemoryLayout	8	static
C:/Users/Gothmog/Desktop/STAGE_PROGS/FP-AI-VISION1_CC/FP-AI-VISION1_V3.0.0/Middlewares/ST/STM32_Image/Src/img_preprocess.c:119:6:ImageResize_NearestNeighbor	0	static
C:/Users/Gothmog/Desktop/STAGE_PROGS/FP-AI-VISION1_CC/FP-AI-VISION1_V3.0.0/Middlewares/ST/STM32_Image/Src/img_preprocess.c:130:6:ImagePfc_Rgb565ToGrayscale	24	static
C:/Users/Gothmog/Desktop/STAGE_PROGS/FP-AI-VISION1_CC/FP-AI-VISION1_V3.0.0/Middlewares/ST/STM32_Image/Src/img_preprocess.c:179:6:ImagePfc_Rgb565ToRgb888	24	static
