stm32h7xx_hal_qspi.c:2363:13:QSPI_DMARxCplt	0	static
stm32h7xx_hal_qspi.c:2377:13:QSPI_DMATxCplt	0	static
stm32h7xx_hal_qspi.c:2488:13:QSPI_Config	28	static
stm32h7xx_hal_qspi.c:438:13:HAL_QSPI_MspInit	0	static
stm32h7xx_hal_qspi.c:306:19:HAL_QSPI_Init	24	static
stm32h7xx_hal_qspi.c:453:13:HAL_QSPI_MspDeInit	0	static
stm32h7xx_hal_qspi.c:400:19:HAL_QSPI_DeInit	8	static
stm32h7xx_hal_qspi.c:781:19:HAL_QSPI_Command	24	static
stm32h7xx_hal_qspi.c:870:19:HAL_QSPI_Command_IT	24	static
stm32h7xx_hal_qspi.c:971:19:HAL_QSPI_Transmit	24	static
stm32h7xx_hal_qspi.c:1054:19:HAL_QSPI_Receive	24	static
stm32h7xx_hal_qspi.c:1139:19:HAL_QSPI_Transmit_IT	12	static
stm32h7xx_hal_qspi.c:1199:19:HAL_QSPI_Receive_IT	16	static
stm32h7xx_hal_qspi.c:1263:19:HAL_QSPI_Transmit_DMA	32	static
stm32h7xx_hal_qspi.c:1375:19:HAL_QSPI_Receive_DMA	40	static
stm32h7xx_hal_qspi.c:1491:19:HAL_QSPI_AutoPolling	32	static
stm32h7xx_hal_qspi.c:1591:19:HAL_QSPI_AutoPolling_IT	32	static
stm32h7xx_hal_qspi.c:1695:19:HAL_QSPI_MemoryMapped	24	static
stm32h7xx_hal_qspi.c:1781:13:HAL_QSPI_ErrorCallback	0	static
stm32h7xx_hal_qspi.c:2412:13:QSPI_DMAAbortCplt	8	static
stm32h7xx_hal_qspi.c:1796:13:HAL_QSPI_AbortCpltCallback	0	static
stm32h7xx_hal_qspi.c:2391:13:QSPI_DMAError	16	static
stm32h7xx_hal_qspi.c:1811:13:HAL_QSPI_CmdCpltCallback	0	static
stm32h7xx_hal_qspi.c:1826:13:HAL_QSPI_RxCpltCallback	0	static
stm32h7xx_hal_qspi.c:1841:13:HAL_QSPI_TxCpltCallback	0	static
stm32h7xx_hal_qspi.c:1857:13:HAL_QSPI_FifoThresholdCallback	0	static
stm32h7xx_hal_qspi.c:1872:13:HAL_QSPI_StatusMatchCallback	0	static
stm32h7xx_hal_qspi.c:1887:13:HAL_QSPI_TimeOutCallback	0	static
stm32h7xx_hal_qspi.c:492:6:HAL_QSPI_IRQHandler	16	static
stm32h7xx_hal_qspi.c:2129:23:HAL_QSPI_GetState	0	static
stm32h7xx_hal_qspi.c:2140:10:HAL_QSPI_GetError	0	static
stm32h7xx_hal_qspi.c:2150:19:HAL_QSPI_Abort	16	static
stm32h7xx_hal_qspi.c:2206:19:HAL_QSPI_Abort_IT	16	static
stm32h7xx_hal_qspi.c:2262:6:HAL_QSPI_SetTimeout	0	static
stm32h7xx_hal_qspi.c:2272:19:HAL_QSPI_SetFifoThreshold	8	static
stm32h7xx_hal_qspi.c:2304:10:HAL_QSPI_GetFifoThreshold	0	static
stm32h7xx_hal_qspi.c:2316:19:HAL_QSPI_SetFlashID	4	static
