C:/Users/Gothmog/Desktop/STAGE_PROGS/FP-AI-VISION1_CC/FP-AI-VISION1_V3.0.0/Drivers/STM32H7xx_HAL_Driver/Src/stm32h7xx_hal_gpio.c:173:6:HAL_GPIO_Init	48	static
C:/Users/Gothmog/Desktop/STAGE_PROGS/FP-AI-VISION1_CC/FP-AI-VISION1_V3.0.0/Drivers/STM32H7xx_HAL_Driver/Src/stm32h7xx_hal_gpio.c:305:6:HAL_GPIO_DeInit	48	static
C:/Users/Gothmog/Desktop/STAGE_PROGS/FP-AI-VISION1_CC/FP-AI-VISION1_V3.0.0/Drivers/STM32H7xx_HAL_Driver/Src/stm32h7xx_hal_gpio.c:392:15:HAL_GPIO_ReadPin	0	static
C:/Users/Gothmog/Desktop/STAGE_PROGS/FP-AI-VISION1_CC/FP-AI-VISION1_V3.0.0/Drivers/STM32H7xx_HAL_Driver/Src/stm32h7xx_hal_gpio.c:426:6:HAL_GPIO_WritePin	0	static
C:/Users/Gothmog/Desktop/STAGE_PROGS/FP-AI-VISION1_CC/FP-AI-VISION1_V3.0.0/Drivers/STM32H7xx_HAL_Driver/Src/stm32h7xx_hal_gpio.c:448:6:HAL_GPIO_TogglePin	0	static
C:/Users/Gothmog/Desktop/STAGE_PROGS/FP-AI-VISION1_CC/FP-AI-VISION1_V3.0.0/Drivers/STM32H7xx_HAL_Driver/Src/stm32h7xx_hal_gpio.c:474:19:HAL_GPIO_LockPin	8	static
C:/Users/Gothmog/Desktop/STAGE_PROGS/FP-AI-VISION1_CC/FP-AI-VISION1_V3.0.0/Drivers/STM32H7xx_HAL_Driver/Src/stm32h7xx_hal_gpio.c:532:13:HAL_GPIO_EXTI_Callback	0	static
C:/Users/Gothmog/Desktop/STAGE_PROGS/FP-AI-VISION1_CC/FP-AI-VISION1_V3.0.0/Drivers/STM32H7xx_HAL_Driver/Src/stm32h7xx_hal_gpio.c:509:6:HAL_GPIO_EXTI_IRQHandler	8	static
