C:/Users/Gothmog/Desktop/STAGE_PROGS/FP-AI-VISION1_CC/FP-AI-VISION1_V3.0.0/Drivers/STM32H7xx_HAL_Driver/Src/stm32h7xx_ll_sdmmc.c:205:19:SDMMC_Init	4	static
C:/Users/Gothmog/Desktop/STAGE_PROGS/FP-AI-VISION1_CC/FP-AI-VISION1_V3.0.0/Drivers/STM32H7xx_HAL_Driver/Src/stm32h7xx_ll_sdmmc.c:256:10:SDMMC_ReadFIFO	0	static
C:/Users/Gothmog/Desktop/STAGE_PROGS/FP-AI-VISION1_CC/FP-AI-VISION1_V3.0.0/Drivers/STM32H7xx_HAL_Driver/Src/stm32h7xx_ll_sdmmc.c:268:19:SDMMC_WriteFIFO	0	static
C:/Users/Gothmog/Desktop/STAGE_PROGS/FP-AI-VISION1_CC/FP-AI-VISION1_V3.0.0/Drivers/STM32H7xx_HAL_Driver/Src/stm32h7xx_ll_sdmmc.c:300:19:SDMMC_PowerState_ON	0	static
C:/Users/Gothmog/Desktop/STAGE_PROGS/FP-AI-VISION1_CC/FP-AI-VISION1_V3.0.0/Drivers/STM32H7xx_HAL_Driver/Src/stm32h7xx_ll_sdmmc.c:313:19:SDMMC_PowerState_Cycle	0	static
C:/Users/Gothmog/Desktop/STAGE_PROGS/FP-AI-VISION1_CC/FP-AI-VISION1_V3.0.0/Drivers/STM32H7xx_HAL_Driver/Src/stm32h7xx_ll_sdmmc.c:326:19:SDMMC_PowerState_OFF	0	static
C:/Users/Gothmog/Desktop/STAGE_PROGS/FP-AI-VISION1_CC/FP-AI-VISION1_V3.0.0/Drivers/STM32H7xx_HAL_Driver/Src/stm32h7xx_ll_sdmmc.c:343:10:SDMMC_GetPowerState	0	static
C:/Users/Gothmog/Desktop/STAGE_PROGS/FP-AI-VISION1_CC/FP-AI-VISION1_V3.0.0/Drivers/STM32H7xx_HAL_Driver/Src/stm32h7xx_ll_sdmmc.c:356:19:SDMMC_SendCommand	8	static
C:/Users/Gothmog/Desktop/STAGE_PROGS/FP-AI-VISION1_CC/FP-AI-VISION1_V3.0.0/Drivers/STM32H7xx_HAL_Driver/Src/stm32h7xx_ll_sdmmc.c:386:9:SDMMC_GetCommandResponse	0	static
C:/Users/Gothmog/Desktop/STAGE_PROGS/FP-AI-VISION1_CC/FP-AI-VISION1_V3.0.0/Drivers/STM32H7xx_HAL_Driver/Src/stm32h7xx_ll_sdmmc.c:403:10:SDMMC_GetResponse	0	static
C:/Users/Gothmog/Desktop/STAGE_PROGS/FP-AI-VISION1_CC/FP-AI-VISION1_V3.0.0/Drivers/STM32H7xx_HAL_Driver/Src/stm32h7xx_ll_sdmmc.c:424:19:SDMMC_ConfigData	8	static
C:/Users/Gothmog/Desktop/STAGE_PROGS/FP-AI-VISION1_CC/FP-AI-VISION1_V3.0.0/Drivers/STM32H7xx_HAL_Driver/Src/stm32h7xx_ll_sdmmc.c:459:10:SDMMC_GetDataCounter	0	static
C:/Users/Gothmog/Desktop/STAGE_PROGS/FP-AI-VISION1_CC/FP-AI-VISION1_V3.0.0/Drivers/STM32H7xx_HAL_Driver/Src/stm32h7xx_ll_sdmmc.c:469:10:SDMMC_GetFIFOCount	0	static
C:/Users/Gothmog/Desktop/STAGE_PROGS/FP-AI-VISION1_CC/FP-AI-VISION1_V3.0.0/Drivers/STM32H7xx_HAL_Driver/Src/stm32h7xx_ll_sdmmc.c:483:19:SDMMC_SetSDMMCReadWaitMode	0	static
C:/Users/Gothmog/Desktop/STAGE_PROGS/FP-AI-VISION1_CC/FP-AI-VISION1_V3.0.0/Drivers/STM32H7xx_HAL_Driver/Src/stm32h7xx_ll_sdmmc.c:518:10:SDMMC_CmdBlockLength	4	static
C:/Users/Gothmog/Desktop/STAGE_PROGS/FP-AI-VISION1_CC/FP-AI-VISION1_V3.0.0/Drivers/STM32H7xx_HAL_Driver/Src/stm32h7xx_ll_sdmmc.c:542:10:SDMMC_CmdReadSingleBlock	4	static
C:/Users/Gothmog/Desktop/STAGE_PROGS/FP-AI-VISION1_CC/FP-AI-VISION1_V3.0.0/Drivers/STM32H7xx_HAL_Driver/Src/stm32h7xx_ll_sdmmc.c:566:10:SDMMC_CmdReadMultiBlock	4	static
C:/Users/Gothmog/Desktop/STAGE_PROGS/FP-AI-VISION1_CC/FP-AI-VISION1_V3.0.0/Drivers/STM32H7xx_HAL_Driver/Src/stm32h7xx_ll_sdmmc.c:590:10:SDMMC_CmdWriteSingleBlock	4	static
C:/Users/Gothmog/Desktop/STAGE_PROGS/FP-AI-VISION1_CC/FP-AI-VISION1_V3.0.0/Drivers/STM32H7xx_HAL_Driver/Src/stm32h7xx_ll_sdmmc.c:614:10:SDMMC_CmdWriteMultiBlock	4	static
C:/Users/Gothmog/Desktop/STAGE_PROGS/FP-AI-VISION1_CC/FP-AI-VISION1_V3.0.0/Drivers/STM32H7xx_HAL_Driver/Src/stm32h7xx_ll_sdmmc.c:638:10:SDMMC_CmdSDEraseStartAdd	8	static
C:/Users/Gothmog/Desktop/STAGE_PROGS/FP-AI-VISION1_CC/FP-AI-VISION1_V3.0.0/Drivers/STM32H7xx_HAL_Driver/Src/stm32h7xx_ll_sdmmc.c:662:10:SDMMC_CmdSDEraseEndAdd	4	static
C:/Users/Gothmog/Desktop/STAGE_PROGS/FP-AI-VISION1_CC/FP-AI-VISION1_V3.0.0/Drivers/STM32H7xx_HAL_Driver/Src/stm32h7xx_ll_sdmmc.c:686:10:SDMMC_CmdEraseStartAdd	4	static
C:/Users/Gothmog/Desktop/STAGE_PROGS/FP-AI-VISION1_CC/FP-AI-VISION1_V3.0.0/Drivers/STM32H7xx_HAL_Driver/Src/stm32h7xx_ll_sdmmc.c:710:10:SDMMC_CmdEraseEndAdd	4	static
C:/Users/Gothmog/Desktop/STAGE_PROGS/FP-AI-VISION1_CC/FP-AI-VISION1_V3.0.0/Drivers/STM32H7xx_HAL_Driver/Src/stm32h7xx_ll_sdmmc.c:735:10:SDMMC_CmdErase	4	static
C:/Users/Gothmog/Desktop/STAGE_PROGS/FP-AI-VISION1_CC/FP-AI-VISION1_V3.0.0/Drivers/STM32H7xx_HAL_Driver/Src/stm32h7xx_ll_sdmmc.c:759:10:SDMMC_CmdStopTransfer	8	static
C:/Users/Gothmog/Desktop/STAGE_PROGS/FP-AI-VISION1_CC/FP-AI-VISION1_V3.0.0/Drivers/STM32H7xx_HAL_Driver/Src/stm32h7xx_ll_sdmmc.c:796:10:SDMMC_CmdSelDesel	8	static
C:/Users/Gothmog/Desktop/STAGE_PROGS/FP-AI-VISION1_CC/FP-AI-VISION1_V3.0.0/Drivers/STM32H7xx_HAL_Driver/Src/stm32h7xx_ll_sdmmc.c:820:10:SDMMC_CmdGoIdleState	8	static
C:/Users/Gothmog/Desktop/STAGE_PROGS/FP-AI-VISION1_CC/FP-AI-VISION1_V3.0.0/Drivers/STM32H7xx_HAL_Driver/Src/stm32h7xx_ll_sdmmc.c:843:10:SDMMC_CmdOperCond	4	static
C:/Users/Gothmog/Desktop/STAGE_PROGS/FP-AI-VISION1_CC/FP-AI-VISION1_V3.0.0/Drivers/STM32H7xx_HAL_Driver/Src/stm32h7xx_ll_sdmmc.c:874:10:SDMMC_CmdAppCommand	4	static
C:/Users/Gothmog/Desktop/STAGE_PROGS/FP-AI-VISION1_CC/FP-AI-VISION1_V3.0.0/Drivers/STM32H7xx_HAL_Driver/Src/stm32h7xx_ll_sdmmc.c:902:10:SDMMC_CmdAppOperCommand	4	static
C:/Users/Gothmog/Desktop/STAGE_PROGS/FP-AI-VISION1_CC/FP-AI-VISION1_V3.0.0/Drivers/STM32H7xx_HAL_Driver/Src/stm32h7xx_ll_sdmmc.c:926:10:SDMMC_CmdBusWidth	4	static
C:/Users/Gothmog/Desktop/STAGE_PROGS/FP-AI-VISION1_CC/FP-AI-VISION1_V3.0.0/Drivers/STM32H7xx_HAL_Driver/Src/stm32h7xx_ll_sdmmc.c:949:10:SDMMC_CmdSendSCR	4	static
C:/Users/Gothmog/Desktop/STAGE_PROGS/FP-AI-VISION1_CC/FP-AI-VISION1_V3.0.0/Drivers/STM32H7xx_HAL_Driver/Src/stm32h7xx_ll_sdmmc.c:973:10:SDMMC_CmdSendCID	4	static
C:/Users/Gothmog/Desktop/STAGE_PROGS/FP-AI-VISION1_CC/FP-AI-VISION1_V3.0.0/Drivers/STM32H7xx_HAL_Driver/Src/stm32h7xx_ll_sdmmc.c:998:10:SDMMC_CmdSendCSD	0	static
C:/Users/Gothmog/Desktop/STAGE_PROGS/FP-AI-VISION1_CC/FP-AI-VISION1_V3.0.0/Drivers/STM32H7xx_HAL_Driver/Src/stm32h7xx_ll_sdmmc.c:1023:10:SDMMC_CmdSetRelAdd	4	static
C:/Users/Gothmog/Desktop/STAGE_PROGS/FP-AI-VISION1_CC/FP-AI-VISION1_V3.0.0/Drivers/STM32H7xx_HAL_Driver/Src/stm32h7xx_ll_sdmmc.c:1048:10:SDMMC_CmdSendStatus	4	static
C:/Users/Gothmog/Desktop/STAGE_PROGS/FP-AI-VISION1_CC/FP-AI-VISION1_V3.0.0/Drivers/STM32H7xx_HAL_Driver/Src/stm32h7xx_ll_sdmmc.c:1071:10:SDMMC_CmdStatusRegister	4	static
C:/Users/Gothmog/Desktop/STAGE_PROGS/FP-AI-VISION1_CC/FP-AI-VISION1_V3.0.0/Drivers/STM32H7xx_HAL_Driver/Src/stm32h7xx_ll_sdmmc.c:1096:10:SDMMC_CmdOpCondition	4	static
C:/Users/Gothmog/Desktop/STAGE_PROGS/FP-AI-VISION1_CC/FP-AI-VISION1_V3.0.0/Drivers/STM32H7xx_HAL_Driver/Src/stm32h7xx_ll_sdmmc.c:1120:10:SDMMC_CmdSwitch	4	static
C:/Users/Gothmog/Desktop/STAGE_PROGS/FP-AI-VISION1_CC/FP-AI-VISION1_V3.0.0/Drivers/STM32H7xx_HAL_Driver/Src/stm32h7xx_ll_sdmmc.c:1146:10:SDMMC_CmdVoltageSwitch	4	static
C:/Users/Gothmog/Desktop/STAGE_PROGS/FP-AI-VISION1_CC/FP-AI-VISION1_V3.0.0/Drivers/STM32H7xx_HAL_Driver/Src/stm32h7xx_ll_sdmmc.c:1170:10:SDMMC_CmdSendEXTCSD	4	static
