stm32h7xx_hal_sdram.c:256:13:HAL_SDRAM_MspInit	0	static
stm32h7xx_hal_sdram.c:171:19:HAL_SDRAM_Init	16	static
stm32h7xx_hal_sdram.c:272:13:HAL_SDRAM_MspDeInit	0	static
stm32h7xx_hal_sdram.c:223:19:HAL_SDRAM_DeInit	8	static
stm32h7xx_hal_sdram.c:311:13:HAL_SDRAM_RefreshErrorCallback	0	static
stm32h7xx_hal_sdram.c:288:6:HAL_SDRAM_IRQHandler	8	static
stm32h7xx_hal_sdram.c:327:13:HAL_SDRAM_DMA_XferCpltCallback	0	static
stm32h7xx_hal_sdram.c:1259:13:SDRAM_DMACpltProt	8	static
stm32h7xx_hal_sdram.c:1237:13:SDRAM_DMACplt	8	static
stm32h7xx_hal_sdram.c:342:13:HAL_SDRAM_DMA_XferErrorCallback	0	static
stm32h7xx_hal_sdram.c:1281:13:SDRAM_DMAError	8	static
stm32h7xx_hal_sdram.c:379:19:HAL_SDRAM_Read_8b	12	static
stm32h7xx_hal_sdram.c:430:19:HAL_SDRAM_Write_8b	8	static
stm32h7xx_hal_sdram.c:480:19:HAL_SDRAM_Read_16b	20	static
stm32h7xx_hal_sdram.c:539:19:HAL_SDRAM_Write_16b	16	static
stm32h7xx_hal_sdram.c:597:19:HAL_SDRAM_Read_32b	12	static
stm32h7xx_hal_sdram.c:648:19:HAL_SDRAM_Write_32b	8	static
stm32h7xx_hal_sdram.c:698:19:HAL_SDRAM_Read_DMA	24	static
stm32h7xx_hal_sdram.c:750:19:HAL_SDRAM_Write_DMA	32	static
stm32h7xx_hal_sdram.c:1010:19:HAL_SDRAM_WriteProtection_Enable	8	static
stm32h7xx_hal_sdram.c:1042:19:HAL_SDRAM_WriteProtection_Disable	8	static
stm32h7xx_hal_sdram.c:1078:19:HAL_SDRAM_SendCommand	16	static
stm32h7xx_hal_sdram.c:1120:19:HAL_SDRAM_ProgramRefreshRate	16	static
stm32h7xx_hal_sdram.c:1153:19:HAL_SDRAM_SetAutoRefreshNumber	16	static
stm32h7xx_hal_sdram.c:1185:10:HAL_SDRAM_GetModeStatus	0	static
stm32h7xx_hal_sdram.c:1216:24:HAL_SDRAM_GetState	0	static
