stm32h7xx_hal_dsi.c:470:19:HAL_DSI_ConfigErrorMonitor	4	static
stm32h7xx_hal_dsi.c:553:13:HAL_DSI_MspInit	0	static
stm32h7xx_hal_dsi.c:277:19:HAL_DSI_Init	32	static
stm32h7xx_hal_dsi.c:568:13:HAL_DSI_MspDeInit	0	static
stm32h7xx_hal_dsi.c:412:19:HAL_DSI_DeInit	32	static
stm32h7xx_hal_dsi.c:904:13:HAL_DSI_TearingEffectCallback	0	static
stm32h7xx_hal_dsi.c:919:13:HAL_DSI_EndOfRefreshCallback	0	static
stm32h7xx_hal_dsi.c:934:13:HAL_DSI_ErrorCallback	0	static
stm32h7xx_hal_dsi.c:783:6:HAL_DSI_IRQHandler	8	static
stm32h7xx_hal_dsi.c:994:19:HAL_DSI_SetGenericVCID	8	static
stm32h7xx_hal_dsi.c:1017:19:HAL_DSI_ConfigVideoMode	24	static
stm32h7xx_hal_dsi.c:1167:19:HAL_DSI_ConfigAdaptedCommandMode	16	static
stm32h7xx_hal_dsi.c:1238:19:HAL_DSI_ConfigCommand	16	static
stm32h7xx_hal_dsi.c:1301:19:HAL_DSI_ConfigFlowControl	8	static
stm32h7xx_hal_dsi.c:1327:19:HAL_DSI_ConfigPhyTimer	16	static
stm32h7xx_hal_dsi.c:1373:19:HAL_DSI_ConfigHostTimeouts	20	static
stm32h7xx_hal_dsi.c:1426:19:HAL_DSI_Start	16	static
stm32h7xx_hal_dsi.c:1449:19:HAL_DSI_Stop	16	static
stm32h7xx_hal_dsi.c:1472:19:HAL_DSI_Refresh	4	static
stm32h7xx_hal_dsi.c:1494:19:HAL_DSI_ColorMode	8	static
stm32h7xx_hal_dsi.c:1520:19:HAL_DSI_Shutdown	8	static
stm32h7xx_hal_dsi.c:1551:19:HAL_DSI_ShortWrite	32	static
stm32h7xx_hal_dsi.c:1586:19:HAL_DSI_LongWrite	32	static
stm32h7xx_hal_dsi.c:1673:19:HAL_DSI_Read	32	static
stm32h7xx_hal_dsi.c:1774:19:HAL_DSI_EnterULPMData	16	static
stm32h7xx_hal_dsi.c:1837:19:HAL_DSI_ExitULPMData	16	static
stm32h7xx_hal_dsi.c:1906:19:HAL_DSI_EnterULPM	24	static
stm32h7xx_hal_dsi.c:1978:19:HAL_DSI_ExitULPM	24	static
stm32h7xx_hal_dsi.c:2080:19:HAL_DSI_PatternGeneratorStart	12	static
stm32h7xx_hal_dsi.c:2104:19:HAL_DSI_PatternGeneratorStop	4	static
stm32h7xx_hal_dsi.c:2129:19:HAL_DSI_SetSlewRateAndDelayTuning	4	static
stm32h7xx_hal_dsi.c:2221:19:HAL_DSI_SetLowPowerRXFilter	8	static
stm32h7xx_hal_dsi.c:2244:19:HAL_DSI_SetSDD	8	static
stm32h7xx_hal_dsi.c:2273:19:HAL_DSI_SetLanePinsConfiguration	4	static
stm32h7xx_hal_dsi.c:2360:19:HAL_DSI_SetPHYTimings	4	static
stm32h7xx_hal_dsi.c:2507:19:HAL_DSI_ForceTXStopMode	4	static
stm32h7xx_hal_dsi.c:2549:19:HAL_DSI_ForceRXLowPower	8	static
stm32h7xx_hal_dsi.c:2574:19:HAL_DSI_ForceDataLanesInRX	8	static
stm32h7xx_hal_dsi.c:2599:19:HAL_DSI_SetPullDown	8	static
stm32h7xx_hal_dsi.c:2624:19:HAL_DSI_SetContentionDetectionOff	8	static
stm32h7xx_hal_dsi.c:2668:22:HAL_DSI_GetState	0	static
stm32h7xx_hal_dsi.c:2679:10:HAL_DSI_GetError	0	static
