C:/Users/Gothmog/Desktop/STAGE_PROGS/FP-AI-VISION1_CC/FP-AI-VISION1_V3.0.0/Drivers/STM32H7xx_HAL_Driver/Src/stm32h7xx_ll_delayblock.c:96:19:DelayBlock_Enable	48	static
C:/Users/Gothmog/Desktop/STAGE_PROGS/FP-AI-VISION1_CC/FP-AI-VISION1_V3.0.0/Drivers/STM32H7xx_HAL_Driver/Src/stm32h7xx_ll_delayblock.c:166:19:DelayBlock_Disable	0	static
C:/Users/Gothmog/Desktop/STAGE_PROGS/FP-AI-VISION1_CC/FP-AI-VISION1_V3.0.0/Drivers/STM32H7xx_HAL_Driver/Src/stm32h7xx_ll_delayblock.c:180:19:DelayBlock_Configure	8	static
