stm32h7xx_ll_sdmmc.c:1231:17:SDMMC_GetCmdResp1.part.2	0	static
stm32h7xx_ll_sdmmc.c:205:19:SDMMC_Init	12	static
stm32h7xx_ll_sdmmc.c:256:10:SDMMC_ReadFIFO	0	static
stm32h7xx_ll_sdmmc.c:268:19:SDMMC_WriteFIFO	0	static
stm32h7xx_ll_sdmmc.c:300:19:SDMMC_PowerState_ON	0	static
stm32h7xx_ll_sdmmc.c:313:19:SDMMC_PowerState_Cycle	0	static
stm32h7xx_ll_sdmmc.c:326:19:SDMMC_PowerState_OFF	0	static
stm32h7xx_ll_sdmmc.c:343:10:SDMMC_GetPowerState	0	static
stm32h7xx_ll_sdmmc.c:356:19:SDMMC_SendCommand	12	static
stm32h7xx_ll_sdmmc.c:386:9:SDMMC_GetCommandResponse	0	static
stm32h7xx_ll_sdmmc.c:403:10:SDMMC_GetResponse	0	static
stm32h7xx_ll_sdmmc.c:424:19:SDMMC_ConfigData	8	static
stm32h7xx_ll_sdmmc.c:459:10:SDMMC_GetDataCounter	0	static
stm32h7xx_ll_sdmmc.c:469:10:SDMMC_GetFIFOCount	0	static
stm32h7xx_ll_sdmmc.c:483:19:SDMMC_SetSDMMCReadWaitMode	0	static
stm32h7xx_ll_sdmmc.c:518:10:SDMMC_CmdBlockLength	8	static
stm32h7xx_ll_sdmmc.c:542:10:SDMMC_CmdReadSingleBlock	8	static
stm32h7xx_ll_sdmmc.c:566:10:SDMMC_CmdReadMultiBlock	8	static
stm32h7xx_ll_sdmmc.c:590:10:SDMMC_CmdWriteSingleBlock	8	static
stm32h7xx_ll_sdmmc.c:614:10:SDMMC_CmdWriteMultiBlock	8	static
stm32h7xx_ll_sdmmc.c:638:10:SDMMC_CmdSDEraseStartAdd	8	static
stm32h7xx_ll_sdmmc.c:662:10:SDMMC_CmdSDEraseEndAdd	8	static
stm32h7xx_ll_sdmmc.c:686:10:SDMMC_CmdEraseStartAdd	8	static
stm32h7xx_ll_sdmmc.c:710:10:SDMMC_CmdEraseEndAdd	8	static
stm32h7xx_ll_sdmmc.c:735:10:SDMMC_CmdErase	8	static
stm32h7xx_ll_sdmmc.c:759:10:SDMMC_CmdStopTransfer	16	static
stm32h7xx_ll_sdmmc.c:796:10:SDMMC_CmdSelDesel	8	static
stm32h7xx_ll_sdmmc.c:820:10:SDMMC_CmdGoIdleState	4	static
stm32h7xx_ll_sdmmc.c:843:10:SDMMC_CmdOperCond	8	static
stm32h7xx_ll_sdmmc.c:874:10:SDMMC_CmdAppCommand	8	static
stm32h7xx_ll_sdmmc.c:902:10:SDMMC_CmdAppOperCommand	8	static
stm32h7xx_ll_sdmmc.c:926:10:SDMMC_CmdBusWidth	8	static
stm32h7xx_ll_sdmmc.c:949:10:SDMMC_CmdSendSCR	8	static
stm32h7xx_ll_sdmmc.c:973:10:SDMMC_CmdSendCID	8	static
stm32h7xx_ll_sdmmc.c:998:10:SDMMC_CmdSendCSD	8	static
stm32h7xx_ll_sdmmc.c:1023:10:SDMMC_CmdSetRelAdd	12	static
stm32h7xx_ll_sdmmc.c:1048:10:SDMMC_CmdSendStatus	8	static
stm32h7xx_ll_sdmmc.c:1071:10:SDMMC_CmdStatusRegister	8	static
stm32h7xx_ll_sdmmc.c:1096:10:SDMMC_CmdOpCondition	8	static
stm32h7xx_ll_sdmmc.c:1120:10:SDMMC_CmdSwitch	8	static
stm32h7xx_ll_sdmmc.c:1146:10:SDMMC_CmdVoltageSwitch	8	static
stm32h7xx_ll_sdmmc.c:1170:10:SDMMC_CmdSendEXTCSD	8	static
