C:/Users/Gothmog/Desktop/STAGE_PROGS/FP-AI-VISION1_CC/FP-AI-VISION1_V3.0.0/Drivers/STM32H7xx_HAL_Driver/Src/stm32h7xx_hal_dma.c:1857:17:DMA_CalcBaseAndBitshift	8	static
C:/Users/Gothmog/Desktop/STAGE_PROGS/FP-AI-VISION1_CC/FP-AI-VISION1_V3.0.0/Drivers/STM32H7xx_HAL_Driver/Src/stm32h7xx_hal_dma.c:1987:13:DMA_CalcDMAMUXChannelBaseAndMask	8	static
C:/Users/Gothmog/Desktop/STAGE_PROGS/FP-AI-VISION1_CC/FP-AI-VISION1_V3.0.0/Drivers/STM32H7xx_HAL_Driver/Src/stm32h7xx_hal_dma.c:211:19:HAL_DMA_Init	24	static
C:/Users/Gothmog/Desktop/STAGE_PROGS/FP-AI-VISION1_CC/FP-AI-VISION1_V3.0.0/Drivers/STM32H7xx_HAL_Driver/Src/stm32h7xx_hal_dma.c:463:19:HAL_DMA_DeInit	16	static
C:/Users/Gothmog/Desktop/STAGE_PROGS/FP-AI-VISION1_CC/FP-AI-VISION1_V3.0.0/Drivers/STM32H7xx_HAL_Driver/Src/stm32h7xx_hal_dma.c:620:19:HAL_DMA_Start	24	static
C:/Users/Gothmog/Desktop/STAGE_PROGS/FP-AI-VISION1_CC/FP-AI-VISION1_V3.0.0/Drivers/STM32H7xx_HAL_Driver/Src/stm32h7xx_hal_dma.c:676:19:HAL_DMA_Start_IT	32	static
C:/Users/Gothmog/Desktop/STAGE_PROGS/FP-AI-VISION1_CC/FP-AI-VISION1_V3.0.0/Drivers/STM32H7xx_HAL_Driver/Src/stm32h7xx_hal_dma.c:776:19:HAL_DMA_Abort	16	static
C:/Users/Gothmog/Desktop/STAGE_PROGS/FP-AI-VISION1_CC/FP-AI-VISION1_V3.0.0/Drivers/STM32H7xx_HAL_Driver/Src/stm32h7xx_hal_dma.c:892:19:HAL_DMA_Abort_IT	16	static
C:/Users/Gothmog/Desktop/STAGE_PROGS/FP-AI-VISION1_CC/FP-AI-VISION1_V3.0.0/Drivers/STM32H7xx_HAL_Driver/Src/stm32h7xx_hal_dma.c:976:19:HAL_DMA_PollForTransfer	56	static
C:/Users/Gothmog/Desktop/STAGE_PROGS/FP-AI-VISION1_CC/FP-AI-VISION1_V3.0.0/Drivers/STM32H7xx_HAL_Driver/Src/stm32h7xx_hal_dma.c:1203:6:HAL_DMA_IRQHandler	40	static
C:/Users/Gothmog/Desktop/STAGE_PROGS/FP-AI-VISION1_CC/FP-AI-VISION1_V3.0.0/Drivers/STM32H7xx_HAL_Driver/Src/stm32h7xx_hal_dma.c:1576:19:HAL_DMA_RegisterCallback	0	static
C:/Users/Gothmog/Desktop/STAGE_PROGS/FP-AI-VISION1_CC/FP-AI-VISION1_V3.0.0/Drivers/STM32H7xx_HAL_Driver/Src/stm32h7xx_hal_dma.c:1642:19:HAL_DMA_UnRegisterCallback	0	static
C:/Users/Gothmog/Desktop/STAGE_PROGS/FP-AI-VISION1_CC/FP-AI-VISION1_V3.0.0/Drivers/STM32H7xx_HAL_Driver/Src/stm32h7xx_hal_dma.c:1733:22:HAL_DMA_GetState	0	static
C:/Users/Gothmog/Desktop/STAGE_PROGS/FP-AI-VISION1_CC/FP-AI-VISION1_V3.0.0/Drivers/STM32H7xx_HAL_Driver/Src/stm32h7xx_hal_dma.c:1744:10:HAL_DMA_GetError	0	static
