stm32h7xx_ll_fmc.c:194:20:FMC_NORSRAM_Init	16	static
stm32h7xx_ll_fmc.c:290:19:FMC_NORSRAM_DeInit	4	static
stm32h7xx_ll_fmc.c:326:19:FMC_NORSRAM_Timing_Init	16	static
stm32h7xx_ll_fmc.c:373:19:FMC_NORSRAM_Extended_Timing_Init	12	static
stm32h7xx_ll_fmc.c:435:19:FMC_NORSRAM_WriteOperation_Enable	0	static
stm32h7xx_ll_fmc.c:453:19:FMC_NORSRAM_WriteOperation_Disable	0	static
stm32h7xx_ll_fmc.c:523:19:FMC_NAND_Init	12	static
stm32h7xx_ll_fmc.c:555:19:FMC_NAND_CommonSpace_Timing_Init	8	static
stm32h7xx_ll_fmc.c:585:19:FMC_NAND_AttributeSpace_Timing_Init	8	static
stm32h7xx_ll_fmc.c:613:19:FMC_NAND_DeInit	8	static
stm32h7xx_ll_fmc.c:661:19:FMC_NAND_ECC_Enable	0	static
stm32h7xx_ll_fmc.c:683:19:FMC_NAND_ECC_Disable	0	static
stm32h7xx_ll_fmc.c:706:19:FMC_NAND_GetECC	24	static
stm32h7xx_ll_fmc.c:791:19:FMC_SDRAM_Init	24	static
stm32h7xx_ll_fmc.c:853:19:FMC_SDRAM_Timing_Init	20	static
stm32h7xx_ll_fmc.c:904:19:FMC_SDRAM_DeInit	8	static
stm32h7xx_ll_fmc.c:945:19:FMC_SDRAM_WriteProtection_Enable	0	static
stm32h7xx_ll_fmc.c:962:19:FMC_SDRAM_WriteProtection_Disable	0	static
stm32h7xx_ll_fmc.c:982:19:FMC_SDRAM_SendCommand	12	static
stm32h7xx_ll_fmc.c:1007:19:FMC_SDRAM_ProgramRefreshRate	4	static
stm32h7xx_ll_fmc.c:1025:19:FMC_SDRAM_SetAutoRefreshNumber	0	static
stm32h7xx_ll_fmc.c:1046:10:FMC_SDRAM_GetModeStatus	0	static
