stm32_fs.c:764:22:GetImageInfoBMP.part.0	64	static
stm32_fs.c:82:15:STM32Fs_Init	8	static
stm32_fs.c:103:15:STM32Fs_DeInit	8	static
stm32_fs.c:123:15:STM32Fs_WriteImagePPM	616	static,ignoring_inline_asm
stm32_fs.c:170:15:STM32Fs_GetImageInfoPPM	184	static
stm32_fs.c:210:15:STM32Fs_ReadImagePPM	752	static
stm32_fs.c:312:15:STM32Fs_GetNumberFiles	88	static
stm32_fs.c:364:15:STM32Fs_OpenDir	8	static
stm32_fs.c:382:15:STM32Fs_CreateDir	8	static
stm32_fs.c:402:15:STM32Fs_GetNextDir	8	static
stm32_fs.c:423:15:STM32Fs_GetNextFile	8	static
stm32_fs.c:444:15:STM32Fs_WriteRaw	584	static,ignoring_inline_asm
stm32_fs.c:477:15:STM32Fs_WriteImageBMP	600	static,ignoring_inline_asm
stm32_fs.c:522:6:write_byte	24	static
stm32_fs.c:531:6:write_word	24	static
stm32_fs.c:540:6:write_long	24	static
stm32_fs.c:549:6:write_data	16	static
stm32_fs.c:567:15:STM32Fs_WriteImageBMP16	680	static,ignoring_inline_asm
stm32_fs.c:655:15:STM32Fs_WriteImageBMPGray	656	static
stm32_fs.c:717:15:STM32Fs_WriteTextToFile	584	static
stm32_fs.c:1052:15:STM23Fs_GetImageInfoBMP	48	static
stm32_fs.c:1080:15:STM23Fs_ReadImageBMP	104	static
