fp_vision_test.c:254:13:UartCmd_Run_NonRegression	8	static
fp_vision_test.c:278:13:UartCmd_Run_Validation	8	static
fp_vision_test.c:436:13:UartCmd_Launch_Dump	8	static
fp_vision_test.c:492:13:UartCmd_Launch_Capture	8	static
fp_vision_test.c:1496:13:Uart_Tx	24	static
fp_vision_test.c:678:13:UartCmd_Write_Camera_Register	24	static
fp_vision_test.c:697:13:UartCmd_Set_Camera_Mode	32	static
fp_vision_test.c:649:13:UartCmd_Read_Camera_Register	40	static
fp_vision_test.c:1041:13:FrameCaptureInit	24	static
fp_vision_test.c:1154:13:MemoryDumpInit	104	static
fp_vision_test.c:1338:13:OnBoardValidInit	120	static
fp_vision_test.c:358:13:UartCmd_Upload_NonRegression_Report	8	static
fp_vision_test.c:372:13:UartCmd_Upload_Validation_Report	8	static
fp_vision_test.c:563:13:UartCmd_Upload_Valid_Output	0	static
fp_vision_test.c:391:13:UartCmd_Upload_Timing_Report	8	static
fp_vision_test.c:577:13:UartCmd_Get_Dump_Output_Data_Size	16	static
fp_vision_test.c:420:13:UartCmd_Get_Validation_Final_Accuracy	16	static
fp_vision_test.c:592:13:UartCmd_Upload_Dump_Output_Data	8	static
fp_vision_test.c:548:13:UartCmd_Get_Valid_Output_Size	16	static
fp_vision_test.c:293:13:UartCmd_Get_NonRegression_Report_Size	16	static
fp_vision_test.c:308:13:UartCmd_Get_Validation_Report_Size	16	static
fp_vision_test.c:328:13:UartCmd_Get_Timing_Report_Size	16	static
fp_vision_test.c:343:13:UartCmd_Get_NonRegression_Debug_Report_Size	16	static
fp_vision_test.c:606:13:UartCmd_Get_Dump_Whole_Data_Size	16	static
fp_vision_test.c:524:13:UartCmd_Trigger_Capture	16	static
fp_vision_test.c:458:13:UartCmd_Trigger_Dump	16	static
fp_vision_test.c:405:13:UartCmd_Upload_NonRegression_Debug_Report	24	static
fp_vision_test.c:621:13:UartCmd_Upload_Dump_Whole_Data	24	static
fp_vision_test.c:2115:6:TEST_Init	88	static
fp_vision_test.c:2130:6:TEST_CmdIf_Check	24	static
fp_vision_test.c:2169:6:TEST_MainMenu	24	static
fp_vision_test.c:2275:6:TEST_GetNextDumpInput	424	static
fp_vision_test.c:2316:6:TEST_GetNextValidationInput	1104	static
fp_vision_test.c:2461:6:TEST_Run	392	static
fp_vision_test.c:2778:6:TEST_PostProcess	152	static
fp_vision_test.c:2804:6:HAL_UART_ErrorCallback	0	static
