C:/Users/Gothmog/Desktop/STAGE_PROGS/FP-AI-VISION1_CC/FP-AI-VISION1_V3.0.0/Drivers/BSP/Components/mt25tl01g/mt25tl01g.c:43:9:MT25TL01G_GetFlashInfo	8	static
C:/Users/Gothmog/Desktop/STAGE_PROGS/FP-AI-VISION1_CC/FP-AI-VISION1_V3.0.0/Drivers/BSP/Components/mt25tl01g/mt25tl01g.c:102:9:MT25TL01G_Exit4BytesAddressMode	64	static
C:/Users/Gothmog/Desktop/STAGE_PROGS/FP-AI-VISION1_CC/FP-AI-VISION1_V3.0.0/Drivers/BSP/Components/mt25tl01g/mt25tl01g.c:133:9:MT25TL01G_AutoPollingMemReady	88	static
C:/Users/Gothmog/Desktop/STAGE_PROGS/FP-AI-VISION1_CC/FP-AI-VISION1_V3.0.0/Drivers/BSP/Components/mt25tl01g/mt25tl01g.c:172:9:MT25TL01G_WriteEnable	96	static
C:/Users/Gothmog/Desktop/STAGE_PROGS/FP-AI-VISION1_CC/FP-AI-VISION1_V3.0.0/Drivers/BSP/Components/mt25tl01g/mt25tl01g.c:60:9:MT25TL01G_Enter4BytesAddressMode	152	static
C:/Users/Gothmog/Desktop/STAGE_PROGS/FP-AI-VISION1_CC/FP-AI-VISION1_V3.0.0/Drivers/BSP/Components/mt25tl01g/mt25tl01g.c:221:9:MT25TL01G_WriteDisable	64	static
C:/Users/Gothmog/Desktop/STAGE_PROGS/FP-AI-VISION1_CC/FP-AI-VISION1_V3.0.0/Drivers/BSP/Components/mt25tl01g/mt25tl01g.c:254:9:MT25TL01G_PageProgram	72	static
C:/Users/Gothmog/Desktop/STAGE_PROGS/FP-AI-VISION1_CC/FP-AI-VISION1_V3.0.0/Drivers/BSP/Components/mt25tl01g/mt25tl01g.c:318:9:MT25TL01G_ReadDTR	72	static
C:/Users/Gothmog/Desktop/STAGE_PROGS/FP-AI-VISION1_CC/FP-AI-VISION1_V3.0.0/Drivers/BSP/Components/mt25tl01g/mt25tl01g.c:391:9:MT25TL01G_ReadSTR	72	static
C:/Users/Gothmog/Desktop/STAGE_PROGS/FP-AI-VISION1_CC/FP-AI-VISION1_V3.0.0/Drivers/BSP/Components/mt25tl01g/mt25tl01g.c:465:9:MT25TL01G_BlockErase	152	static
C:/Users/Gothmog/Desktop/STAGE_PROGS/FP-AI-VISION1_CC/FP-AI-VISION1_V3.0.0/Drivers/BSP/Components/mt25tl01g/mt25tl01g.c:517:9:MT25TL01G_ChipErase	64	static
C:/Users/Gothmog/Desktop/STAGE_PROGS/FP-AI-VISION1_CC/FP-AI-VISION1_V3.0.0/Drivers/BSP/Components/mt25tl01g/mt25tl01g.c:548:9:MT25TL01G_ReadStatusRegister	72	static
C:/Users/Gothmog/Desktop/STAGE_PROGS/FP-AI-VISION1_CC/FP-AI-VISION1_V3.0.0/Drivers/BSP/Components/mt25tl01g/mt25tl01g.c:586:9:MT25TL01G_EnterQPIMode	64	static
C:/Users/Gothmog/Desktop/STAGE_PROGS/FP-AI-VISION1_CC/FP-AI-VISION1_V3.0.0/Drivers/BSP/Components/mt25tl01g/mt25tl01g.c:615:9:MT25TL01G_ExitQPIMode	64	static
C:/Users/Gothmog/Desktop/STAGE_PROGS/FP-AI-VISION1_CC/FP-AI-VISION1_V3.0.0/Drivers/BSP/Components/mt25tl01g/mt25tl01g.c:644:9:MT25TL01G_EnableMemoryMappedModeDTR	72	static
C:/Users/Gothmog/Desktop/STAGE_PROGS/FP-AI-VISION1_CC/FP-AI-VISION1_V3.0.0/Drivers/BSP/Components/mt25tl01g/mt25tl01g.c:709:9:MT25TL01G_EnableMemoryMappedModeSTR	72	static
C:/Users/Gothmog/Desktop/STAGE_PROGS/FP-AI-VISION1_CC/FP-AI-VISION1_V3.0.0/Drivers/BSP/Components/mt25tl01g/mt25tl01g.c:779:9:MT25TL01G_ResetEnable	64	static
C:/Users/Gothmog/Desktop/STAGE_PROGS/FP-AI-VISION1_CC/FP-AI-VISION1_V3.0.0/Drivers/BSP/Components/mt25tl01g/mt25tl01g.c:811:9:MT25TL01G_ResetMemory	64	static
C:/Users/Gothmog/Desktop/STAGE_PROGS/FP-AI-VISION1_CC/FP-AI-VISION1_V3.0.0/Drivers/BSP/Components/mt25tl01g/mt25tl01g.c:845:9:MT25TL01G_ReadID	72	static
C:/Users/Gothmog/Desktop/STAGE_PROGS/FP-AI-VISION1_CC/FP-AI-VISION1_V3.0.0/Drivers/BSP/Components/mt25tl01g/mt25tl01g.c:886:9:MT25TL01G_ProgEraseSuspend	64	static
C:/Users/Gothmog/Desktop/STAGE_PROGS/FP-AI-VISION1_CC/FP-AI-VISION1_V3.0.0/Drivers/BSP/Components/mt25tl01g/mt25tl01g.c:917:9:MT25TL01G_ProgEraseResume	64	static
C:/Users/Gothmog/Desktop/STAGE_PROGS/FP-AI-VISION1_CC/FP-AI-VISION1_V3.0.0/Drivers/BSP/Components/mt25tl01g/mt25tl01g.c:949:9:MT25TL01G_EnterDeepPowerDown	64	static
C:/Users/Gothmog/Desktop/STAGE_PROGS/FP-AI-VISION1_CC/FP-AI-VISION1_V3.0.0/Drivers/BSP/Components/mt25tl01g/mt25tl01g.c:981:9:MT25TL01G_ReleaseFromDeepPowerDown	64	static
C:/Users/Gothmog/Desktop/STAGE_PROGS/FP-AI-VISION1_CC/FP-AI-VISION1_V3.0.0/Drivers/BSP/Components/mt25tl01g/mt25tl01g.c:1013:9:MT25TL01G_ReadSPBLockRegister	72	static
