C:/Users/Gothmog/Desktop/STAGE_PROGS/FP-AI-VISION1_CC/FP-AI-VISION1_V3.0.0/Drivers/BSP/Components/ov5640/ov5640.c:456:9:OV5640_DeInit	0	static
C:/Users/Gothmog/Desktop/STAGE_PROGS/FP-AI-VISION1_CC/FP-AI-VISION1_V3.0.0/Drivers/BSP/Components/ov5640/ov5640.c:680:9:OV5640_GetPixelFormat	0	static
C:/Users/Gothmog/Desktop/STAGE_PROGS/FP-AI-VISION1_CC/FP-AI-VISION1_V3.0.0/Drivers/BSP/Components/ov5640/ov5640.c:1028:9:OV5640_GetCapabilities	0	static
C:/Users/Gothmog/Desktop/STAGE_PROGS/FP-AI-VISION1_CC/FP-AI-VISION1_V3.0.0/Drivers/BSP/Components/ov5640/ov5640.c:2038:16:OV5640_ReadRegWrap	4	static
C:/Users/Gothmog/Desktop/STAGE_PROGS/FP-AI-VISION1_CC/FP-AI-VISION1_V3.0.0/Drivers/BSP/Components/ov5640/ov5640.c:2053:16:OV5640_WriteRegWrap	4	static
C:/Users/Gothmog/Desktop/STAGE_PROGS/FP-AI-VISION1_CC/FP-AI-VISION1_V3.0.0/Drivers/BSP/Components/ov5640/ov5640.c:694:9:OV5640_SetResolution	32	static
C:/Users/Gothmog/Desktop/STAGE_PROGS/FP-AI-VISION1_CC/FP-AI-VISION1_V3.0.0/Drivers/BSP/Components/ov5640/ov5640.c:1061:9:OV5640_SetLightMode	32	static
C:/Users/Gothmog/Desktop/STAGE_PROGS/FP-AI-VISION1_CC/FP-AI-VISION1_V3.0.0/Drivers/BSP/Components/ov5640/ov5640.c:1224:9:OV5640_SetColorEffect	24	static
C:/Users/Gothmog/Desktop/STAGE_PROGS/FP-AI-VISION1_CC/FP-AI-VISION1_V3.0.0/Drivers/BSP/Components/ov5640/ov5640.c:1407:9:OV5640_SetBrightness	32	static
C:/Users/Gothmog/Desktop/STAGE_PROGS/FP-AI-VISION1_CC/FP-AI-VISION1_V3.0.0/Drivers/BSP/Components/ov5640/ov5640.c:1459:9:OV5640_SetSaturation	32	static
C:/Users/Gothmog/Desktop/STAGE_PROGS/FP-AI-VISION1_CC/FP-AI-VISION1_V3.0.0/Drivers/BSP/Components/ov5640/ov5640.c:1505:9:OV5640_SetContrast	32	static
C:/Users/Gothmog/Desktop/STAGE_PROGS/FP-AI-VISION1_CC/FP-AI-VISION1_V3.0.0/Drivers/BSP/Components/ov5640/ov5640.c:1548:9:OV5640_SetHueDegree	56	static
C:/Users/Gothmog/Desktop/STAGE_PROGS/FP-AI-VISION1_CC/FP-AI-VISION1_V3.0.0/Drivers/BSP/Components/ov5640/ov5640.c:473:9:OV5640_SetPixelFormat	32	static
C:/Users/Gothmog/Desktop/STAGE_PROGS/FP-AI-VISION1_CC/FP-AI-VISION1_V3.0.0/Drivers/BSP/Components/ov5640/ov5640.c:835:9:OV5640_GetResolution	24	static
C:/Users/Gothmog/Desktop/STAGE_PROGS/FP-AI-VISION1_CC/FP-AI-VISION1_V3.0.0/Drivers/BSP/Components/ov5640/ov5640.c:981:9:OV5640_ReadID	32	static
C:/Users/Gothmog/Desktop/STAGE_PROGS/FP-AI-VISION1_CC/FP-AI-VISION1_V3.0.0/Drivers/BSP/Components/ov5640/ov5640.c:1600:9:OV5640_MirrorFlipConfig	24	static
C:/Users/Gothmog/Desktop/STAGE_PROGS/FP-AI-VISION1_CC/FP-AI-VISION1_V3.0.0/Drivers/BSP/Components/ov5640/ov5640.c:1760:9:OV5640_NightModeConfig	24	static
C:/Users/Gothmog/Desktop/STAGE_PROGS/FP-AI-VISION1_CC/FP-AI-VISION1_V3.0.0/Drivers/BSP/Components/ov5640/ov5640.c:1696:9:OV5640_ZoomConfig	24	static
C:/Users/Gothmog/Desktop/STAGE_PROGS/FP-AI-VISION1_CC/FP-AI-VISION1_V3.0.0/Drivers/BSP/Components/ov5640/ov5640.c:133:9:OV5640_Init	40	static
C:/Users/Gothmog/Desktop/STAGE_PROGS/FP-AI-VISION1_CC/FP-AI-VISION1_V3.0.0/Drivers/BSP/Components/ov5640/ov5640.c:92:9:OV5640_RegisterBusIO	4	static
C:/Users/Gothmog/Desktop/STAGE_PROGS/FP-AI-VISION1_CC/FP-AI-VISION1_V3.0.0/Drivers/BSP/Components/ov5640/ov5640.c:918:9:OV5640_SetPolarities	16	static
C:/Users/Gothmog/Desktop/STAGE_PROGS/FP-AI-VISION1_CC/FP-AI-VISION1_V3.0.0/Drivers/BSP/Components/ov5640/ov5640.c:951:9:OV5640_GetPolarities	24	static
C:/Users/Gothmog/Desktop/STAGE_PROGS/FP-AI-VISION1_CC/FP-AI-VISION1_V3.0.0/Drivers/BSP/Components/ov5640/ov5640.c:1860:9:OV5640_EmbeddedSynchroConfig	24	static
C:/Users/Gothmog/Desktop/STAGE_PROGS/FP-AI-VISION1_CC/FP-AI-VISION1_V3.0.0/Drivers/BSP/Components/ov5640/ov5640.c:1917:9:OV5640_ColorbarModeConfig	24	static
C:/Users/Gothmog/Desktop/STAGE_PROGS/FP-AI-VISION1_CC/FP-AI-VISION1_V3.0.0/Drivers/BSP/Components/ov5640/ov5640.c:1960:9:OV5640_SetPCLK	24	static
