C:/Users/Gothmog/Desktop/STAGE_PROGS/FP-AI-VISION1_CC/FP-AI-VISION1_V3.0.0/Drivers/BSP/Components/ov9655/ov9655.c:181:9:OV9655_DeInit	0	static
C:/Users/Gothmog/Desktop/STAGE_PROGS/FP-AI-VISION1_CC/FP-AI-VISION1_V3.0.0/Drivers/BSP/Components/ov9655/ov9655.c:291:9:OV9655_GetPixelFormat	0	static
C:/Users/Gothmog/Desktop/STAGE_PROGS/FP-AI-VISION1_CC/FP-AI-VISION1_V3.0.0/Drivers/BSP/Components/ov9655/ov9655.c:798:9:OV9655_GetCapabilities	0	static
C:/Users/Gothmog/Desktop/STAGE_PROGS/FP-AI-VISION1_CC/FP-AI-VISION1_V3.0.0/Drivers/BSP/Components/ov9655/ov9655.c:831:9:OV9655_SetLightMode	0	static
C:/Users/Gothmog/Desktop/STAGE_PROGS/FP-AI-VISION1_CC/FP-AI-VISION1_V3.0.0/Drivers/BSP/Components/ov9655/ov9655.c:990:9:OV9655_SetSaturation	0	static
C:/Users/Gothmog/Desktop/STAGE_PROGS/FP-AI-VISION1_CC/FP-AI-VISION1_V3.0.0/Drivers/BSP/Components/ov9655/ov9655.c:1144:16:OV9655_ReadRegWrap	4	static
C:/Users/Gothmog/Desktop/STAGE_PROGS/FP-AI-VISION1_CC/FP-AI-VISION1_V3.0.0/Drivers/BSP/Components/ov9655/ov9655.c:1159:16:OV9655_WriteRegWrap	4	static
C:/Users/Gothmog/Desktop/STAGE_PROGS/FP-AI-VISION1_CC/FP-AI-VISION1_V3.0.0/Drivers/BSP/Components/ov9655/ov9655.c:305:9:OV9655_SetResolution	48	static
C:/Users/Gothmog/Desktop/STAGE_PROGS/FP-AI-VISION1_CC/FP-AI-VISION1_V3.0.0/Drivers/BSP/Components/ov9655/ov9655.c:845:9:OV9655_SetColorEffect	40	static
C:/Users/Gothmog/Desktop/STAGE_PROGS/FP-AI-VISION1_CC/FP-AI-VISION1_V3.0.0/Drivers/BSP/Components/ov9655/ov9655.c:966:9:OV9655_SetBrightness	24	static
C:/Users/Gothmog/Desktop/STAGE_PROGS/FP-AI-VISION1_CC/FP-AI-VISION1_V3.0.0/Drivers/BSP/Components/ov9655/ov9655.c:1006:9:OV9655_SetContrast	24	static
C:/Users/Gothmog/Desktop/STAGE_PROGS/FP-AI-VISION1_CC/FP-AI-VISION1_V3.0.0/Drivers/BSP/Components/ov9655/ov9655.c:197:9:OV9655_SetPixelFormat	24	static
C:/Users/Gothmog/Desktop/STAGE_PROGS/FP-AI-VISION1_CC/FP-AI-VISION1_V3.0.0/Drivers/BSP/Components/ov9655/ov9655.c:725:9:OV9655_GetResolution	16	static
C:/Users/Gothmog/Desktop/STAGE_PROGS/FP-AI-VISION1_CC/FP-AI-VISION1_V3.0.0/Drivers/BSP/Components/ov9655/ov9655.c:762:9:OV9655_ReadID	24	static
C:/Users/Gothmog/Desktop/STAGE_PROGS/FP-AI-VISION1_CC/FP-AI-VISION1_V3.0.0/Drivers/BSP/Components/ov9655/ov9655.c:1041:9:OV9655_MirrorFlipConfig	24	static
C:/Users/Gothmog/Desktop/STAGE_PROGS/FP-AI-VISION1_CC/FP-AI-VISION1_V3.0.0/Drivers/BSP/Components/ov9655/ov9655.c:1090:9:OV9655_NightModeConfig	24	static
C:/Users/Gothmog/Desktop/STAGE_PROGS/FP-AI-VISION1_CC/FP-AI-VISION1_V3.0.0/Drivers/BSP/Components/ov9655/ov9655.c:133:9:OV9655_Init	32	static
C:/Users/Gothmog/Desktop/STAGE_PROGS/FP-AI-VISION1_CC/FP-AI-VISION1_V3.0.0/Drivers/BSP/Components/ov9655/ov9655.c:1027:9:OV9655_SetHueDegree	0	static
C:/Users/Gothmog/Desktop/STAGE_PROGS/FP-AI-VISION1_CC/FP-AI-VISION1_V3.0.0/Drivers/BSP/Components/ov9655/ov9655.c:1076:9:OV9655_ZoomConfig	0	static
C:/Users/Gothmog/Desktop/STAGE_PROGS/FP-AI-VISION1_CC/FP-AI-VISION1_V3.0.0/Drivers/BSP/Components/ov9655/ov9655.c:92:9:OV9655_RegisterBusIO	4	static
