C:/Users/Gothmog/Desktop/STAGE_PROGS/FP-AI-VISION1_CC/FP-AI-VISION1_V3.0.0/Drivers/BSP/Components/wm8994/wm8994_reg.c:46:9:wm8994_read_reg	16	static
C:/Users/Gothmog/Desktop/STAGE_PROGS/FP-AI-VISION1_CC/FP-AI-VISION1_V3.0.0/Drivers/BSP/Components/wm8994/wm8994_reg.c:69:9:wm8994_write_reg	16	static
C:/Users/Gothmog/Desktop/STAGE_PROGS/FP-AI-VISION1_CC/FP-AI-VISION1_V3.0.0/Drivers/BSP/Components/wm8994/wm8994_reg.c:86:10:wm8994_register_set	16	static
C:/Users/Gothmog/Desktop/STAGE_PROGS/FP-AI-VISION1_CC/FP-AI-VISION1_V3.0.0/Drivers/BSP/Components/wm8994/wm8994_reg.c:99:10:wm8994_sw_reset_w	16	static
C:/Users/Gothmog/Desktop/STAGE_PROGS/FP-AI-VISION1_CC/FP-AI-VISION1_V3.0.0/Drivers/BSP/Components/wm8994/wm8994_reg.c:111:10:wm8994_sw_reset_r	16	static
C:/Users/Gothmog/Desktop/STAGE_PROGS/FP-AI-VISION1_CC/FP-AI-VISION1_V3.0.0/Drivers/BSP/Components/wm8994/wm8994_reg.c:123:10:wm8994_pwr_mgmt_1_bias_en	24	static
C:/Users/Gothmog/Desktop/STAGE_PROGS/FP-AI-VISION1_CC/FP-AI-VISION1_V3.0.0/Drivers/BSP/Components/wm8994/wm8994_reg.c:148:10:wm8994_pwr_mgmt_1_vmid_sel	24	static
C:/Users/Gothmog/Desktop/STAGE_PROGS/FP-AI-VISION1_CC/FP-AI-VISION1_V3.0.0/Drivers/BSP/Components/wm8994/wm8994_reg.c:173:10:wm8994_pwr_mgmt_1_micb1_ena	24	static
C:/Users/Gothmog/Desktop/STAGE_PROGS/FP-AI-VISION1_CC/FP-AI-VISION1_V3.0.0/Drivers/BSP/Components/wm8994/wm8994_reg.c:198:10:wm8994_pwr_mgmt_1_micb2_ena	24	static
C:/Users/Gothmog/Desktop/STAGE_PROGS/FP-AI-VISION1_CC/FP-AI-VISION1_V3.0.0/Drivers/BSP/Components/wm8994/wm8994_reg.c:223:10:wm8994_pwr_mgmt_1_hpout1r_ena	24	static
C:/Users/Gothmog/Desktop/STAGE_PROGS/FP-AI-VISION1_CC/FP-AI-VISION1_V3.0.0/Drivers/BSP/Components/wm8994/wm8994_reg.c:248:10:wm8994_pwr_mgmt_1_hpout1l_ena	24	static
C:/Users/Gothmog/Desktop/STAGE_PROGS/FP-AI-VISION1_CC/FP-AI-VISION1_V3.0.0/Drivers/BSP/Components/wm8994/wm8994_reg.c:273:10:wm8994_pwr_mgmt_1_hpout2_ena	24	static
C:/Users/Gothmog/Desktop/STAGE_PROGS/FP-AI-VISION1_CC/FP-AI-VISION1_V3.0.0/Drivers/BSP/Components/wm8994/wm8994_reg.c:298:10:wm8994_pwr_mgmt_1_spkoutl_ena	24	static
C:/Users/Gothmog/Desktop/STAGE_PROGS/FP-AI-VISION1_CC/FP-AI-VISION1_V3.0.0/Drivers/BSP/Components/wm8994/wm8994_reg.c:323:10:wm8994_pwr_mgmt_1_spkoutr_ena	24	static
C:/Users/Gothmog/Desktop/STAGE_PROGS/FP-AI-VISION1_CC/FP-AI-VISION1_V3.0.0/Drivers/BSP/Components/wm8994/wm8994_reg.c:348:10:wm8994_pwr_mgmt_2_in1r_ena	24	static
C:/Users/Gothmog/Desktop/STAGE_PROGS/FP-AI-VISION1_CC/FP-AI-VISION1_V3.0.0/Drivers/BSP/Components/wm8994/wm8994_reg.c:373:10:wm8994_pwr_mgmt_2_in2r_ena	24	static
C:/Users/Gothmog/Desktop/STAGE_PROGS/FP-AI-VISION1_CC/FP-AI-VISION1_V3.0.0/Drivers/BSP/Components/wm8994/wm8994_reg.c:398:10:wm8994_pwr_mgmt_2_in1l_ena	24	static
C:/Users/Gothmog/Desktop/STAGE_PROGS/FP-AI-VISION1_CC/FP-AI-VISION1_V3.0.0/Drivers/BSP/Components/wm8994/wm8994_reg.c:423:10:wm8994_pwr_mgmt_2_in2l_ena	24	static
C:/Users/Gothmog/Desktop/STAGE_PROGS/FP-AI-VISION1_CC/FP-AI-VISION1_V3.0.0/Drivers/BSP/Components/wm8994/wm8994_reg.c:448:10:wm8994_pwr_mgmt_2_mixinr_ena	24	static
C:/Users/Gothmog/Desktop/STAGE_PROGS/FP-AI-VISION1_CC/FP-AI-VISION1_V3.0.0/Drivers/BSP/Components/wm8994/wm8994_reg.c:473:10:wm8994_pwr_mgmt_2_mixinl_ena	24	static
C:/Users/Gothmog/Desktop/STAGE_PROGS/FP-AI-VISION1_CC/FP-AI-VISION1_V3.0.0/Drivers/BSP/Components/wm8994/wm8994_reg.c:498:10:wm8994_pwr_mgmt_2_opclk_ena	24	static
C:/Users/Gothmog/Desktop/STAGE_PROGS/FP-AI-VISION1_CC/FP-AI-VISION1_V3.0.0/Drivers/BSP/Components/wm8994/wm8994_reg.c:523:10:wm8994_pwr_mgmt_2_tshut_opdis	24	static
C:/Users/Gothmog/Desktop/STAGE_PROGS/FP-AI-VISION1_CC/FP-AI-VISION1_V3.0.0/Drivers/BSP/Components/wm8994/wm8994_reg.c:548:10:wm8994_pwr_mgmt_2_tshut_ena	24	static
C:/Users/Gothmog/Desktop/STAGE_PROGS/FP-AI-VISION1_CC/FP-AI-VISION1_V3.0.0/Drivers/BSP/Components/wm8994/wm8994_reg.c:573:10:wm8994_pwr_mgmt_3_mixoutr_ena	24	static
C:/Users/Gothmog/Desktop/STAGE_PROGS/FP-AI-VISION1_CC/FP-AI-VISION1_V3.0.0/Drivers/BSP/Components/wm8994/wm8994_reg.c:598:10:wm8994_pwr_mgmt_3_mixoutl_ena	24	static
C:/Users/Gothmog/Desktop/STAGE_PROGS/FP-AI-VISION1_CC/FP-AI-VISION1_V3.0.0/Drivers/BSP/Components/wm8994/wm8994_reg.c:623:10:wm8994_pwr_mgmt_3_mixoutrvol_ena	24	static
C:/Users/Gothmog/Desktop/STAGE_PROGS/FP-AI-VISION1_CC/FP-AI-VISION1_V3.0.0/Drivers/BSP/Components/wm8994/wm8994_reg.c:648:10:wm8994_pwr_mgmt_3_mixoutlvol_ena	24	static
C:/Users/Gothmog/Desktop/STAGE_PROGS/FP-AI-VISION1_CC/FP-AI-VISION1_V3.0.0/Drivers/BSP/Components/wm8994/wm8994_reg.c:673:10:wm8994_pwr_mgmt_3_spklvol_ena	24	static
C:/Users/Gothmog/Desktop/STAGE_PROGS/FP-AI-VISION1_CC/FP-AI-VISION1_V3.0.0/Drivers/BSP/Components/wm8994/wm8994_reg.c:698:10:wm8994_pwr_mgmt_3_spkrvol_ena	24	static
C:/Users/Gothmog/Desktop/STAGE_PROGS/FP-AI-VISION1_CC/FP-AI-VISION1_V3.0.0/Drivers/BSP/Components/wm8994/wm8994_reg.c:723:10:wm8994_pwr_mgmt_3_lineout2p_ena	24	static
C:/Users/Gothmog/Desktop/STAGE_PROGS/FP-AI-VISION1_CC/FP-AI-VISION1_V3.0.0/Drivers/BSP/Components/wm8994/wm8994_reg.c:748:10:wm8994_pwr_mgmt_3_lineout2n_ena	24	static
C:/Users/Gothmog/Desktop/STAGE_PROGS/FP-AI-VISION1_CC/FP-AI-VISION1_V3.0.0/Drivers/BSP/Components/wm8994/wm8994_reg.c:773:10:wm8994_pwr_mgmt_3_lineout1p_ena	24	static
C:/Users/Gothmog/Desktop/STAGE_PROGS/FP-AI-VISION1_CC/FP-AI-VISION1_V3.0.0/Drivers/BSP/Components/wm8994/wm8994_reg.c:798:10:wm8994_pwr_mgmt_3_lineout1n_ena	24	static
C:/Users/Gothmog/Desktop/STAGE_PROGS/FP-AI-VISION1_CC/FP-AI-VISION1_V3.0.0/Drivers/BSP/Components/wm8994/wm8994_reg.c:823:10:wm8994_pwr_mgmt_4_adcr_ena	24	static
C:/Users/Gothmog/Desktop/STAGE_PROGS/FP-AI-VISION1_CC/FP-AI-VISION1_V3.0.0/Drivers/BSP/Components/wm8994/wm8994_reg.c:848:10:wm8994_pwr_mgmt_4_adcl_ena	24	static
C:/Users/Gothmog/Desktop/STAGE_PROGS/FP-AI-VISION1_CC/FP-AI-VISION1_V3.0.0/Drivers/BSP/Components/wm8994/wm8994_reg.c:873:10:wm8994_pwr_mgmt_4_dmic1r_ena	24	static
C:/Users/Gothmog/Desktop/STAGE_PROGS/FP-AI-VISION1_CC/FP-AI-VISION1_V3.0.0/Drivers/BSP/Components/wm8994/wm8994_reg.c:898:10:wm8994_pwr_mgmt_4_dmic1l_ena	24	static
C:/Users/Gothmog/Desktop/STAGE_PROGS/FP-AI-VISION1_CC/FP-AI-VISION1_V3.0.0/Drivers/BSP/Components/wm8994/wm8994_reg.c:923:10:wm8994_pwr_mgmt_4_dmic2r_ena	24	static
C:/Users/Gothmog/Desktop/STAGE_PROGS/FP-AI-VISION1_CC/FP-AI-VISION1_V3.0.0/Drivers/BSP/Components/wm8994/wm8994_reg.c:948:10:wm8994_pwr_mgmt_4_dmic2l_ena	24	static
C:/Users/Gothmog/Desktop/STAGE_PROGS/FP-AI-VISION1_CC/FP-AI-VISION1_V3.0.0/Drivers/BSP/Components/wm8994/wm8994_reg.c:973:10:wm8994_pwr_mgmt_4_aif1adc1r_ena	24	static
C:/Users/Gothmog/Desktop/STAGE_PROGS/FP-AI-VISION1_CC/FP-AI-VISION1_V3.0.0/Drivers/BSP/Components/wm8994/wm8994_reg.c:998:10:wm8994_pwr_mgmt_4_aif1adc1l_ena	24	static
C:/Users/Gothmog/Desktop/STAGE_PROGS/FP-AI-VISION1_CC/FP-AI-VISION1_V3.0.0/Drivers/BSP/Components/wm8994/wm8994_reg.c:1023:10:wm8994_pwr_mgmt_4_aif1adc2r_ena	24	static
C:/Users/Gothmog/Desktop/STAGE_PROGS/FP-AI-VISION1_CC/FP-AI-VISION1_V3.0.0/Drivers/BSP/Components/wm8994/wm8994_reg.c:1048:10:wm8994_pwr_mgmt_4_aif1adc2l_ena	24	static
C:/Users/Gothmog/Desktop/STAGE_PROGS/FP-AI-VISION1_CC/FP-AI-VISION1_V3.0.0/Drivers/BSP/Components/wm8994/wm8994_reg.c:1073:10:wm8994_pwr_mgmt_4_aif2adcr_ena	24	static
C:/Users/Gothmog/Desktop/STAGE_PROGS/FP-AI-VISION1_CC/FP-AI-VISION1_V3.0.0/Drivers/BSP/Components/wm8994/wm8994_reg.c:1098:10:wm8994_pwr_mgmt_4_aif2adcl_ena	24	static
C:/Users/Gothmog/Desktop/STAGE_PROGS/FP-AI-VISION1_CC/FP-AI-VISION1_V3.0.0/Drivers/BSP/Components/wm8994/wm8994_reg.c:1123:10:wm8994_pwr_mgmt_5_dac1r_ena	24	static
C:/Users/Gothmog/Desktop/STAGE_PROGS/FP-AI-VISION1_CC/FP-AI-VISION1_V3.0.0/Drivers/BSP/Components/wm8994/wm8994_reg.c:1148:10:wm8994_pwr_mgmt_5_dac1l_ena	24	static
C:/Users/Gothmog/Desktop/STAGE_PROGS/FP-AI-VISION1_CC/FP-AI-VISION1_V3.0.0/Drivers/BSP/Components/wm8994/wm8994_reg.c:1174:10:wm8994_pwr_mgmt_5_dac2r_ena	24	static
C:/Users/Gothmog/Desktop/STAGE_PROGS/FP-AI-VISION1_CC/FP-AI-VISION1_V3.0.0/Drivers/BSP/Components/wm8994/wm8994_reg.c:1199:10:wm8994_pwr_mgmt_5_dac2l_ena	24	static
C:/Users/Gothmog/Desktop/STAGE_PROGS/FP-AI-VISION1_CC/FP-AI-VISION1_V3.0.0/Drivers/BSP/Components/wm8994/wm8994_reg.c:1224:10:wm8994_pwr_mgmt_5_aif1dac1r_ena	24	static
C:/Users/Gothmog/Desktop/STAGE_PROGS/FP-AI-VISION1_CC/FP-AI-VISION1_V3.0.0/Drivers/BSP/Components/wm8994/wm8994_reg.c:1249:10:wm8994_pwr_mgmt_5_aif1dac1l_ena	24	static
C:/Users/Gothmog/Desktop/STAGE_PROGS/FP-AI-VISION1_CC/FP-AI-VISION1_V3.0.0/Drivers/BSP/Components/wm8994/wm8994_reg.c:1274:10:wm8994_pwr_mgmt_5_aif1dac2r_ena	24	static
C:/Users/Gothmog/Desktop/STAGE_PROGS/FP-AI-VISION1_CC/FP-AI-VISION1_V3.0.0/Drivers/BSP/Components/wm8994/wm8994_reg.c:1299:10:wm8994_pwr_mgmt_5_aif1dac2l_ena	24	static
C:/Users/Gothmog/Desktop/STAGE_PROGS/FP-AI-VISION1_CC/FP-AI-VISION1_V3.0.0/Drivers/BSP/Components/wm8994/wm8994_reg.c:1324:10:wm8994_pwr_mgmt_5_aif2dacr_ena	24	static
C:/Users/Gothmog/Desktop/STAGE_PROGS/FP-AI-VISION1_CC/FP-AI-VISION1_V3.0.0/Drivers/BSP/Components/wm8994/wm8994_reg.c:1349:10:wm8994_pwr_mgmt_5_aif2dacl_ena	24	static
C:/Users/Gothmog/Desktop/STAGE_PROGS/FP-AI-VISION1_CC/FP-AI-VISION1_V3.0.0/Drivers/BSP/Components/wm8994/wm8994_reg.c:1374:10:wm8994_pwr_mgmt_6_aif1_dacdat_src	24	static
C:/Users/Gothmog/Desktop/STAGE_PROGS/FP-AI-VISION1_CC/FP-AI-VISION1_V3.0.0/Drivers/BSP/Components/wm8994/wm8994_reg.c:1399:10:wm8994_pwr_mgmt_6_aif2_dacdat_src	24	static
C:/Users/Gothmog/Desktop/STAGE_PROGS/FP-AI-VISION1_CC/FP-AI-VISION1_V3.0.0/Drivers/BSP/Components/wm8994/wm8994_reg.c:1424:10:wm8994_pwr_mgmt_6_aif2_adcdat_src	24	static
C:/Users/Gothmog/Desktop/STAGE_PROGS/FP-AI-VISION1_CC/FP-AI-VISION1_V3.0.0/Drivers/BSP/Components/wm8994/wm8994_reg.c:1449:10:wm8994_pwr_mgmt_6_aif3_adcdat_src	24	static
C:/Users/Gothmog/Desktop/STAGE_PROGS/FP-AI-VISION1_CC/FP-AI-VISION1_V3.0.0/Drivers/BSP/Components/wm8994/wm8994_reg.c:1474:10:wm8994_pwr_mgmt_6_aif3_tri	24	static
C:/Users/Gothmog/Desktop/STAGE_PROGS/FP-AI-VISION1_CC/FP-AI-VISION1_V3.0.0/Drivers/BSP/Components/wm8994/wm8994_reg.c:1499:10:wm8994_inmixer1_inputs_clamp	24	static
C:/Users/Gothmog/Desktop/STAGE_PROGS/FP-AI-VISION1_CC/FP-AI-VISION1_V3.0.0/Drivers/BSP/Components/wm8994/wm8994_reg.c:1524:10:wm8994_inmixer1_in1lp_mixinl_boost	24	static
C:/Users/Gothmog/Desktop/STAGE_PROGS/FP-AI-VISION1_CC/FP-AI-VISION1_V3.0.0/Drivers/BSP/Components/wm8994/wm8994_reg.c:1549:10:wm8994_inmixer1_in1rp_mixinr_boost	24	static
C:/Users/Gothmog/Desktop/STAGE_PROGS/FP-AI-VISION1_CC/FP-AI-VISION1_V3.0.0/Drivers/BSP/Components/wm8994/wm8994_reg.c:1574:10:wm8994_lli_in1l_vol	24	static
C:/Users/Gothmog/Desktop/STAGE_PROGS/FP-AI-VISION1_CC/FP-AI-VISION1_V3.0.0/Drivers/BSP/Components/wm8994/wm8994_reg.c:1599:10:wm8994_lli_in1l_zc	24	static
C:/Users/Gothmog/Desktop/STAGE_PROGS/FP-AI-VISION1_CC/FP-AI-VISION1_V3.0.0/Drivers/BSP/Components/wm8994/wm8994_reg.c:1624:10:wm8994_lli_in1l_mute	24	static
C:/Users/Gothmog/Desktop/STAGE_PROGS/FP-AI-VISION1_CC/FP-AI-VISION1_V3.0.0/Drivers/BSP/Components/wm8994/wm8994_reg.c:1649:10:wm8994_lli_in1_vu	24	static
C:/Users/Gothmog/Desktop/STAGE_PROGS/FP-AI-VISION1_CC/FP-AI-VISION1_V3.0.0/Drivers/BSP/Components/wm8994/wm8994_reg.c:1674:10:wm8994_lli_in2l_vol	24	static
C:/Users/Gothmog/Desktop/STAGE_PROGS/FP-AI-VISION1_CC/FP-AI-VISION1_V3.0.0/Drivers/BSP/Components/wm8994/wm8994_reg.c:1699:10:wm8994_lli_in2l_zc	24	static
C:/Users/Gothmog/Desktop/STAGE_PROGS/FP-AI-VISION1_CC/FP-AI-VISION1_V3.0.0/Drivers/BSP/Components/wm8994/wm8994_reg.c:1724:10:wm8994_lli_in2l_mute	24	static
C:/Users/Gothmog/Desktop/STAGE_PROGS/FP-AI-VISION1_CC/FP-AI-VISION1_V3.0.0/Drivers/BSP/Components/wm8994/wm8994_reg.c:1749:10:wm8994_lli_in2_vu	24	static
C:/Users/Gothmog/Desktop/STAGE_PROGS/FP-AI-VISION1_CC/FP-AI-VISION1_V3.0.0/Drivers/BSP/Components/wm8994/wm8994_reg.c:1774:10:wm8994_rli_in1r_vol	24	static
C:/Users/Gothmog/Desktop/STAGE_PROGS/FP-AI-VISION1_CC/FP-AI-VISION1_V3.0.0/Drivers/BSP/Components/wm8994/wm8994_reg.c:1799:10:wm8994_rli_in1r_zc	24	static
C:/Users/Gothmog/Desktop/STAGE_PROGS/FP-AI-VISION1_CC/FP-AI-VISION1_V3.0.0/Drivers/BSP/Components/wm8994/wm8994_reg.c:1824:10:wm8994_rli_in1r_mute	24	static
C:/Users/Gothmog/Desktop/STAGE_PROGS/FP-AI-VISION1_CC/FP-AI-VISION1_V3.0.0/Drivers/BSP/Components/wm8994/wm8994_reg.c:1849:10:wm8994_rli_in1_vu	24	static
C:/Users/Gothmog/Desktop/STAGE_PROGS/FP-AI-VISION1_CC/FP-AI-VISION1_V3.0.0/Drivers/BSP/Components/wm8994/wm8994_reg.c:1874:10:wm8994_rli_in2r_vol	24	static
C:/Users/Gothmog/Desktop/STAGE_PROGS/FP-AI-VISION1_CC/FP-AI-VISION1_V3.0.0/Drivers/BSP/Components/wm8994/wm8994_reg.c:1899:10:wm8994_rli_in2r_zc	24	static
C:/Users/Gothmog/Desktop/STAGE_PROGS/FP-AI-VISION1_CC/FP-AI-VISION1_V3.0.0/Drivers/BSP/Components/wm8994/wm8994_reg.c:1924:10:wm8994_rli_in2r_mute	24	static
C:/Users/Gothmog/Desktop/STAGE_PROGS/FP-AI-VISION1_CC/FP-AI-VISION1_V3.0.0/Drivers/BSP/Components/wm8994/wm8994_reg.c:1949:10:wm8994_rli_in2_vu	24	static
C:/Users/Gothmog/Desktop/STAGE_PROGS/FP-AI-VISION1_CC/FP-AI-VISION1_V3.0.0/Drivers/BSP/Components/wm8994/wm8994_reg.c:1974:10:wm8994_lo_hpout1l_vol	24	static
C:/Users/Gothmog/Desktop/STAGE_PROGS/FP-AI-VISION1_CC/FP-AI-VISION1_V3.0.0/Drivers/BSP/Components/wm8994/wm8994_reg.c:1999:10:wm8994_lo_hpout1l_vol_r	16	static
C:/Users/Gothmog/Desktop/STAGE_PROGS/FP-AI-VISION1_CC/FP-AI-VISION1_V3.0.0/Drivers/BSP/Components/wm8994/wm8994_reg.c:2021:10:wm8994_lo_hpout1l_mute_n	24	static
C:/Users/Gothmog/Desktop/STAGE_PROGS/FP-AI-VISION1_CC/FP-AI-VISION1_V3.0.0/Drivers/BSP/Components/wm8994/wm8994_reg.c:2046:10:wm8994_lo_hpout1l_zc	24	static
C:/Users/Gothmog/Desktop/STAGE_PROGS/FP-AI-VISION1_CC/FP-AI-VISION1_V3.0.0/Drivers/BSP/Components/wm8994/wm8994_reg.c:2071:10:wm8994_lo_hpout1l_vu	24	static
C:/Users/Gothmog/Desktop/STAGE_PROGS/FP-AI-VISION1_CC/FP-AI-VISION1_V3.0.0/Drivers/BSP/Components/wm8994/wm8994_reg.c:2096:10:wm8994_ro_hpout1r_vol	24	static
C:/Users/Gothmog/Desktop/STAGE_PROGS/FP-AI-VISION1_CC/FP-AI-VISION1_V3.0.0/Drivers/BSP/Components/wm8994/wm8994_reg.c:2121:10:wm8994_ro_hpout1r_mute_n	24	static
C:/Users/Gothmog/Desktop/STAGE_PROGS/FP-AI-VISION1_CC/FP-AI-VISION1_V3.0.0/Drivers/BSP/Components/wm8994/wm8994_reg.c:2146:10:wm8994_ro_hpout1r_zc	24	static
C:/Users/Gothmog/Desktop/STAGE_PROGS/FP-AI-VISION1_CC/FP-AI-VISION1_V3.0.0/Drivers/BSP/Components/wm8994/wm8994_reg.c:2171:10:wm8994_ro_hpout1r_vu	24	static
C:/Users/Gothmog/Desktop/STAGE_PROGS/FP-AI-VISION1_CC/FP-AI-VISION1_V3.0.0/Drivers/BSP/Components/wm8994/wm8994_reg.c:2196:10:wm8994_spkmixl_att_vol	24	static
C:/Users/Gothmog/Desktop/STAGE_PROGS/FP-AI-VISION1_CC/FP-AI-VISION1_V3.0.0/Drivers/BSP/Components/wm8994/wm8994_reg.c:2221:10:wm8994_spkmixl_att_dac1_vol	24	static
C:/Users/Gothmog/Desktop/STAGE_PROGS/FP-AI-VISION1_CC/FP-AI-VISION1_V3.0.0/Drivers/BSP/Components/wm8994/wm8994_reg.c:2246:10:wm8994_spkmixl_att_mixoutl_vol	24	static
C:/Users/Gothmog/Desktop/STAGE_PROGS/FP-AI-VISION1_CC/FP-AI-VISION1_V3.0.0/Drivers/BSP/Components/wm8994/wm8994_reg.c:2271:10:wm8994_spkmixl_att_in1lp_vol	24	static
C:/Users/Gothmog/Desktop/STAGE_PROGS/FP-AI-VISION1_CC/FP-AI-VISION1_V3.0.0/Drivers/BSP/Components/wm8994/wm8994_reg.c:2296:10:wm8994_spkmixl_att_mixinl_vol	24	static
C:/Users/Gothmog/Desktop/STAGE_PROGS/FP-AI-VISION1_CC/FP-AI-VISION1_V3.0.0/Drivers/BSP/Components/wm8994/wm8994_reg.c:2321:10:wm8994_spkmixl_att_dac2l_vol	24	static
C:/Users/Gothmog/Desktop/STAGE_PROGS/FP-AI-VISION1_CC/FP-AI-VISION1_V3.0.0/Drivers/BSP/Components/wm8994/wm8994_reg.c:2346:10:wm8994_spkmixl_att_spkab_refsel	24	static
C:/Users/Gothmog/Desktop/STAGE_PROGS/FP-AI-VISION1_CC/FP-AI-VISION1_V3.0.0/Drivers/BSP/Components/wm8994/wm8994_reg.c:2371:10:wm8994_spkmixr_att_vol	24	static
C:/Users/Gothmog/Desktop/STAGE_PROGS/FP-AI-VISION1_CC/FP-AI-VISION1_V3.0.0/Drivers/BSP/Components/wm8994/wm8994_reg.c:2396:10:wm8994_spkmixr_att_dac1_vol	24	static
C:/Users/Gothmog/Desktop/STAGE_PROGS/FP-AI-VISION1_CC/FP-AI-VISION1_V3.0.0/Drivers/BSP/Components/wm8994/wm8994_reg.c:2421:10:wm8994_spkmixr_att_mixoutl_vol	24	static
C:/Users/Gothmog/Desktop/STAGE_PROGS/FP-AI-VISION1_CC/FP-AI-VISION1_V3.0.0/Drivers/BSP/Components/wm8994/wm8994_reg.c:2446:10:wm8994_spkmixr_att_in1rp_vol	24	static
C:/Users/Gothmog/Desktop/STAGE_PROGS/FP-AI-VISION1_CC/FP-AI-VISION1_V3.0.0/Drivers/BSP/Components/wm8994/wm8994_reg.c:2471:10:wm8994_spkmixr_att_mixinl_vol	24	static
C:/Users/Gothmog/Desktop/STAGE_PROGS/FP-AI-VISION1_CC/FP-AI-VISION1_V3.0.0/Drivers/BSP/Components/wm8994/wm8994_reg.c:2496:10:wm8994_spkmixr_att_dac2r_vol	24	static
C:/Users/Gothmog/Desktop/STAGE_PROGS/FP-AI-VISION1_CC/FP-AI-VISION1_V3.0.0/Drivers/BSP/Components/wm8994/wm8994_reg.c:2521:10:wm8994_spkmixr_att_spkout_classab	24	static
C:/Users/Gothmog/Desktop/STAGE_PROGS/FP-AI-VISION1_CC/FP-AI-VISION1_V3.0.0/Drivers/BSP/Components/wm8994/wm8994_reg.c:2546:10:wm8994_spk_left_vol_spkout_vol	24	static
C:/Users/Gothmog/Desktop/STAGE_PROGS/FP-AI-VISION1_CC/FP-AI-VISION1_V3.0.0/Drivers/BSP/Components/wm8994/wm8994_reg.c:2571:10:wm8994_spk_left_vol_spkout_mute_n	24	static
C:/Users/Gothmog/Desktop/STAGE_PROGS/FP-AI-VISION1_CC/FP-AI-VISION1_V3.0.0/Drivers/BSP/Components/wm8994/wm8994_reg.c:2596:10:wm8994_spk_left_vol_spkout_zc	24	static
C:/Users/Gothmog/Desktop/STAGE_PROGS/FP-AI-VISION1_CC/FP-AI-VISION1_V3.0.0/Drivers/BSP/Components/wm8994/wm8994_reg.c:2621:10:wm8994_spk_left_vol_spkout_vu	24	static
C:/Users/Gothmog/Desktop/STAGE_PROGS/FP-AI-VISION1_CC/FP-AI-VISION1_V3.0.0/Drivers/BSP/Components/wm8994/wm8994_reg.c:2646:10:wm8994_spk_right_vol_spkout_vol	24	static
C:/Users/Gothmog/Desktop/STAGE_PROGS/FP-AI-VISION1_CC/FP-AI-VISION1_V3.0.0/Drivers/BSP/Components/wm8994/wm8994_reg.c:2671:10:wm8994_spk_right_vol_spkout_mute_n	24	static
C:/Users/Gothmog/Desktop/STAGE_PROGS/FP-AI-VISION1_CC/FP-AI-VISION1_V3.0.0/Drivers/BSP/Components/wm8994/wm8994_reg.c:2696:10:wm8994_spk_right_vol_spkout_zc	24	static
C:/Users/Gothmog/Desktop/STAGE_PROGS/FP-AI-VISION1_CC/FP-AI-VISION1_V3.0.0/Drivers/BSP/Components/wm8994/wm8994_reg.c:2721:10:wm8994_spk_right_vol_spkout_vu	24	static
C:/Users/Gothmog/Desktop/STAGE_PROGS/FP-AI-VISION1_CC/FP-AI-VISION1_V3.0.0/Drivers/BSP/Components/wm8994/wm8994_reg.c:2746:10:wm8994_inmixer2_in1rn_to_in1r	24	static
C:/Users/Gothmog/Desktop/STAGE_PROGS/FP-AI-VISION1_CC/FP-AI-VISION1_V3.0.0/Drivers/BSP/Components/wm8994/wm8994_reg.c:2771:10:wm8994_inmixer2_in1rp_to_in1r	24	static
C:/Users/Gothmog/Desktop/STAGE_PROGS/FP-AI-VISION1_CC/FP-AI-VISION1_V3.0.0/Drivers/BSP/Components/wm8994/wm8994_reg.c:2796:10:wm8994_inmixer2_in2rn_to_in2r	24	static
C:/Users/Gothmog/Desktop/STAGE_PROGS/FP-AI-VISION1_CC/FP-AI-VISION1_V3.0.0/Drivers/BSP/Components/wm8994/wm8994_reg.c:2821:10:wm8994_inmixer2_in2rp_to_in2r	24	static
C:/Users/Gothmog/Desktop/STAGE_PROGS/FP-AI-VISION1_CC/FP-AI-VISION1_V3.0.0/Drivers/BSP/Components/wm8994/wm8994_reg.c:2846:10:wm8994_inmixer2_in1ln_to_in1l	24	static
C:/Users/Gothmog/Desktop/STAGE_PROGS/FP-AI-VISION1_CC/FP-AI-VISION1_V3.0.0/Drivers/BSP/Components/wm8994/wm8994_reg.c:2871:10:wm8994_inmixer2_in1lp_to_in1l	24	static
C:/Users/Gothmog/Desktop/STAGE_PROGS/FP-AI-VISION1_CC/FP-AI-VISION1_V3.0.0/Drivers/BSP/Components/wm8994/wm8994_reg.c:2896:10:wm8994_inmixer2_in2ln_to_in2l	24	static
C:/Users/Gothmog/Desktop/STAGE_PROGS/FP-AI-VISION1_CC/FP-AI-VISION1_V3.0.0/Drivers/BSP/Components/wm8994/wm8994_reg.c:2921:10:wm8994_inmixer2_in2lp_to_in2l	24	static
C:/Users/Gothmog/Desktop/STAGE_PROGS/FP-AI-VISION1_CC/FP-AI-VISION1_V3.0.0/Drivers/BSP/Components/wm8994/wm8994_reg.c:2946:10:wm8994_inmixer3_mixoutl_mixinl_vol	24	static
C:/Users/Gothmog/Desktop/STAGE_PROGS/FP-AI-VISION1_CC/FP-AI-VISION1_V3.0.0/Drivers/BSP/Components/wm8994/wm8994_reg.c:2972:10:wm8994_inmixer3_in1l_mixinl_vol	24	static
C:/Users/Gothmog/Desktop/STAGE_PROGS/FP-AI-VISION1_CC/FP-AI-VISION1_V3.0.0/Drivers/BSP/Components/wm8994/wm8994_reg.c:2997:10:wm8994_inmixer3_in1l_to_mixinl	24	static
C:/Users/Gothmog/Desktop/STAGE_PROGS/FP-AI-VISION1_CC/FP-AI-VISION1_V3.0.0/Drivers/BSP/Components/wm8994/wm8994_reg.c:3022:10:wm8994_inmixer3_in2l_mixinl_vol	24	static
C:/Users/Gothmog/Desktop/STAGE_PROGS/FP-AI-VISION1_CC/FP-AI-VISION1_V3.0.0/Drivers/BSP/Components/wm8994/wm8994_reg.c:3047:10:wm8994_inmixer3_in2l_to_mixinl	24	static
C:/Users/Gothmog/Desktop/STAGE_PROGS/FP-AI-VISION1_CC/FP-AI-VISION1_V3.0.0/Drivers/BSP/Components/wm8994/wm8994_reg.c:3072:10:wm8994_inmixer4_mixoutr_mixinr_vol	24	static
C:/Users/Gothmog/Desktop/STAGE_PROGS/FP-AI-VISION1_CC/FP-AI-VISION1_V3.0.0/Drivers/BSP/Components/wm8994/wm8994_reg.c:3098:10:wm8994_inmixer4_in1r_mixinr_vol	24	static
C:/Users/Gothmog/Desktop/STAGE_PROGS/FP-AI-VISION1_CC/FP-AI-VISION1_V3.0.0/Drivers/BSP/Components/wm8994/wm8994_reg.c:3123:10:wm8994_inmixer4_in1r_to_mixinr	24	static
C:/Users/Gothmog/Desktop/STAGE_PROGS/FP-AI-VISION1_CC/FP-AI-VISION1_V3.0.0/Drivers/BSP/Components/wm8994/wm8994_reg.c:3148:10:wm8994_inmixer4_in2r_mixinr_vol	24	static
C:/Users/Gothmog/Desktop/STAGE_PROGS/FP-AI-VISION1_CC/FP-AI-VISION1_V3.0.0/Drivers/BSP/Components/wm8994/wm8994_reg.c:3173:10:wm8994_inmixer4_in2r_to_mixinr	24	static
C:/Users/Gothmog/Desktop/STAGE_PROGS/FP-AI-VISION1_CC/FP-AI-VISION1_V3.0.0/Drivers/BSP/Components/wm8994/wm8994_reg.c:3198:10:wm8994_inmixer5_in2lrp_mixinl_vol	24	static
C:/Users/Gothmog/Desktop/STAGE_PROGS/FP-AI-VISION1_CC/FP-AI-VISION1_V3.0.0/Drivers/BSP/Components/wm8994/wm8994_reg.c:3223:10:wm8994_inmixer5_in1lp_mixinl_vol	24	static
C:/Users/Gothmog/Desktop/STAGE_PROGS/FP-AI-VISION1_CC/FP-AI-VISION1_V3.0.0/Drivers/BSP/Components/wm8994/wm8994_reg.c:3248:10:wm8994_inmixer6_in2lrp_mixinr_vol	24	static
C:/Users/Gothmog/Desktop/STAGE_PROGS/FP-AI-VISION1_CC/FP-AI-VISION1_V3.0.0/Drivers/BSP/Components/wm8994/wm8994_reg.c:3273:10:wm8994_inmixer6_in1rp_mixinr_vol	24	static
C:/Users/Gothmog/Desktop/STAGE_PROGS/FP-AI-VISION1_CC/FP-AI-VISION1_V3.0.0/Drivers/BSP/Components/wm8994/wm8994_reg.c:3298:10:wm8994_outmixer1_dac1l_to_mixoutl	24	static
C:/Users/Gothmog/Desktop/STAGE_PROGS/FP-AI-VISION1_CC/FP-AI-VISION1_V3.0.0/Drivers/BSP/Components/wm8994/wm8994_reg.c:3323:10:wm8994_outmixer1_in2lp_to_mixoutl	24	static
C:/Users/Gothmog/Desktop/STAGE_PROGS/FP-AI-VISION1_CC/FP-AI-VISION1_V3.0.0/Drivers/BSP/Components/wm8994/wm8994_reg.c:3348:10:wm8994_outmixer1_in1l_to_mixoutl	24	static
C:/Users/Gothmog/Desktop/STAGE_PROGS/FP-AI-VISION1_CC/FP-AI-VISION1_V3.0.0/Drivers/BSP/Components/wm8994/wm8994_reg.c:3373:10:wm8994_outmixer1_in1r_to_mixoutl	24	static
C:/Users/Gothmog/Desktop/STAGE_PROGS/FP-AI-VISION1_CC/FP-AI-VISION1_V3.0.0/Drivers/BSP/Components/wm8994/wm8994_reg.c:3398:10:wm8994_outmixer1_in2ln_to_mixoutl	24	static
C:/Users/Gothmog/Desktop/STAGE_PROGS/FP-AI-VISION1_CC/FP-AI-VISION1_V3.0.0/Drivers/BSP/Components/wm8994/wm8994_reg.c:3423:10:wm8994_outmixer1_in2rn_to_mixoutl	24	static
C:/Users/Gothmog/Desktop/STAGE_PROGS/FP-AI-VISION1_CC/FP-AI-VISION1_V3.0.0/Drivers/BSP/Components/wm8994/wm8994_reg.c:3448:10:wm8994_outmixer1_mixinl_to_mixoutl	24	static
C:/Users/Gothmog/Desktop/STAGE_PROGS/FP-AI-VISION1_CC/FP-AI-VISION1_V3.0.0/Drivers/BSP/Components/wm8994/wm8994_reg.c:3473:10:wm8994_outmixer1_mixinr_to_mixoutl	24	static
C:/Users/Gothmog/Desktop/STAGE_PROGS/FP-AI-VISION1_CC/FP-AI-VISION1_V3.0.0/Drivers/BSP/Components/wm8994/wm8994_reg.c:3498:10:wm8994_outmixer1_dac1l_to_hpout1l	24	static
C:/Users/Gothmog/Desktop/STAGE_PROGS/FP-AI-VISION1_CC/FP-AI-VISION1_V3.0.0/Drivers/BSP/Components/wm8994/wm8994_reg.c:3523:10:wm8994_outmixer2_dac1r_to_mixoutr	24	static
C:/Users/Gothmog/Desktop/STAGE_PROGS/FP-AI-VISION1_CC/FP-AI-VISION1_V3.0.0/Drivers/BSP/Components/wm8994/wm8994_reg.c:3548:10:wm8994_outmixer2_in2rp_to_mixoutr	24	static
C:/Users/Gothmog/Desktop/STAGE_PROGS/FP-AI-VISION1_CC/FP-AI-VISION1_V3.0.0/Drivers/BSP/Components/wm8994/wm8994_reg.c:3573:10:wm8994_outmixer2_in1r_to_mixoutr	24	static
C:/Users/Gothmog/Desktop/STAGE_PROGS/FP-AI-VISION1_CC/FP-AI-VISION1_V3.0.0/Drivers/BSP/Components/wm8994/wm8994_reg.c:3598:10:wm8994_outmixer2_in1l_to_mixoutr	24	static
C:/Users/Gothmog/Desktop/STAGE_PROGS/FP-AI-VISION1_CC/FP-AI-VISION1_V3.0.0/Drivers/BSP/Components/wm8994/wm8994_reg.c:3623:10:wm8994_outmixer2_in2rn_to_mixoutr	24	static
C:/Users/Gothmog/Desktop/STAGE_PROGS/FP-AI-VISION1_CC/FP-AI-VISION1_V3.0.0/Drivers/BSP/Components/wm8994/wm8994_reg.c:3648:10:wm8994_outmixer2_in2ln_to_mixoutr	24	static
C:/Users/Gothmog/Desktop/STAGE_PROGS/FP-AI-VISION1_CC/FP-AI-VISION1_V3.0.0/Drivers/BSP/Components/wm8994/wm8994_reg.c:3673:10:wm8994_outmixer2_mixinr_to_mixoutr	24	static
C:/Users/Gothmog/Desktop/STAGE_PROGS/FP-AI-VISION1_CC/FP-AI-VISION1_V3.0.0/Drivers/BSP/Components/wm8994/wm8994_reg.c:3698:10:wm8994_outmixer2_mixinl_to_mixoutr	24	static
C:/Users/Gothmog/Desktop/STAGE_PROGS/FP-AI-VISION1_CC/FP-AI-VISION1_V3.0.0/Drivers/BSP/Components/wm8994/wm8994_reg.c:3723:10:wm8994_outmixer2_dac1r_to_hpout1r	24	static
C:/Users/Gothmog/Desktop/STAGE_PROGS/FP-AI-VISION1_CC/FP-AI-VISION1_V3.0.0/Drivers/BSP/Components/wm8994/wm8994_reg.c:3748:10:wm8994_spkmixer_dac1r_to_spkmixr	24	static
C:/Users/Gothmog/Desktop/STAGE_PROGS/FP-AI-VISION1_CC/FP-AI-VISION1_V3.0.0/Drivers/BSP/Components/wm8994/wm8994_reg.c:3773:10:wm8994_spkmixer_dac1l_to_spkmixl	24	static
C:/Users/Gothmog/Desktop/STAGE_PROGS/FP-AI-VISION1_CC/FP-AI-VISION1_V3.0.0/Drivers/BSP/Components/wm8994/wm8994_reg.c:3798:10:wm8994_spkmixer_mixoutr_to_spkmixr	24	static
C:/Users/Gothmog/Desktop/STAGE_PROGS/FP-AI-VISION1_CC/FP-AI-VISION1_V3.0.0/Drivers/BSP/Components/wm8994/wm8994_reg.c:3823:10:wm8994_spkmixer_mixoutl_to_spkmixl	24	static
C:/Users/Gothmog/Desktop/STAGE_PROGS/FP-AI-VISION1_CC/FP-AI-VISION1_V3.0.0/Drivers/BSP/Components/wm8994/wm8994_reg.c:3848:10:wm8994_spkmixer_in1rp_to_spkmixr	24	static
C:/Users/Gothmog/Desktop/STAGE_PROGS/FP-AI-VISION1_CC/FP-AI-VISION1_V3.0.0/Drivers/BSP/Components/wm8994/wm8994_reg.c:3873:10:wm8994_spkmixer_in1lp_to_spkmixl	24	static
C:/Users/Gothmog/Desktop/STAGE_PROGS/FP-AI-VISION1_CC/FP-AI-VISION1_V3.0.0/Drivers/BSP/Components/wm8994/wm8994_reg.c:3898:10:wm8994_spkmixer_mixinr_to_spkmixr	24	static
C:/Users/Gothmog/Desktop/STAGE_PROGS/FP-AI-VISION1_CC/FP-AI-VISION1_V3.0.0/Drivers/BSP/Components/wm8994/wm8994_reg.c:3923:10:wm8994_spkmixer_mixinl_to_spkmixl	24	static
C:/Users/Gothmog/Desktop/STAGE_PROGS/FP-AI-VISION1_CC/FP-AI-VISION1_V3.0.0/Drivers/BSP/Components/wm8994/wm8994_reg.c:3948:10:wm8994_spkmixer_dac2r_to_spkmixr	24	static
C:/Users/Gothmog/Desktop/STAGE_PROGS/FP-AI-VISION1_CC/FP-AI-VISION1_V3.0.0/Drivers/BSP/Components/wm8994/wm8994_reg.c:3973:10:wm8994_spkmixer_dac2l_to_spkmixl	24	static
C:/Users/Gothmog/Desktop/STAGE_PROGS/FP-AI-VISION1_CC/FP-AI-VISION1_V3.0.0/Drivers/BSP/Components/wm8994/wm8994_reg.c:3998:10:wm8994_antipop2_vmid_disch	24	static
C:/Users/Gothmog/Desktop/STAGE_PROGS/FP-AI-VISION1_CC/FP-AI-VISION1_V3.0.0/Drivers/BSP/Components/wm8994/wm8994_reg.c:4023:10:wm8994_antipop2_bias_src	24	static
C:/Users/Gothmog/Desktop/STAGE_PROGS/FP-AI-VISION1_CC/FP-AI-VISION1_V3.0.0/Drivers/BSP/Components/wm8994/wm8994_reg.c:4048:10:wm8994_antipop2_startup_bias_ena	24	static
C:/Users/Gothmog/Desktop/STAGE_PROGS/FP-AI-VISION1_CC/FP-AI-VISION1_V3.0.0/Drivers/BSP/Components/wm8994/wm8994_reg.c:4073:10:wm8994_antipop2_vmid_buf_ena	24	static
C:/Users/Gothmog/Desktop/STAGE_PROGS/FP-AI-VISION1_CC/FP-AI-VISION1_V3.0.0/Drivers/BSP/Components/wm8994/wm8994_reg.c:4098:10:wm8994_antipop2_vmid_ramp	24	static
C:/Users/Gothmog/Desktop/STAGE_PROGS/FP-AI-VISION1_CC/FP-AI-VISION1_V3.0.0/Drivers/BSP/Components/wm8994/wm8994_reg.c:4123:10:wm8994_antipop2_micb1_disch	24	static
C:/Users/Gothmog/Desktop/STAGE_PROGS/FP-AI-VISION1_CC/FP-AI-VISION1_V3.0.0/Drivers/BSP/Components/wm8994/wm8994_reg.c:4148:10:wm8994_antipop2_micb2_disch	24	static
C:/Users/Gothmog/Desktop/STAGE_PROGS/FP-AI-VISION1_CC/FP-AI-VISION1_V3.0.0/Drivers/BSP/Components/wm8994/wm8994_reg.c:4173:10:wm8994_charge_pump1_cp_ena	24	static
C:/Users/Gothmog/Desktop/STAGE_PROGS/FP-AI-VISION1_CC/FP-AI-VISION1_V3.0.0/Drivers/BSP/Components/wm8994/wm8994_reg.c:4198:10:wm8994_charge_pump2_cp_disch	24	static
C:/Users/Gothmog/Desktop/STAGE_PROGS/FP-AI-VISION1_CC/FP-AI-VISION1_V3.0.0/Drivers/BSP/Components/wm8994/wm8994_reg.c:4223:10:wm8994_class_w_cp_dyn_pwr	24	static
C:/Users/Gothmog/Desktop/STAGE_PROGS/FP-AI-VISION1_CC/FP-AI-VISION1_V3.0.0/Drivers/BSP/Components/wm8994/wm8994_reg.c:4248:10:wm8994_class_w_cp_dyn_src_sel	24	static
C:/Users/Gothmog/Desktop/STAGE_PROGS/FP-AI-VISION1_CC/FP-AI-VISION1_V3.0.0/Drivers/BSP/Components/wm8994/wm8994_reg.c:4273:10:wm8994_dc_servo1_dcs_ena_chan_0	24	static
C:/Users/Gothmog/Desktop/STAGE_PROGS/FP-AI-VISION1_CC/FP-AI-VISION1_V3.0.0/Drivers/BSP/Components/wm8994/wm8994_reg.c:4298:10:wm8994_dc_servo1_dcs_ena_chan_1	24	static
C:/Users/Gothmog/Desktop/STAGE_PROGS/FP-AI-VISION1_CC/FP-AI-VISION1_V3.0.0/Drivers/BSP/Components/wm8994/wm8994_reg.c:4323:10:wm8994_dc_servo1_dcs_trig_dac_wr_0	24	static
C:/Users/Gothmog/Desktop/STAGE_PROGS/FP-AI-VISION1_CC/FP-AI-VISION1_V3.0.0/Drivers/BSP/Components/wm8994/wm8994_reg.c:4348:10:wm8994_dc_servo1_dcs_trig_dac_wr_1	24	static
C:/Users/Gothmog/Desktop/STAGE_PROGS/FP-AI-VISION1_CC/FP-AI-VISION1_V3.0.0/Drivers/BSP/Components/wm8994/wm8994_reg.c:4373:10:wm8994_dc_servo1_dcs_trig_startup_0	24	static
C:/Users/Gothmog/Desktop/STAGE_PROGS/FP-AI-VISION1_CC/FP-AI-VISION1_V3.0.0/Drivers/BSP/Components/wm8994/wm8994_reg.c:4398:10:wm8994_dc_servo1_dcs_trig_startup_1	24	static
C:/Users/Gothmog/Desktop/STAGE_PROGS/FP-AI-VISION1_CC/FP-AI-VISION1_V3.0.0/Drivers/BSP/Components/wm8994/wm8994_reg.c:4424:10:wm8994_dc_servo1_dcs_trig_series_0	24	static
C:/Users/Gothmog/Desktop/STAGE_PROGS/FP-AI-VISION1_CC/FP-AI-VISION1_V3.0.0/Drivers/BSP/Components/wm8994/wm8994_reg.c:4450:10:wm8994_dc_servo1_dcs_trig_series_1	24	static
C:/Users/Gothmog/Desktop/STAGE_PROGS/FP-AI-VISION1_CC/FP-AI-VISION1_V3.0.0/Drivers/BSP/Components/wm8994/wm8994_reg.c:4476:10:wm8994_dc_servo1_dcs_trig_single_0	24	static
C:/Users/Gothmog/Desktop/STAGE_PROGS/FP-AI-VISION1_CC/FP-AI-VISION1_V3.0.0/Drivers/BSP/Components/wm8994/wm8994_reg.c:4502:10:wm8994_dc_servo1_dcs_trig_single_1	24	static
C:/Users/Gothmog/Desktop/STAGE_PROGS/FP-AI-VISION1_CC/FP-AI-VISION1_V3.0.0/Drivers/BSP/Components/wm8994/wm8994_reg.c:4527:10:wm8994_analog_hp_hpout1r_dly	24	static
C:/Users/Gothmog/Desktop/STAGE_PROGS/FP-AI-VISION1_CC/FP-AI-VISION1_V3.0.0/Drivers/BSP/Components/wm8994/wm8994_reg.c:4552:10:wm8994_analog_hp_hpout1r_outp	24	static
C:/Users/Gothmog/Desktop/STAGE_PROGS/FP-AI-VISION1_CC/FP-AI-VISION1_V3.0.0/Drivers/BSP/Components/wm8994/wm8994_reg.c:4577:10:wm8994_analog_hp_hpout1r_rmv_short	24	static
C:/Users/Gothmog/Desktop/STAGE_PROGS/FP-AI-VISION1_CC/FP-AI-VISION1_V3.0.0/Drivers/BSP/Components/wm8994/wm8994_reg.c:4602:10:wm8994_analog_hp_hpout1l_dly	24	static
C:/Users/Gothmog/Desktop/STAGE_PROGS/FP-AI-VISION1_CC/FP-AI-VISION1_V3.0.0/Drivers/BSP/Components/wm8994/wm8994_reg.c:4627:10:wm8994_analog_hp_hpout1l_outp	24	static
C:/Users/Gothmog/Desktop/STAGE_PROGS/FP-AI-VISION1_CC/FP-AI-VISION1_V3.0.0/Drivers/BSP/Components/wm8994/wm8994_reg.c:4652:10:wm8994_analog_hp_hpout1l_rmv_short	24	static
C:/Users/Gothmog/Desktop/STAGE_PROGS/FP-AI-VISION1_CC/FP-AI-VISION1_V3.0.0/Drivers/BSP/Components/wm8994/wm8994_reg.c:4679:10:wm8994_wseq_ctrl1_start_index	24	static
C:/Users/Gothmog/Desktop/STAGE_PROGS/FP-AI-VISION1_CC/FP-AI-VISION1_V3.0.0/Drivers/BSP/Components/wm8994/wm8994_reg.c:4707:10:wm8994_wseq_ctrl1_start	24	static
C:/Users/Gothmog/Desktop/STAGE_PROGS/FP-AI-VISION1_CC/FP-AI-VISION1_V3.0.0/Drivers/BSP/Components/wm8994/wm8994_reg.c:4733:10:wm8994_wseq_ctrl1_abort	24	static
C:/Users/Gothmog/Desktop/STAGE_PROGS/FP-AI-VISION1_CC/FP-AI-VISION1_V3.0.0/Drivers/BSP/Components/wm8994/wm8994_reg.c:4758:10:wm8994_wseq_ctrl1_ena	24	static
C:/Users/Gothmog/Desktop/STAGE_PROGS/FP-AI-VISION1_CC/FP-AI-VISION1_V3.0.0/Drivers/BSP/Components/wm8994/wm8994_reg.c:4783:10:wm8994_aif1_clocking1_ena	24	static
C:/Users/Gothmog/Desktop/STAGE_PROGS/FP-AI-VISION1_CC/FP-AI-VISION1_V3.0.0/Drivers/BSP/Components/wm8994/wm8994_reg.c:4808:10:wm8994_aif1_clocking1_div	24	static
C:/Users/Gothmog/Desktop/STAGE_PROGS/FP-AI-VISION1_CC/FP-AI-VISION1_V3.0.0/Drivers/BSP/Components/wm8994/wm8994_reg.c:4833:10:wm8994_aif1_clocking1_inv	24	static
C:/Users/Gothmog/Desktop/STAGE_PROGS/FP-AI-VISION1_CC/FP-AI-VISION1_V3.0.0/Drivers/BSP/Components/wm8994/wm8994_reg.c:4858:10:wm8994_aif1_clocking1_src	24	static
C:/Users/Gothmog/Desktop/STAGE_PROGS/FP-AI-VISION1_CC/FP-AI-VISION1_V3.0.0/Drivers/BSP/Components/wm8994/wm8994_reg.c:4883:10:wm8994_clocking1_sysclk_src	24	static
C:/Users/Gothmog/Desktop/STAGE_PROGS/FP-AI-VISION1_CC/FP-AI-VISION1_V3.0.0/Drivers/BSP/Components/wm8994/wm8994_reg.c:4908:10:wm8994_clocking1_sysdspclk_ena	24	static
C:/Users/Gothmog/Desktop/STAGE_PROGS/FP-AI-VISION1_CC/FP-AI-VISION1_V3.0.0/Drivers/BSP/Components/wm8994/wm8994_reg.c:4933:10:wm8994_clocking1_aif2dspclk_ena	24	static
C:/Users/Gothmog/Desktop/STAGE_PROGS/FP-AI-VISION1_CC/FP-AI-VISION1_V3.0.0/Drivers/BSP/Components/wm8994/wm8994_reg.c:4958:10:wm8994_clocking1_aif1dspclk_ena	24	static
C:/Users/Gothmog/Desktop/STAGE_PROGS/FP-AI-VISION1_CC/FP-AI-VISION1_V3.0.0/Drivers/BSP/Components/wm8994/wm8994_reg.c:4983:10:wm8994_clocking1_toclk_ena	24	static
C:/Users/Gothmog/Desktop/STAGE_PROGS/FP-AI-VISION1_CC/FP-AI-VISION1_V3.0.0/Drivers/BSP/Components/wm8994/wm8994_reg.c:5008:10:wm8994_clocking2_opclk_div	24	static
C:/Users/Gothmog/Desktop/STAGE_PROGS/FP-AI-VISION1_CC/FP-AI-VISION1_V3.0.0/Drivers/BSP/Components/wm8994/wm8994_reg.c:5033:10:wm8994_clocking2_dbclk_div	24	static
C:/Users/Gothmog/Desktop/STAGE_PROGS/FP-AI-VISION1_CC/FP-AI-VISION1_V3.0.0/Drivers/BSP/Components/wm8994/wm8994_reg.c:5058:10:wm8994_clocking2_toclk_div	24	static
C:/Users/Gothmog/Desktop/STAGE_PROGS/FP-AI-VISION1_CC/FP-AI-VISION1_V3.0.0/Drivers/BSP/Components/wm8994/wm8994_reg.c:5083:10:wm8994_aif1_clk_rate	24	static
C:/Users/Gothmog/Desktop/STAGE_PROGS/FP-AI-VISION1_CC/FP-AI-VISION1_V3.0.0/Drivers/BSP/Components/wm8994/wm8994_reg.c:5108:10:wm8994_aif1_sr	24	static
C:/Users/Gothmog/Desktop/STAGE_PROGS/FP-AI-VISION1_CC/FP-AI-VISION1_V3.0.0/Drivers/BSP/Components/wm8994/wm8994_reg.c:5133:10:wm8994_aif1_sr_r	16	static
C:/Users/Gothmog/Desktop/STAGE_PROGS/FP-AI-VISION1_CC/FP-AI-VISION1_V3.0.0/Drivers/BSP/Components/wm8994/wm8994_reg.c:5155:10:wm8994_aif1_control1_fmt	24	static
C:/Users/Gothmog/Desktop/STAGE_PROGS/FP-AI-VISION1_CC/FP-AI-VISION1_V3.0.0/Drivers/BSP/Components/wm8994/wm8994_reg.c:5180:10:wm8994_aif1_control1_fmt_r	16	static
C:/Users/Gothmog/Desktop/STAGE_PROGS/FP-AI-VISION1_CC/FP-AI-VISION1_V3.0.0/Drivers/BSP/Components/wm8994/wm8994_reg.c:5202:10:wm8994_aif1_control1_wl	24	static
C:/Users/Gothmog/Desktop/STAGE_PROGS/FP-AI-VISION1_CC/FP-AI-VISION1_V3.0.0/Drivers/BSP/Components/wm8994/wm8994_reg.c:5227:10:wm8994_aif1_control1_wl_r	16	static
C:/Users/Gothmog/Desktop/STAGE_PROGS/FP-AI-VISION1_CC/FP-AI-VISION1_V3.0.0/Drivers/BSP/Components/wm8994/wm8994_reg.c:5249:10:wm8994_aif1_control1_lrclk_inv	24	static
C:/Users/Gothmog/Desktop/STAGE_PROGS/FP-AI-VISION1_CC/FP-AI-VISION1_V3.0.0/Drivers/BSP/Components/wm8994/wm8994_reg.c:5274:10:wm8994_aif1_control1_bclk_inv	24	static
C:/Users/Gothmog/Desktop/STAGE_PROGS/FP-AI-VISION1_CC/FP-AI-VISION1_V3.0.0/Drivers/BSP/Components/wm8994/wm8994_reg.c:5299:10:wm8994_aif1_control1_adc_tdm	24	static
C:/Users/Gothmog/Desktop/STAGE_PROGS/FP-AI-VISION1_CC/FP-AI-VISION1_V3.0.0/Drivers/BSP/Components/wm8994/wm8994_reg.c:5324:10:wm8994_aif1_control1_adcr_src	24	static
C:/Users/Gothmog/Desktop/STAGE_PROGS/FP-AI-VISION1_CC/FP-AI-VISION1_V3.0.0/Drivers/BSP/Components/wm8994/wm8994_reg.c:5349:10:wm8994_aif1_control1_adcl_src	24	static
C:/Users/Gothmog/Desktop/STAGE_PROGS/FP-AI-VISION1_CC/FP-AI-VISION1_V3.0.0/Drivers/BSP/Components/wm8994/wm8994_reg.c:5375:10:wm8994_aif1_ms_lrclk_frc	24	static
C:/Users/Gothmog/Desktop/STAGE_PROGS/FP-AI-VISION1_CC/FP-AI-VISION1_V3.0.0/Drivers/BSP/Components/wm8994/wm8994_reg.c:5401:10:wm8994_aif1_ms_clk_frc	24	static
C:/Users/Gothmog/Desktop/STAGE_PROGS/FP-AI-VISION1_CC/FP-AI-VISION1_V3.0.0/Drivers/BSP/Components/wm8994/wm8994_reg.c:5426:10:wm8994_aif1_ms_mstr	24	static
C:/Users/Gothmog/Desktop/STAGE_PROGS/FP-AI-VISION1_CC/FP-AI-VISION1_V3.0.0/Drivers/BSP/Components/wm8994/wm8994_reg.c:5451:10:wm8994_aif1_adc1_left_vol_adc1l	24	static
C:/Users/Gothmog/Desktop/STAGE_PROGS/FP-AI-VISION1_CC/FP-AI-VISION1_V3.0.0/Drivers/BSP/Components/wm8994/wm8994_reg.c:5476:10:wm8994_aif1_adc1_left_vol_adc1l_r	16	static
C:/Users/Gothmog/Desktop/STAGE_PROGS/FP-AI-VISION1_CC/FP-AI-VISION1_V3.0.0/Drivers/BSP/Components/wm8994/wm8994_reg.c:5498:10:wm8994_aif1_adc1_left_vol_vu	24	static
C:/Users/Gothmog/Desktop/STAGE_PROGS/FP-AI-VISION1_CC/FP-AI-VISION1_V3.0.0/Drivers/BSP/Components/wm8994/wm8994_reg.c:5523:10:wm8994_aif1_adc1_right_vol_adc1r	24	static
C:/Users/Gothmog/Desktop/STAGE_PROGS/FP-AI-VISION1_CC/FP-AI-VISION1_V3.0.0/Drivers/BSP/Components/wm8994/wm8994_reg.c:5548:10:wm8994_aif1_adc1_right_vol_vu	24	static
C:/Users/Gothmog/Desktop/STAGE_PROGS/FP-AI-VISION1_CC/FP-AI-VISION1_V3.0.0/Drivers/BSP/Components/wm8994/wm8994_reg.c:5573:10:wm8994_aif1_adc2_left_vol_adc2l	24	static
C:/Users/Gothmog/Desktop/STAGE_PROGS/FP-AI-VISION1_CC/FP-AI-VISION1_V3.0.0/Drivers/BSP/Components/wm8994/wm8994_reg.c:5598:10:wm8994_aif1_adc2_left_vol_vu	24	static
C:/Users/Gothmog/Desktop/STAGE_PROGS/FP-AI-VISION1_CC/FP-AI-VISION1_V3.0.0/Drivers/BSP/Components/wm8994/wm8994_reg.c:5623:10:wm8994_aif1_adc2_right_vol_adc2r	24	static
C:/Users/Gothmog/Desktop/STAGE_PROGS/FP-AI-VISION1_CC/FP-AI-VISION1_V3.0.0/Drivers/BSP/Components/wm8994/wm8994_reg.c:5648:10:wm8994_aif1_adc2_right_vol_vu	24	static
C:/Users/Gothmog/Desktop/STAGE_PROGS/FP-AI-VISION1_CC/FP-AI-VISION1_V3.0.0/Drivers/BSP/Components/wm8994/wm8994_reg.c:5674:10:wm8994_aif1_adc1_filters_adc1r_hpf	24	static
C:/Users/Gothmog/Desktop/STAGE_PROGS/FP-AI-VISION1_CC/FP-AI-VISION1_V3.0.0/Drivers/BSP/Components/wm8994/wm8994_reg.c:5700:10:wm8994_aif1_adc1_filters_adc1l_hpf	24	static
C:/Users/Gothmog/Desktop/STAGE_PROGS/FP-AI-VISION1_CC/FP-AI-VISION1_V3.0.0/Drivers/BSP/Components/wm8994/wm8994_reg.c:5726:10:wm8994_aif1_adc1_filters_hpf_cut	24	static
C:/Users/Gothmog/Desktop/STAGE_PROGS/FP-AI-VISION1_CC/FP-AI-VISION1_V3.0.0/Drivers/BSP/Components/wm8994/wm8994_reg.c:5752:10:wm8994_aif1_adc1_filters_4fs	24	static
C:/Users/Gothmog/Desktop/STAGE_PROGS/FP-AI-VISION1_CC/FP-AI-VISION1_V3.0.0/Drivers/BSP/Components/wm8994/wm8994_reg.c:5778:10:wm8994_aif1_adc2_filters_adc2r_hpf	24	static
C:/Users/Gothmog/Desktop/STAGE_PROGS/FP-AI-VISION1_CC/FP-AI-VISION1_V3.0.0/Drivers/BSP/Components/wm8994/wm8994_reg.c:5804:10:wm8994_aif1_adc2_filters_adc2l_hpf	24	static
C:/Users/Gothmog/Desktop/STAGE_PROGS/FP-AI-VISION1_CC/FP-AI-VISION1_V3.0.0/Drivers/BSP/Components/wm8994/wm8994_reg.c:5830:10:wm8994_aif1_adc2_filters_hpf_cut	24	static
C:/Users/Gothmog/Desktop/STAGE_PROGS/FP-AI-VISION1_CC/FP-AI-VISION1_V3.0.0/Drivers/BSP/Components/wm8994/wm8994_reg.c:5856:10:wm8994_aif1_adc2_filters_4fs	24	static
C:/Users/Gothmog/Desktop/STAGE_PROGS/FP-AI-VISION1_CC/FP-AI-VISION1_V3.0.0/Drivers/BSP/Components/wm8994/wm8994_reg.c:5881:10:wm8994_aif1_dac1_filter1_deemp	24	static
C:/Users/Gothmog/Desktop/STAGE_PROGS/FP-AI-VISION1_CC/FP-AI-VISION1_V3.0.0/Drivers/BSP/Components/wm8994/wm8994_reg.c:5906:10:wm8994_aif1_dac1_filter1_unmute_ramp	24	static
C:/Users/Gothmog/Desktop/STAGE_PROGS/FP-AI-VISION1_CC/FP-AI-VISION1_V3.0.0/Drivers/BSP/Components/wm8994/wm8994_reg.c:5931:10:wm8994_aif1_dac1_filter1_muterate	24	static
C:/Users/Gothmog/Desktop/STAGE_PROGS/FP-AI-VISION1_CC/FP-AI-VISION1_V3.0.0/Drivers/BSP/Components/wm8994/wm8994_reg.c:5956:10:wm8994_aif1_dac1_filter1_mono	24	static
C:/Users/Gothmog/Desktop/STAGE_PROGS/FP-AI-VISION1_CC/FP-AI-VISION1_V3.0.0/Drivers/BSP/Components/wm8994/wm8994_reg.c:5981:10:wm8994_aif1_dac1_filter1_mute	24	static
C:/Users/Gothmog/Desktop/STAGE_PROGS/FP-AI-VISION1_CC/FP-AI-VISION1_V3.0.0/Drivers/BSP/Components/wm8994/wm8994_reg.c:6006:10:wm8994_aif1_dac2_filter1_deemp	24	static
C:/Users/Gothmog/Desktop/STAGE_PROGS/FP-AI-VISION1_CC/FP-AI-VISION1_V3.0.0/Drivers/BSP/Components/wm8994/wm8994_reg.c:6031:10:wm8994_aif1_dac2_filter1_unmute_ramp	24	static
C:/Users/Gothmog/Desktop/STAGE_PROGS/FP-AI-VISION1_CC/FP-AI-VISION1_V3.0.0/Drivers/BSP/Components/wm8994/wm8994_reg.c:6056:10:wm8994_aif1_dac2_filter1_muterate	24	static
C:/Users/Gothmog/Desktop/STAGE_PROGS/FP-AI-VISION1_CC/FP-AI-VISION1_V3.0.0/Drivers/BSP/Components/wm8994/wm8994_reg.c:6081:10:wm8994_aif1_dac2_filter1_mono	24	static
C:/Users/Gothmog/Desktop/STAGE_PROGS/FP-AI-VISION1_CC/FP-AI-VISION1_V3.0.0/Drivers/BSP/Components/wm8994/wm8994_reg.c:6106:10:wm8994_aif1_dac2_filter1_mute	24	static
C:/Users/Gothmog/Desktop/STAGE_PROGS/FP-AI-VISION1_CC/FP-AI-VISION1_V3.0.0/Drivers/BSP/Components/wm8994/wm8994_reg.c:6131:10:wm8994_aif1drc1_adc1r_drc_ena	24	static
C:/Users/Gothmog/Desktop/STAGE_PROGS/FP-AI-VISION1_CC/FP-AI-VISION1_V3.0.0/Drivers/BSP/Components/wm8994/wm8994_reg.c:6156:10:wm8994_aif1drc1_adc1l_drc_ena	24	static
C:/Users/Gothmog/Desktop/STAGE_PROGS/FP-AI-VISION1_CC/FP-AI-VISION1_V3.0.0/Drivers/BSP/Components/wm8994/wm8994_reg.c:6181:10:wm8994_aif1drc1_dac1_drc_ena	24	static
C:/Users/Gothmog/Desktop/STAGE_PROGS/FP-AI-VISION1_CC/FP-AI-VISION1_V3.0.0/Drivers/BSP/Components/wm8994/wm8994_reg.c:6206:10:wm8994_aif1drc1_anticlip	24	static
C:/Users/Gothmog/Desktop/STAGE_PROGS/FP-AI-VISION1_CC/FP-AI-VISION1_V3.0.0/Drivers/BSP/Components/wm8994/wm8994_reg.c:6231:10:wm8994_aif1drc1_qr	24	static
C:/Users/Gothmog/Desktop/STAGE_PROGS/FP-AI-VISION1_CC/FP-AI-VISION1_V3.0.0/Drivers/BSP/Components/wm8994/wm8994_reg.c:6256:10:wm8994_aif1drc1_knee2_op_ena	24	static
C:/Users/Gothmog/Desktop/STAGE_PROGS/FP-AI-VISION1_CC/FP-AI-VISION1_V3.0.0/Drivers/BSP/Components/wm8994/wm8994_reg.c:6281:10:wm8994_aif1drc1_sig_det	24	static
C:/Users/Gothmog/Desktop/STAGE_PROGS/FP-AI-VISION1_CC/FP-AI-VISION1_V3.0.0/Drivers/BSP/Components/wm8994/wm8994_reg.c:6306:10:wm8994_aif1drc1_sig_det_mode	24	static
C:/Users/Gothmog/Desktop/STAGE_PROGS/FP-AI-VISION1_CC/FP-AI-VISION1_V3.0.0/Drivers/BSP/Components/wm8994/wm8994_reg.c:6331:10:wm8994_aif1drc1_ng_ena	24	static
C:/Users/Gothmog/Desktop/STAGE_PROGS/FP-AI-VISION1_CC/FP-AI-VISION1_V3.0.0/Drivers/BSP/Components/wm8994/wm8994_reg.c:6356:10:wm8994_aif1drc1_sig_det_pk	24	static
C:/Users/Gothmog/Desktop/STAGE_PROGS/FP-AI-VISION1_CC/FP-AI-VISION1_V3.0.0/Drivers/BSP/Components/wm8994/wm8994_reg.c:6381:10:wm8994_aif1drc1_sig_det_rms	24	static
C:/Users/Gothmog/Desktop/STAGE_PROGS/FP-AI-VISION1_CC/FP-AI-VISION1_V3.0.0/Drivers/BSP/Components/wm8994/wm8994_reg.c:6406:10:wm8994_aif1drc2_adc2r_drc_ena	24	static
C:/Users/Gothmog/Desktop/STAGE_PROGS/FP-AI-VISION1_CC/FP-AI-VISION1_V3.0.0/Drivers/BSP/Components/wm8994/wm8994_reg.c:6431:10:wm8994_aif1drc2_adc2l_drc_ena	24	static
C:/Users/Gothmog/Desktop/STAGE_PROGS/FP-AI-VISION1_CC/FP-AI-VISION1_V3.0.0/Drivers/BSP/Components/wm8994/wm8994_reg.c:6456:10:wm8994_aif1drc2_dac2_drc_ena	24	static
C:/Users/Gothmog/Desktop/STAGE_PROGS/FP-AI-VISION1_CC/FP-AI-VISION1_V3.0.0/Drivers/BSP/Components/wm8994/wm8994_reg.c:6481:10:wm8994_aif1drc2_anticlip	24	static
C:/Users/Gothmog/Desktop/STAGE_PROGS/FP-AI-VISION1_CC/FP-AI-VISION1_V3.0.0/Drivers/BSP/Components/wm8994/wm8994_reg.c:6506:10:wm8994_aif1drc2_qr	24	static
C:/Users/Gothmog/Desktop/STAGE_PROGS/FP-AI-VISION1_CC/FP-AI-VISION1_V3.0.0/Drivers/BSP/Components/wm8994/wm8994_reg.c:6531:10:wm8994_aif1drc2_knee2_op_ena	24	static
C:/Users/Gothmog/Desktop/STAGE_PROGS/FP-AI-VISION1_CC/FP-AI-VISION1_V3.0.0/Drivers/BSP/Components/wm8994/wm8994_reg.c:6556:10:wm8994_aif1drc2_sig_det	24	static
C:/Users/Gothmog/Desktop/STAGE_PROGS/FP-AI-VISION1_CC/FP-AI-VISION1_V3.0.0/Drivers/BSP/Components/wm8994/wm8994_reg.c:6581:10:wm8994_aif1drc2_sig_det_mode	24	static
C:/Users/Gothmog/Desktop/STAGE_PROGS/FP-AI-VISION1_CC/FP-AI-VISION1_V3.0.0/Drivers/BSP/Components/wm8994/wm8994_reg.c:6606:10:wm8994_aif1drc2_ng_ena	24	static
C:/Users/Gothmog/Desktop/STAGE_PROGS/FP-AI-VISION1_CC/FP-AI-VISION1_V3.0.0/Drivers/BSP/Components/wm8994/wm8994_reg.c:6631:10:wm8994_aif1drc2_sig_det_pk	24	static
C:/Users/Gothmog/Desktop/STAGE_PROGS/FP-AI-VISION1_CC/FP-AI-VISION1_V3.0.0/Drivers/BSP/Components/wm8994/wm8994_reg.c:6656:10:wm8994_aif1drc2_sig_det_rms	24	static
C:/Users/Gothmog/Desktop/STAGE_PROGS/FP-AI-VISION1_CC/FP-AI-VISION1_V3.0.0/Drivers/BSP/Components/wm8994/wm8994_reg.c:6681:10:wm8994_dac1_mixer_vol_adcl	24	static
C:/Users/Gothmog/Desktop/STAGE_PROGS/FP-AI-VISION1_CC/FP-AI-VISION1_V3.0.0/Drivers/BSP/Components/wm8994/wm8994_reg.c:6706:10:wm8994_dac1_mixer_vol_adcr	24	static
C:/Users/Gothmog/Desktop/STAGE_PROGS/FP-AI-VISION1_CC/FP-AI-VISION1_V3.0.0/Drivers/BSP/Components/wm8994/wm8994_reg.c:6731:10:wm8994_aif1_dac1_lmrdac1l_to_dac1l	24	static
C:/Users/Gothmog/Desktop/STAGE_PROGS/FP-AI-VISION1_CC/FP-AI-VISION1_V3.0.0/Drivers/BSP/Components/wm8994/wm8994_reg.c:6756:10:wm8994_aif1_dac1_lmrdac2l_to_dac1l	24	static
C:/Users/Gothmog/Desktop/STAGE_PROGS/FP-AI-VISION1_CC/FP-AI-VISION1_V3.0.0/Drivers/BSP/Components/wm8994/wm8994_reg.c:6781:10:wm8994_aif1_dac1_lmrdacl_to_dac1l	24	static
C:/Users/Gothmog/Desktop/STAGE_PROGS/FP-AI-VISION1_CC/FP-AI-VISION1_V3.0.0/Drivers/BSP/Components/wm8994/wm8994_reg.c:6806:10:wm8994_aif1_dac1_lmradcl_to_dac1l	24	static
C:/Users/Gothmog/Desktop/STAGE_PROGS/FP-AI-VISION1_CC/FP-AI-VISION1_V3.0.0/Drivers/BSP/Components/wm8994/wm8994_reg.c:6831:10:wm8994_aif1_dac1_lmradcr_to_dac1l	24	static
C:/Users/Gothmog/Desktop/STAGE_PROGS/FP-AI-VISION1_CC/FP-AI-VISION1_V3.0.0/Drivers/BSP/Components/wm8994/wm8994_reg.c:6856:10:wm8994_aif1_dac1_rmrdac1r_to_dac1r	24	static
C:/Users/Gothmog/Desktop/STAGE_PROGS/FP-AI-VISION1_CC/FP-AI-VISION1_V3.0.0/Drivers/BSP/Components/wm8994/wm8994_reg.c:6881:10:wm8994_aif1_dac1_rmrdac2r_to_dac1r	24	static
C:/Users/Gothmog/Desktop/STAGE_PROGS/FP-AI-VISION1_CC/FP-AI-VISION1_V3.0.0/Drivers/BSP/Components/wm8994/wm8994_reg.c:6906:10:wm8994_aif1_dac1_rmrdacr_to_dac1r	24	static
C:/Users/Gothmog/Desktop/STAGE_PROGS/FP-AI-VISION1_CC/FP-AI-VISION1_V3.0.0/Drivers/BSP/Components/wm8994/wm8994_reg.c:6931:10:wm8994_aif1_dac1_rmradcl_to_dac1r	24	static
C:/Users/Gothmog/Desktop/STAGE_PROGS/FP-AI-VISION1_CC/FP-AI-VISION1_V3.0.0/Drivers/BSP/Components/wm8994/wm8994_reg.c:6956:10:wm8994_aif1_dac1_rmradcr_to_dac1r	24	static
C:/Users/Gothmog/Desktop/STAGE_PROGS/FP-AI-VISION1_CC/FP-AI-VISION1_V3.0.0/Drivers/BSP/Components/wm8994/wm8994_reg.c:6981:10:wm8994_aif1_dac2_lmrdac1l_to_dac2l	24	static
C:/Users/Gothmog/Desktop/STAGE_PROGS/FP-AI-VISION1_CC/FP-AI-VISION1_V3.0.0/Drivers/BSP/Components/wm8994/wm8994_reg.c:7006:10:wm8994_aif1_dac2_lmrdac2l_to_dac2l	24	static
C:/Users/Gothmog/Desktop/STAGE_PROGS/FP-AI-VISION1_CC/FP-AI-VISION1_V3.0.0/Drivers/BSP/Components/wm8994/wm8994_reg.c:7031:10:wm8994_aif1_dac2_lmrdacl_to_dac2l	24	static
C:/Users/Gothmog/Desktop/STAGE_PROGS/FP-AI-VISION1_CC/FP-AI-VISION1_V3.0.0/Drivers/BSP/Components/wm8994/wm8994_reg.c:7056:10:wm8994_aif1_dac2_lmradcl_to_dac2l	24	static
C:/Users/Gothmog/Desktop/STAGE_PROGS/FP-AI-VISION1_CC/FP-AI-VISION1_V3.0.0/Drivers/BSP/Components/wm8994/wm8994_reg.c:7081:10:wm8994_aif1_dac2_lmradcr_to_dac2l	24	static
C:/Users/Gothmog/Desktop/STAGE_PROGS/FP-AI-VISION1_CC/FP-AI-VISION1_V3.0.0/Drivers/BSP/Components/wm8994/wm8994_reg.c:7106:10:wm8994_aif1_dac2_rmrdac1r_to_dac2r	24	static
C:/Users/Gothmog/Desktop/STAGE_PROGS/FP-AI-VISION1_CC/FP-AI-VISION1_V3.0.0/Drivers/BSP/Components/wm8994/wm8994_reg.c:7131:10:wm8994_aif1_dac2_rmrdac2r_to_dac2r	24	static
C:/Users/Gothmog/Desktop/STAGE_PROGS/FP-AI-VISION1_CC/FP-AI-VISION1_V3.0.0/Drivers/BSP/Components/wm8994/wm8994_reg.c:7156:10:wm8994_aif1_dac2_rmrdacr_to_dac2r	24	static
C:/Users/Gothmog/Desktop/STAGE_PROGS/FP-AI-VISION1_CC/FP-AI-VISION1_V3.0.0/Drivers/BSP/Components/wm8994/wm8994_reg.c:7181:10:wm8994_aif1_dac2_rmradcl_to_dac2r	24	static
C:/Users/Gothmog/Desktop/STAGE_PROGS/FP-AI-VISION1_CC/FP-AI-VISION1_V3.0.0/Drivers/BSP/Components/wm8994/wm8994_reg.c:7206:10:wm8994_aif1_dac2_rmradcr_to_dac2r	24	static
C:/Users/Gothmog/Desktop/STAGE_PROGS/FP-AI-VISION1_CC/FP-AI-VISION1_V3.0.0/Drivers/BSP/Components/wm8994/wm8994_reg.c:7231:10:wm8994_adc1lmr_aif2dacl_to_aif1adc1l	24	static
C:/Users/Gothmog/Desktop/STAGE_PROGS/FP-AI-VISION1_CC/FP-AI-VISION1_V3.0.0/Drivers/BSP/Components/wm8994/wm8994_reg.c:7256:10:wm8994_adc1lmr_adc1l_to_aif1adc1l	24	static
C:/Users/Gothmog/Desktop/STAGE_PROGS/FP-AI-VISION1_CC/FP-AI-VISION1_V3.0.0/Drivers/BSP/Components/wm8994/wm8994_reg.c:7281:10:wm8994_adc1rmr_aif2dacl_to_aif1adc1r	24	static
C:/Users/Gothmog/Desktop/STAGE_PROGS/FP-AI-VISION1_CC/FP-AI-VISION1_V3.0.0/Drivers/BSP/Components/wm8994/wm8994_reg.c:7306:10:wm8994_adc1rmr_adc1r_to_aif1adc1r	24	static
C:/Users/Gothmog/Desktop/STAGE_PROGS/FP-AI-VISION1_CC/FP-AI-VISION1_V3.0.0/Drivers/BSP/Components/wm8994/wm8994_reg.c:7331:10:wm8994_adc2lmr_aif2dacl_to_aif1adc2l	24	static
C:/Users/Gothmog/Desktop/STAGE_PROGS/FP-AI-VISION1_CC/FP-AI-VISION1_V3.0.0/Drivers/BSP/Components/wm8994/wm8994_reg.c:7356:10:wm8994_adc2lmr_adc2l_to_aif1adc2l	24	static
C:/Users/Gothmog/Desktop/STAGE_PROGS/FP-AI-VISION1_CC/FP-AI-VISION1_V3.0.0/Drivers/BSP/Components/wm8994/wm8994_reg.c:7381:10:wm8994_adc2rmr_aif2dacl_to_aif1adc2r	24	static
C:/Users/Gothmog/Desktop/STAGE_PROGS/FP-AI-VISION1_CC/FP-AI-VISION1_V3.0.0/Drivers/BSP/Components/wm8994/wm8994_reg.c:7406:10:wm8994_adc2rmr_adc2r_to_aif1adc2r	24	static
C:/Users/Gothmog/Desktop/STAGE_PROGS/FP-AI-VISION1_CC/FP-AI-VISION1_V3.0.0/Drivers/BSP/Components/wm8994/wm8994_reg.c:7431:10:wm8994_dac1_left_vol_vset	24	static
C:/Users/Gothmog/Desktop/STAGE_PROGS/FP-AI-VISION1_CC/FP-AI-VISION1_V3.0.0/Drivers/BSP/Components/wm8994/wm8994_reg.c:7456:10:wm8994_dac1_left_vol_vu	24	static
C:/Users/Gothmog/Desktop/STAGE_PROGS/FP-AI-VISION1_CC/FP-AI-VISION1_V3.0.0/Drivers/BSP/Components/wm8994/wm8994_reg.c:7481:10:wm8994_dac1_left_vol_mute	24	static
C:/Users/Gothmog/Desktop/STAGE_PROGS/FP-AI-VISION1_CC/FP-AI-VISION1_V3.0.0/Drivers/BSP/Components/wm8994/wm8994_reg.c:7506:10:wm8994_dac1_right_vol_vset	24	static
C:/Users/Gothmog/Desktop/STAGE_PROGS/FP-AI-VISION1_CC/FP-AI-VISION1_V3.0.0/Drivers/BSP/Components/wm8994/wm8994_reg.c:7531:10:wm8994_dac1_right_vol_vu	24	static
C:/Users/Gothmog/Desktop/STAGE_PROGS/FP-AI-VISION1_CC/FP-AI-VISION1_V3.0.0/Drivers/BSP/Components/wm8994/wm8994_reg.c:7556:10:wm8994_dac1_right_vol_mute	24	static
C:/Users/Gothmog/Desktop/STAGE_PROGS/FP-AI-VISION1_CC/FP-AI-VISION1_V3.0.0/Drivers/BSP/Components/wm8994/wm8994_reg.c:7581:10:wm8994_dac2_left_vol_vset	24	static
C:/Users/Gothmog/Desktop/STAGE_PROGS/FP-AI-VISION1_CC/FP-AI-VISION1_V3.0.0/Drivers/BSP/Components/wm8994/wm8994_reg.c:7606:10:wm8994_dac2_left_vol_vu	24	static
C:/Users/Gothmog/Desktop/STAGE_PROGS/FP-AI-VISION1_CC/FP-AI-VISION1_V3.0.0/Drivers/BSP/Components/wm8994/wm8994_reg.c:7631:10:wm8994_dac2_left_vol_mute	24	static
C:/Users/Gothmog/Desktop/STAGE_PROGS/FP-AI-VISION1_CC/FP-AI-VISION1_V3.0.0/Drivers/BSP/Components/wm8994/wm8994_reg.c:7656:10:wm8994_dac2_right_vol_vset	24	static
C:/Users/Gothmog/Desktop/STAGE_PROGS/FP-AI-VISION1_CC/FP-AI-VISION1_V3.0.0/Drivers/BSP/Components/wm8994/wm8994_reg.c:7681:10:wm8994_dac2_right_vol_vu	24	static
C:/Users/Gothmog/Desktop/STAGE_PROGS/FP-AI-VISION1_CC/FP-AI-VISION1_V3.0.0/Drivers/BSP/Components/wm8994/wm8994_reg.c:7706:10:wm8994_dac2_right_vol_mute	24	static
C:/Users/Gothmog/Desktop/STAGE_PROGS/FP-AI-VISION1_CC/FP-AI-VISION1_V3.0.0/Drivers/BSP/Components/wm8994/wm8994_reg.c:7731:10:wm8994_oversampling_dac_osr128	24	static
C:/Users/Gothmog/Desktop/STAGE_PROGS/FP-AI-VISION1_CC/FP-AI-VISION1_V3.0.0/Drivers/BSP/Components/wm8994/wm8994_reg.c:7756:10:wm8994_oversampling_adc_osr128	24	static
C:/Users/Gothmog/Desktop/STAGE_PROGS/FP-AI-VISION1_CC/FP-AI-VISION1_V3.0.0/Drivers/BSP/Components/wm8994/wm8994_reg.c:7781:10:wm8994_gpio1_gp1_fn	24	static
C:/Users/Gothmog/Desktop/STAGE_PROGS/FP-AI-VISION1_CC/FP-AI-VISION1_V3.0.0/Drivers/BSP/Components/wm8994/wm8994_reg.c:7806:10:wm8994_gpio1_gp1_lvl	24	static
C:/Users/Gothmog/Desktop/STAGE_PROGS/FP-AI-VISION1_CC/FP-AI-VISION1_V3.0.0/Drivers/BSP/Components/wm8994/wm8994_reg.c:7831:10:wm8994_gpio1_gp1_db	24	static
C:/Users/Gothmog/Desktop/STAGE_PROGS/FP-AI-VISION1_CC/FP-AI-VISION1_V3.0.0/Drivers/BSP/Components/wm8994/wm8994_reg.c:7856:10:wm8994_gpio1_gp1_op_cfg	24	static
C:/Users/Gothmog/Desktop/STAGE_PROGS/FP-AI-VISION1_CC/FP-AI-VISION1_V3.0.0/Drivers/BSP/Components/wm8994/wm8994_reg.c:7881:10:wm8994_gpio1_gp1_pol	24	static
C:/Users/Gothmog/Desktop/STAGE_PROGS/FP-AI-VISION1_CC/FP-AI-VISION1_V3.0.0/Drivers/BSP/Components/wm8994/wm8994_reg.c:7906:10:wm8994_gpio1_gp1_pd	24	static
C:/Users/Gothmog/Desktop/STAGE_PROGS/FP-AI-VISION1_CC/FP-AI-VISION1_V3.0.0/Drivers/BSP/Components/wm8994/wm8994_reg.c:7931:10:wm8994_gpio1_gp1_pu	24	static
C:/Users/Gothmog/Desktop/STAGE_PROGS/FP-AI-VISION1_CC/FP-AI-VISION1_V3.0.0/Drivers/BSP/Components/wm8994/wm8994_reg.c:7956:10:wm8994_gpio1_gp1_dir	24	static
