C:/Users/Gothmog/Desktop/STAGE_PROGS/FP-AI-VISION1_CC/FP-AI-VISION1_V3.0.0/Drivers/BSP/Components/wm8994/wm8994.c:1386:16:WM8994_ReadRegWrap	4	static
C:/Users/Gothmog/Desktop/STAGE_PROGS/FP-AI-VISION1_CC/FP-AI-VISION1_V3.0.0/Drivers/BSP/Components/wm8994/wm8994.c:1401:16:WM8994_WriteRegWrap	4	static
C:/Users/Gothmog/Desktop/STAGE_PROGS/FP-AI-VISION1_CC/FP-AI-VISION1_V3.0.0/Drivers/BSP/Components/wm8994/wm8994.c:877:9:WM8994_SetMute	24	static
C:/Users/Gothmog/Desktop/STAGE_PROGS/FP-AI-VISION1_CC/FP-AI-VISION1_V3.0.0/Drivers/BSP/Components/wm8994/wm8994.c:918:9:WM8994_SetOutputMode	40	static
C:/Users/Gothmog/Desktop/STAGE_PROGS/FP-AI-VISION1_CC/FP-AI-VISION1_V3.0.0/Drivers/BSP/Components/wm8994/wm8994.c:1192:9:WM8994_SetFrequency	16	static
C:/Users/Gothmog/Desktop/STAGE_PROGS/FP-AI-VISION1_CC/FP-AI-VISION1_V3.0.0/Drivers/BSP/Components/wm8994/wm8994.c:623:9:WM8994_ReadID	24	static
C:/Users/Gothmog/Desktop/STAGE_PROGS/FP-AI-VISION1_CC/FP-AI-VISION1_V3.0.0/Drivers/BSP/Components/wm8994/wm8994.c:1093:9:WM8994_SetResolution	8	static
C:/Users/Gothmog/Desktop/STAGE_PROGS/FP-AI-VISION1_CC/FP-AI-VISION1_V3.0.0/Drivers/BSP/Components/wm8994/wm8994.c:1110:9:WM8994_GetResolution	16	static
C:/Users/Gothmog/Desktop/STAGE_PROGS/FP-AI-VISION1_CC/FP-AI-VISION1_V3.0.0/Drivers/BSP/Components/wm8994/wm8994.c:1152:9:WM8994_SetProtocol	8	static
C:/Users/Gothmog/Desktop/STAGE_PROGS/FP-AI-VISION1_CC/FP-AI-VISION1_V3.0.0/Drivers/BSP/Components/wm8994/wm8994.c:1169:9:WM8994_GetProtocol	16	static
C:/Users/Gothmog/Desktop/STAGE_PROGS/FP-AI-VISION1_CC/FP-AI-VISION1_V3.0.0/Drivers/BSP/Components/wm8994/wm8994.c:1258:9:WM8994_GetFrequency	16	static
C:/Users/Gothmog/Desktop/STAGE_PROGS/FP-AI-VISION1_CC/FP-AI-VISION1_V3.0.0/Drivers/BSP/Components/wm8994/wm8994.c:1308:9:WM8994_Reset	8	static
C:/Users/Gothmog/Desktop/STAGE_PROGS/FP-AI-VISION1_CC/FP-AI-VISION1_V3.0.0/Drivers/BSP/Components/wm8994/wm8994.c:838:9:WM8994_GetVolume	16	static
C:/Users/Gothmog/Desktop/STAGE_PROGS/FP-AI-VISION1_CC/FP-AI-VISION1_V3.0.0/Drivers/BSP/Components/wm8994/wm8994.c:644:9:WM8994_Play	16	static
C:/Users/Gothmog/Desktop/STAGE_PROGS/FP-AI-VISION1_CC/FP-AI-VISION1_V3.0.0/Drivers/BSP/Components/wm8994/wm8994.c:684:9:WM8994_Resume	16	static
C:/Users/Gothmog/Desktop/STAGE_PROGS/FP-AI-VISION1_CC/FP-AI-VISION1_V3.0.0/Drivers/BSP/Components/wm8994/wm8994.c:656:9:WM8994_Pause	24	static
C:/Users/Gothmog/Desktop/STAGE_PROGS/FP-AI-VISION1_CC/FP-AI-VISION1_V3.0.0/Drivers/BSP/Components/wm8994/wm8994.c:704:9:WM8994_Stop	32	static
C:/Users/Gothmog/Desktop/STAGE_PROGS/FP-AI-VISION1_CC/FP-AI-VISION1_V3.0.0/Drivers/BSP/Components/wm8994/wm8994.c:611:9:WM8994_DeInit	32	static
C:/Users/Gothmog/Desktop/STAGE_PROGS/FP-AI-VISION1_CC/FP-AI-VISION1_V3.0.0/Drivers/BSP/Components/wm8994/wm8994.c:755:9:WM8994_SetVolume	32	static
C:/Users/Gothmog/Desktop/STAGE_PROGS/FP-AI-VISION1_CC/FP-AI-VISION1_V3.0.0/Drivers/BSP/Components/wm8994/wm8994.c:88:9:WM8994_Init	56	static
C:/Users/Gothmog/Desktop/STAGE_PROGS/FP-AI-VISION1_CC/FP-AI-VISION1_V3.0.0/Drivers/BSP/Components/wm8994/wm8994.c:1327:9:WM8994_RegisterBusIO	4	static
