C:/Users/Gothmog/Desktop/STAGE_PROGS/FP-AI-VISION1_CC/FP-AI-VISION1_V3.0.0/Middlewares/Third_Party/FatFs/src/ff.c:808:6:inc_lock	20	static
C:/Users/Gothmog/Desktop/STAGE_PROGS/FP-AI-VISION1_CC/FP-AI-VISION1_V3.0.0/Middlewares/Third_Party/FatFs/src/ff.c:2444:6:get_fileinfo	32	static
C:/Users/Gothmog/Desktop/STAGE_PROGS/FP-AI-VISION1_CC/FP-AI-VISION1_V3.0.0/Middlewares/Third_Party/FatFs/src/ff.c:2965:6:check_fs	16	static
C:/Users/Gothmog/Desktop/STAGE_PROGS/FP-AI-VISION1_CC/FP-AI-VISION1_V3.0.0/Middlewares/Third_Party/FatFs/src/ff.c:912:9:move_window.part.0	32	static
C:/Users/Gothmog/Desktop/STAGE_PROGS/FP-AI-VISION1_CC/FP-AI-VISION1_V3.0.0/Middlewares/Third_Party/FatFs/src/ff.c:2993:9:find_volume	24	static
C:/Users/Gothmog/Desktop/STAGE_PROGS/FP-AI-VISION1_CC/FP-AI-VISION1_V3.0.0/Middlewares/Third_Party/FatFs/src/ff.c:1081:9:put_fat.part.0	32	static
C:/Users/Gothmog/Desktop/STAGE_PROGS/FP-AI-VISION1_CC/FP-AI-VISION1_V3.0.0/Middlewares/Third_Party/FatFs/src/ff.c:1001:7:get_fat.isra	24	static
C:/Users/Gothmog/Desktop/STAGE_PROGS/FP-AI-VISION1_CC/FP-AI-VISION1_V3.0.0/Middlewares/Third_Party/FatFs/src/ff.c:1519:9:dir_next.constprop	24	static
C:/Users/Gothmog/Desktop/STAGE_PROGS/FP-AI-VISION1_CC/FP-AI-VISION1_V3.0.0/Middlewares/Third_Party/FatFs/src/ff.c:2131:9:dir_read.constprop	48	static
C:/Users/Gothmog/Desktop/STAGE_PROGS/FP-AI-VISION1_CC/FP-AI-VISION1_V3.0.0/Middlewares/Third_Party/FatFs/src/ff.c:944:9:sync_fs	24	static
C:/Users/Gothmog/Desktop/STAGE_PROGS/FP-AI-VISION1_CC/FP-AI-VISION1_V3.0.0/Middlewares/Third_Party/FatFs/src/ff.c:1351:7:create_chain	40	static
C:/Users/Gothmog/Desktop/STAGE_PROGS/FP-AI-VISION1_CC/FP-AI-VISION1_V3.0.0/Middlewares/Third_Party/FatFs/src/ff.c:1470:9:dir_sdi	40	static
C:/Users/Gothmog/Desktop/STAGE_PROGS/FP-AI-VISION1_CC/FP-AI-VISION1_V3.0.0/Middlewares/Third_Party/FatFs/src/ff.c:2396:9:dir_remove	48	static
C:/Users/Gothmog/Desktop/STAGE_PROGS/FP-AI-VISION1_CC/FP-AI-VISION1_V3.0.0/Middlewares/Third_Party/FatFs/src/ff.c:2210:9:dir_find	56	static
C:/Users/Gothmog/Desktop/STAGE_PROGS/FP-AI-VISION1_CC/FP-AI-VISION1_V3.0.0/Middlewares/Third_Party/FatFs/src/ff.c:2813:9:follow_path	48	static
C:/Users/Gothmog/Desktop/STAGE_PROGS/FP-AI-VISION1_CC/FP-AI-VISION1_V3.0.0/Middlewares/Third_Party/FatFs/src/ff.c:1271:9:remove_chain	32	static
C:/Users/Gothmog/Desktop/STAGE_PROGS/FP-AI-VISION1_CC/FP-AI-VISION1_V3.0.0/Middlewares/Third_Party/FatFs/src/ff.c:2292:9:dir_register	112	static
C:/Users/Gothmog/Desktop/STAGE_PROGS/FP-AI-VISION1_CC/FP-AI-VISION1_V3.0.0/Middlewares/Third_Party/FatFs/src/ff.c:3260:9:f_mount	16	static
C:/Users/Gothmog/Desktop/STAGE_PROGS/FP-AI-VISION1_CC/FP-AI-VISION1_V3.0.0/Middlewares/Third_Party/FatFs/src/ff.c:3308:9:f_open	104	static
C:/Users/Gothmog/Desktop/STAGE_PROGS/FP-AI-VISION1_CC/FP-AI-VISION1_V3.0.0/Middlewares/Third_Party/FatFs/src/ff.c:3511:9:f_read	56	static
C:/Users/Gothmog/Desktop/STAGE_PROGS/FP-AI-VISION1_CC/FP-AI-VISION1_V3.0.0/Middlewares/Third_Party/FatFs/src/ff.c:3611:9:f_write	56	static
C:/Users/Gothmog/Desktop/STAGE_PROGS/FP-AI-VISION1_CC/FP-AI-VISION1_V3.0.0/Middlewares/Third_Party/FatFs/src/ff.c:3732:9:f_sync	16	static
C:/Users/Gothmog/Desktop/STAGE_PROGS/FP-AI-VISION1_CC/FP-AI-VISION1_V3.0.0/Middlewares/Third_Party/FatFs/src/ff.c:3813:9:f_close	16	static
C:/Users/Gothmog/Desktop/STAGE_PROGS/FP-AI-VISION1_CC/FP-AI-VISION1_V3.0.0/Middlewares/Third_Party/FatFs/src/ff.c:4001:9:f_lseek	64	static
C:/Users/Gothmog/Desktop/STAGE_PROGS/FP-AI-VISION1_CC/FP-AI-VISION1_V3.0.0/Middlewares/Third_Party/FatFs/src/ff.c:4162:9:f_opendir	32	static
C:/Users/Gothmog/Desktop/STAGE_PROGS/FP-AI-VISION1_CC/FP-AI-VISION1_V3.0.0/Middlewares/Third_Party/FatFs/src/ff.c:4232:9:f_closedir	8	static
C:/Users/Gothmog/Desktop/STAGE_PROGS/FP-AI-VISION1_CC/FP-AI-VISION1_V3.0.0/Middlewares/Third_Party/FatFs/src/ff.c:4265:9:f_readdir	24	static
C:/Users/Gothmog/Desktop/STAGE_PROGS/FP-AI-VISION1_CC/FP-AI-VISION1_V3.0.0/Middlewares/Third_Party/FatFs/src/ff.c:4353:9:f_stat	80	static
C:/Users/Gothmog/Desktop/STAGE_PROGS/FP-AI-VISION1_CC/FP-AI-VISION1_V3.0.0/Middlewares/Third_Party/FatFs/src/ff.c:4388:9:f_getfree	48	static
C:/Users/Gothmog/Desktop/STAGE_PROGS/FP-AI-VISION1_CC/FP-AI-VISION1_V3.0.0/Middlewares/Third_Party/FatFs/src/ff.c:4475:9:f_truncate	16	static
C:/Users/Gothmog/Desktop/STAGE_PROGS/FP-AI-VISION1_CC/FP-AI-VISION1_V3.0.0/Middlewares/Third_Party/FatFs/src/ff.c:4525:9:f_unlink	136	static
C:/Users/Gothmog/Desktop/STAGE_PROGS/FP-AI-VISION1_CC/FP-AI-VISION1_V3.0.0/Middlewares/Third_Party/FatFs/src/ff.c:4620:9:f_mkdir	128	static
C:/Users/Gothmog/Desktop/STAGE_PROGS/FP-AI-VISION1_CC/FP-AI-VISION1_V3.0.0/Middlewares/Third_Party/FatFs/src/ff.c:4717:9:f_rename	168	static
C:/Users/Gothmog/Desktop/STAGE_PROGS/FP-AI-VISION1_CC/FP-AI-VISION1_V3.0.0/Middlewares/Third_Party/FatFs/src/ff.c:5830:8:f_gets	40	static
C:/Users/Gothmog/Desktop/STAGE_PROGS/FP-AI-VISION1_CC/FP-AI-VISION1_V3.0.0/Middlewares/Third_Party/FatFs/src/ff.c:5998:5:f_putc	24	static
C:/Users/Gothmog/Desktop/STAGE_PROGS/FP-AI-VISION1_CC/FP-AI-VISION1_V3.0.0/Middlewares/Third_Party/FatFs/src/ff.c:6018:5:f_puts	96	static
C:/Users/Gothmog/Desktop/STAGE_PROGS/FP-AI-VISION1_CC/FP-AI-VISION1_V3.0.0/Middlewares/Third_Party/FatFs/src/ff.c:6038:5:f_printf	164	static
