stm32h747i_discovery.c:137:9:BSP_GetVersion	0	static
stm32h747i_discovery.c:146:16:BSP_GetBoardName	0	static
stm32h747i_discovery.c:155:16:BSP_GetBoardID	0	static
stm32h747i_discovery.c:170:10:BSP_LED_Init	48	static
stm32h747i_discovery.c:201:10:BSP_LED_DeInit	16	static
stm32h747i_discovery.c:224:10:BSP_LED_On	8	static
stm32h747i_discovery.c:242:10:BSP_LED_Off	8	static
stm32h747i_discovery.c:259:10:BSP_LED_Toggle	8	static
stm32h747i_discovery.c:275:9:BSP_LED_GetState	8	static
stm32h747i_discovery.c:293:10:BSP_PB_Init	40	static
stm32h747i_discovery.c:336:10:BSP_PB_DeInit	8	static
stm32h747i_discovery.c:354:10:BSP_PB_GetState	8	static
stm32h747i_discovery.c:364:6:BSP_PB_IRQHandler	0	static
stm32h747i_discovery.c:382:13:BSP_PB_Callback	0	static
stm32h747i_discovery.c:373:13:BUTTON_WAKEUP_EXTI_Callback	8	static
stm32h747i_discovery.c:599:9:BSP_JOY_Init	80	static
stm32h747i_discovery.c:696:9:BSP_JOY_DeInit	16	static
stm32h747i_discovery.c:753:9:BSP_JOY_GetState	16	static
stm32h747i_discovery.c:784:6:BSP_JOY_IRQHandler	0	static,ignoring_inline_asm
stm32h747i_discovery.c:798:13:BSP_JOY_Callback	0	static
stm32h747i_discovery.c:818:13:JOY1_UP_EXTI_Callback	8	static
stm32h747i_discovery.c:854:13:JOY1_RIGHT_EXTI_Callback	8	static
stm32h747i_discovery.c:845:13:JOY1_LEFT_EXTI_Callback	8	static
stm32h747i_discovery.c:827:13:JOY1_DOWN_EXTI_Callback	8	static
stm32h747i_discovery.c:836:13:JOY1_SEL_EXTI_Callback	8	static
