stm32h747i_discovery_qspi.c:218:9:BSP_QSPI_DeInit	32	static
stm32h747i_discovery_qspi.c:267:26:MX_QSPI_Init	12	static
stm32h747i_discovery_qspi.c:133:9:BSP_QSPI_Init	192	static,ignoring_inline_asm
stm32h747i_discovery_qspi.c:365:9:BSP_QSPI_Read	16	static
stm32h747i_discovery_qspi.c:404:9:BSP_QSPI_Write	40	static
stm32h747i_discovery_qspi.c:474:9:BSP_QSPI_EraseBlock	16	static
stm32h747i_discovery_qspi.c:513:9:BSP_QSPI_EraseChip	8	static
stm32h747i_discovery_qspi.c:553:9:BSP_QSPI_GetStatus	16	static
stm32h747i_discovery_qspi.c:589:9:BSP_QSPI_GetInfo	8	static
stm32h747i_discovery_qspi.c:613:9:BSP_QSPI_EnableMemoryMappedMode	8	static
stm32h747i_discovery_qspi.c:658:9:BSP_QSPI_DisableMemoryMappedMode	32	static
stm32h747i_discovery_qspi.c:709:9:BSP_QSPI_ReadID	8	static
stm32h747i_discovery_qspi.c:739:9:BSP_QSPI_ConfigFlash	24	static
