stm32_lcd.c:1016:13:FillTriangle	112	static
stm32_lcd.c:166:6:UTIL_LCD_SetFuncDriver	24	static
stm32_lcd.c:191:6:UTIL_LCD_SetLayer	16	static
stm32_lcd.c:206:6:UTIL_LCD_SetDevice	16	static
stm32_lcd.c:217:6:UTIL_LCD_SetTextColor	0	static
stm32_lcd.c:226:10:UTIL_LCD_GetTextColor	0	static
stm32_lcd.c:235:6:UTIL_LCD_SetBackColor	0	static
stm32_lcd.c:244:10:UTIL_LCD_GetBackColor	0	static
stm32_lcd.c:253:6:UTIL_LCD_SetFont	0	static
stm32_lcd.c:262:8:UTIL_LCD_GetFont	0	static
stm32_lcd.c:274:6:UTIL_LCD_FillRGBRect	24	static
stm32_lcd.c:287:6:UTIL_LCD_DrawHLine	32	static
stm32_lcd.c:307:6:UTIL_LCD_DrawVLine	32	static
stm32_lcd.c:326:6:UTIL_LCD_GetPixel	16	static
stm32_lcd.c:342:6:UTIL_LCD_SetPixel	16	static
stm32_lcd.c:359:6:UTIL_LCD_Clear	24	static
stm32_lcd.c:369:6:UTIL_LCD_ClearStringLine	32	static
stm32_lcd.c:382:6:UTIL_LCD_DisplayChar	216	static
stm32_lcd.c:399:6:UTIL_LCD_DisplayStringAt	24	static
stm32_lcd.c:460:6:UTIL_LCD_DisplayStringAtLine	24	static
stm32_lcd.c:473:6:UTIL_LCD_DrawLine	64	static
stm32_lcd.c:552:6:UTIL_LCD_DrawRect	48	static
stm32_lcd.c:570:6:UTIL_LCD_DrawCircle	56	static
stm32_lcd.c:649:6:UTIL_LCD_DrawPolygon	80	static
stm32_lcd.c:677:6:UTIL_LCD_DrawEllipse	72	static
stm32_lcd.c:713:6:UTIL_LCD_DrawBitmap	8	static
stm32_lcd.c:726:6:UTIL_LCD_FillRect	32	static
stm32_lcd.c:746:6:UTIL_LCD_FillCircle	64	static
stm32_lcd.c:807:6:UTIL_LCD_FillPolygon	80	static
stm32_lcd.c:911:6:UTIL_LCD_FillEllipse	64	static
